host=pool0-0321 cuda_visible=0 commit=8e9e25ee dirty=0
backend_param,efa_proxy_test_put_imm=1
backend_param,device_proxy=true
backend_param,proxy_channel_count=1
backend_param,proxy_thread_count=1
backend_param,efa_proxy_ordering=sender
backend_param,proxy_max_peers=1
backend,LIBFABRIC
pipeline_window,32
pipeline_channels,1
proxy_workers,1
engine_progress_thread,1
ordering_rounds,0
minimum_size,1
put_only,1
counter_memory,gpu
device_proxy,1
host_xfer,0
test,size_B,trial,iterations,mean_us,payload_Gbit_s
HOST-concurrent,1048576,1,6096,47.7531,175.666
PUT-pipelined,65536,1,32768,8.88251,59.0248
gpu-enqueue,PUT-pipelined,65536,1,2.79068us/op
HOST-concurrent,1048576,2,6384,43.0443,194.883
PUT-pipelined,65536,2,32768,8.37606,62.5936
gpu-enqueue,PUT-pipelined,65536,2,2.79172us/op
HOST-concurrent,1048576,3,6344,43.1545,194.385
PUT-pipelined,65536,3,32768,8.34521,62.825
gpu-enqueue,PUT-pipelined,65536,3,2.80051us/op
