host=pool0-0321 cuda_visible=0 commit=8e9e25ee dirty=0
backend_param,efa_proxy_test_put_imm=1
backend_param,device_proxy=true
backend_param,proxy_channel_count=1
backend_param,proxy_thread_count=1
backend_param,efa_proxy_ordering=sender
backend_param,proxy_max_peers=1
backend,LIBFABRIC
pipeline_window,32
pipeline_channels,1
proxy_workers,1
engine_progress_thread,1
ordering_rounds,0
minimum_size,1
put_only,1
counter_memory,gpu
device_proxy,1
host_xfer,0
test,size_B,trial,iterations,mean_us,payload_Gbit_s
HOST-concurrent,1048576,1,50408,42.3605,198.029
PUT-pipelined,7168,1,299593,7.1274,8.04557
gpu-enqueue,PUT-pipelined,7168,1,2.83077us/op
HOST-concurrent,1048576,2,51064,41.5092,202.091
PUT-pipelined,7168,2,299593,7.07414,8.10615
gpu-enqueue,PUT-pipelined,7168,2,2.81812us/op
HOST-concurrent,1048576,3,52536,41.7054,201.14
PUT-pipelined,7168,3,299593,7.31254,7.84188
gpu-enqueue,PUT-pipelined,7168,3,2.8382us/op
