host=pool0-0321 cuda_visible=0 commit=8e9e25ee dirty=0
backend_param,efa_proxy_test_put_imm=1
backend_param,device_proxy=true
backend_param,proxy_channel_count=4
backend_param,proxy_thread_count=4
backend_param,efa_proxy_ordering=sender
backend_param,proxy_max_peers=1
backend,LIBFABRIC
pipeline_window,32
pipeline_channels,4
proxy_workers,4
engine_progress_thread,1
ordering_rounds,0
minimum_size,1
put_only,1
counter_memory,gpu
device_proxy,1
host_xfer,0
test,size_B,trial,iterations,mean_us,payload_Gbit_s
PUT-pipelined,4096,1,524288,1.73051,18.9354
gpu-enqueue,PUT-pipelined,4096,1,3.05311us/op
PUT-pipelined,4096,2,524288,1.72795,18.9635
gpu-enqueue,PUT-pipelined,4096,2,3.05618us/op
PUT-pipelined,4096,3,524288,1.73063,18.9341
gpu-enqueue,PUT-pipelined,4096,3,3.05511us/op
