host=pool0-0321 cuda_visible=0 commit=8e9e25ee dirty=0
backend_param,efa_proxy_test_put_imm=1
backend_param,device_proxy=true
backend_param,proxy_channel_count=4
backend_param,proxy_thread_count=4
backend_param,efa_proxy_ordering=sender
backend_param,proxy_max_peers=1
backend,LIBFABRIC
pipeline_window,32
pipeline_channels,4
proxy_workers,4
engine_progress_thread,1
ordering_rounds,0
minimum_size,1
put_only,1
counter_memory,gpu
device_proxy,1
host_xfer,0
test,size_B,trial,iterations,mean_us,payload_Gbit_s
HOST-concurrent,1048576,1,17024,45.8141,183.101
PUT-pipelined,7168,1,299592,2.60316,22.0286
gpu-enqueue,PUT-pipelined,7168,1,3.17286us/op
HOST-concurrent,1048576,2,17480,43.854,191.285
PUT-pipelined,7168,2,299592,2.55844,22.4137
gpu-enqueue,PUT-pipelined,7168,2,3.16962us/op
HOST-concurrent,1048576,3,17480,43.9216,190.991
PUT-pipelined,7168,3,299592,2.56244,22.3787
gpu-enqueue,PUT-pipelined,7168,3,3.17275us/op
