host=pool0-0321 cuda_visible=0 commit=8e9e25ee dirty=0
backend_param,efa_proxy_test_put_imm=1
backend_param,device_proxy=true
backend_param,proxy_channel_count=1
backend_param,proxy_thread_count=1
backend_param,efa_proxy_ordering=sender
backend_param,proxy_max_peers=1
backend,LIBFABRIC
pipeline_window,32
pipeline_channels,1
proxy_workers,1
engine_progress_thread,1
ordering_rounds,0
minimum_size,1
put_only,1
counter_memory,gpu
device_proxy,1
host_xfer,0
test,size_B,trial,iterations,mean_us,payload_Gbit_s
HOST-concurrent,1048576,1,6328,48.4558,173.119
PUT-pipelined,65536,1,32768,9.35728,56.0299
gpu-enqueue,PUT-pipelined,65536,1,2.8762us/op
HOST-concurrent,1048576,2,6688,43.9537,190.851
PUT-pipelined,65536,2,32768,8.96841,58.4594
gpu-enqueue,PUT-pipelined,65536,2,2.87545us/op
HOST-concurrent,1048576,3,6920,43.4625,193.008
PUT-pipelined,65536,3,32768,9.1683,57.1848
gpu-enqueue,PUT-pipelined,65536,3,2.87501us/op
