host=pool0-0321 cuda_visible=0 commit=8e9e25ee dirty=0
backend_param,efa_proxy_test_put_imm=1
backend_param,device_proxy=true
backend_param,proxy_channel_count=4
backend_param,proxy_thread_count=4
backend_param,efa_proxy_ordering=sender
backend_param,proxy_max_peers=1
backend,LIBFABRIC
pipeline_window,32
pipeline_channels,4
proxy_workers,4
engine_progress_thread,1
ordering_rounds,0
minimum_size,1
put_only,1
counter_memory,gpu
device_proxy,1
host_xfer,0
test,size_B,trial,iterations,mean_us,payload_Gbit_s
HOST-concurrent,1048576,1,1832,65.5345,128.003
PUT-pipelined,65536,1,32768,3.65766,143.34
gpu-enqueue,PUT-pipelined,65536,1,3.06796us/op
HOST-concurrent,1048576,2,2064,47.6454,176.063
PUT-pipelined,65536,2,32768,2.99362,175.135
gpu-enqueue,PUT-pipelined,65536,2,3.1187us/op
HOST-concurrent,1048576,3,2136,47.2895,177.388
PUT-pipelined,65536,3,32768,3.0762,170.434
gpu-enqueue,PUT-pipelined,65536,3,3.11408us/op
