host=pool0-0321 cuda_visible=0 commit=8e9e25ee dirty=0
backend_param,efa_proxy_test_put_imm=1
backend_param,device_proxy=true
backend_param,proxy_channel_count=4
backend_param,proxy_thread_count=4
backend_param,efa_proxy_ordering=sender
backend_param,proxy_max_peers=1
backend,LIBFABRIC
pipeline_window,32
pipeline_channels,4
proxy_workers,4
engine_progress_thread,1
ordering_rounds,0
minimum_size,1
put_only,1
counter_memory,gpu
device_proxy,1
host_xfer,0
test,size_B,trial,iterations,mean_us,payload_Gbit_s
HOST-concurrent,1048576,1,31288,44.4186,188.854
PUT-pipelined,4096,1,524288,2.65067,12.3621
gpu-enqueue,PUT-pipelined,4096,1,3.13186us/op
HOST-concurrent,1048576,2,31648,43.5777,192.498
PUT-pipelined,4096,2,524288,2.63028,12.458
gpu-enqueue,PUT-pipelined,4096,2,3.14047us/op
HOST-concurrent,1048576,3,31704,43.4324,193.142
PUT-pipelined,4096,3,524288,2.6263,12.4769
gpu-enqueue,PUT-pipelined,4096,3,3.13731us/op
