host=pool0-0321 cuda_visible=0 commit=8e9e25ee dirty=0
backend_param,efa_proxy_test_put_imm=1
backend_param,device_proxy=true
backend_param,proxy_channel_count=1
backend_param,proxy_thread_count=1
backend_param,efa_proxy_ordering=sender
backend_param,proxy_max_peers=1
backend,LIBFABRIC
pipeline_window,32
pipeline_channels,1
proxy_workers,1
engine_progress_thread,1
ordering_rounds,0
minimum_size,1
put_only,1
counter_memory,gpu
device_proxy,1
host_xfer,0
test,size_B,trial,iterations,mean_us,payload_Gbit_s
HOST-concurrent,1048576,1,48912,42.2675,198.465
PUT-pipelined,7168,1,299593,6.90061,8.30999
gpu-enqueue,PUT-pipelined,7168,1,2.79182us/op
HOST-concurrent,1048576,2,49392,41.6377,201.467
PUT-pipelined,7168,2,299593,6.86368,8.35471
gpu-enqueue,PUT-pipelined,7168,2,2.79834us/op
HOST-concurrent,1048576,3,51128,41.5108,202.082
PUT-pipelined,7168,3,299593,7.08325,8.09571
gpu-enqueue,PUT-pipelined,7168,3,2.78414us/op
