host=pool0-0321 cuda_visible=0 commit=8e9e25ee dirty=0
backend_param,efa_proxy_test_put_imm=1
backend_param,device_proxy=true
backend_param,proxy_channel_count=4
backend_param,proxy_thread_count=4
backend_param,efa_proxy_ordering=sender
backend_param,proxy_max_peers=1
backend,LIBFABRIC
pipeline_window,32
pipeline_channels,4
proxy_workers,4
engine_progress_thread,1
ordering_rounds,0
minimum_size,1
put_only,1
counter_memory,gpu
device_proxy,1
host_xfer,0
test,size_B,trial,iterations,mean_us,payload_Gbit_s
HOST-concurrent,1048576,1,29888,45.1499,185.794
PUT-pipelined,4096,1,524288,2.57338,12.7334
gpu-enqueue,PUT-pipelined,4096,1,3.17983us/op
HOST-concurrent,1048576,2,30528,43.9122,191.031
PUT-pipelined,4096,2,524288,2.55666,12.8167
gpu-enqueue,PUT-pipelined,4096,2,3.17738us/op
HOST-concurrent,1048576,3,30656,43.638,192.232
PUT-pipelined,4096,3,524288,2.5514,12.8431
gpu-enqueue,PUT-pipelined,4096,3,3.16954us/op
