host=pool0-0321 cuda_visible=0 commit=8e9e25ee dirty=0
backend_param,efa_proxy_test_put_imm=1
backend_param,device_proxy=true
backend_param,proxy_channel_count=4
backend_param,proxy_thread_count=4
backend_param,efa_proxy_ordering=sender
backend_param,proxy_max_peers=1
backend,LIBFABRIC
pipeline_window,32
pipeline_channels,4
proxy_workers,4
engine_progress_thread,1
ordering_rounds,0
minimum_size,1
put_only,1
counter_memory,gpu
device_proxy,1
host_xfer,0
test,size_B,trial,iterations,mean_us,payload_Gbit_s
PUT-pipelined,65536,1,32768,1.93008,271.64
gpu-enqueue,PUT-pipelined,65536,1,2.88114us/op
PUT-pipelined,65536,2,32768,1.93395,271.097
gpu-enqueue,PUT-pipelined,65536,2,2.90057us/op
PUT-pipelined,65536,3,32768,1.9252,272.329
gpu-enqueue,PUT-pipelined,65536,3,2.88759us/op
