host=pool0-0321 cuda_visible=0 commit=8e9e25ee dirty=0
backend_param,efa_proxy_test_put_imm=1
backend_param,device_proxy=true
backend_param,proxy_channel_count=4
backend_param,proxy_thread_count=4
backend_param,efa_proxy_ordering=sender
backend_param,proxy_max_peers=1
backend,LIBFABRIC
pipeline_window,32
pipeline_channels,4
proxy_workers,4
engine_progress_thread,1
ordering_rounds,0
minimum_size,1
put_only,1
counter_memory,gpu
device_proxy,1
host_xfer,0
test,size_B,trial,iterations,mean_us,payload_Gbit_s
HOST-concurrent,1048576,1,7544,48.2662,173.799
PUT-pipelined,16384,1,131072,2.77603,47.2156
gpu-enqueue,PUT-pipelined,16384,1,3.1281us/op
HOST-concurrent,1048576,2,7856,44.0303,190.519
PUT-pipelined,16384,2,131072,2.63677,49.7093
gpu-enqueue,PUT-pipelined,16384,2,3.12522us/op
HOST-concurrent,1048576,3,7872,44.1578,189.969
PUT-pipelined,16384,3,131072,2.65114,49.44
gpu-enqueue,PUT-pipelined,16384,3,3.13075us/op
