host=pool0-0321 cuda_visible=0 commit=8e9e25ee dirty=0
backend_param,efa_proxy_test_put_imm=1
backend_param,device_proxy=true
backend_param,proxy_channel_count=4
backend_param,proxy_thread_count=4
backend_param,efa_proxy_ordering=sender
backend_param,proxy_max_peers=1
backend,LIBFABRIC
pipeline_window,32
pipeline_channels,4
proxy_workers,4
engine_progress_thread,1
ordering_rounds,0
minimum_size,1
put_only,1
counter_memory,gpu
device_proxy,1
host_xfer,0
test,size_B,trial,iterations,mean_us,payload_Gbit_s
HOST-concurrent,1048576,1,16992,45.525,184.264
PUT-pipelined,7168,1,299592,2.58155,22.213
gpu-enqueue,PUT-pipelined,7168,1,3.16679us/op
HOST-concurrent,1048576,2,17152,44.0607,190.387
PUT-pipelined,7168,2,299592,2.52248,22.7332
gpu-enqueue,PUT-pipelined,7168,2,3.17624us/op
HOST-concurrent,1048576,3,17472,43.738,191.792
PUT-pipelined,7168,3,299592,2.55068,22.4818
gpu-enqueue,PUT-pipelined,7168,3,3.16785us/op
