host=pool0-0321 cuda_visible=0 commit=8e9e25ee dirty=0
backend_param,efa_proxy_test_put_imm=1
backend_param,device_proxy=true
backend_param,proxy_channel_count=4
backend_param,proxy_thread_count=4
backend_param,efa_proxy_ordering=sender
backend_param,proxy_max_peers=1
backend,LIBFABRIC
pipeline_window,32
pipeline_channels,4
proxy_workers,4
engine_progress_thread,1
ordering_rounds,0
minimum_size,1
put_only,1
counter_memory,gpu
device_proxy,1
host_xfer,0
test,size_B,trial,iterations,mean_us,payload_Gbit_s
HOST-concurrent,1048576,1,7688,48.0991,174.402
PUT-pipelined,16384,1,131072,2.82109,46.4615
gpu-enqueue,PUT-pipelined,16384,1,3.1284us/op
HOST-concurrent,1048576,2,7952,44.7302,187.538
PUT-pipelined,16384,2,131072,2.71104,48.3476
gpu-enqueue,PUT-pipelined,16384,2,3.11804us/op
HOST-concurrent,1048576,3,7944,44.4384,188.769
PUT-pipelined,16384,3,131072,2.69279,48.6751
gpu-enqueue,PUT-pipelined,16384,3,3.13895us/op
