host=pool0-0321 cuda_visible=0 commit=8e9e25ee dirty=0
backend_param,efa_proxy_test_put_imm=1
backend_param,device_proxy=true
backend_param,proxy_channel_count=1
backend_param,proxy_thread_count=1
backend_param,efa_proxy_ordering=sender
backend_param,proxy_max_peers=1
backend,LIBFABRIC
pipeline_window,32
pipeline_channels,1
proxy_workers,1
engine_progress_thread,1
ordering_rounds,0
minimum_size,1
put_only,1
counter_memory,gpu
device_proxy,1
host_xfer,0
test,size_B,trial,iterations,mean_us,payload_Gbit_s
HOST-concurrent,1048576,1,91272,41.7174,201.082
PUT-pipelined,4096,1,524288,7.26227,4.51209
gpu-enqueue,PUT-pipelined,4096,1,2.80498us/op
HOST-concurrent,1048576,2,92104,40.973,204.735
PUT-pipelined,4096,2,524288,7.19794,4.55241
gpu-enqueue,PUT-pipelined,4096,2,2.8056us/op
HOST-concurrent,1048576,3,92424,40.77,205.754
PUT-pipelined,4096,3,524288,7.18711,4.55927
gpu-enqueue,PUT-pipelined,4096,3,2.79519us/op
