host=pool0-0321 cuda_visible=0 commit=8e9e25ee dirty=0
backend_param,efa_proxy_test_put_imm=1
backend_param,device_proxy=true
backend_param,proxy_channel_count=4
backend_param,proxy_thread_count=4
backend_param,efa_proxy_ordering=sender
backend_param,proxy_max_peers=1
backend,LIBFABRIC
pipeline_window,32
pipeline_channels,4
proxy_workers,4
engine_progress_thread,1
ordering_rounds,0
minimum_size,1
put_only,1
counter_memory,gpu
device_proxy,1
host_xfer,0
test,size_B,trial,iterations,mean_us,payload_Gbit_s
HOST-concurrent,1048576,1,1816,64.005,131.062
PUT-pipelined,65536,1,32768,3.54001,148.104
gpu-enqueue,PUT-pipelined,65536,1,3.10809us/op
HOST-concurrent,1048576,2,2064,47.5524,176.408
PUT-pipelined,65536,2,32768,2.98623,175.568
gpu-enqueue,PUT-pipelined,65536,2,3.1342us/op
HOST-concurrent,1048576,3,2080,49.6202,169.056
PUT-pipelined,65536,3,32768,3.14241,166.843
gpu-enqueue,PUT-pipelined,65536,3,3.13766us/op
