host=pool0-0321 cuda_visible=0 commit=8e9e25ee dirty=0
backend_param,efa_proxy_test_put_imm=1
backend_param,device_proxy=true
backend_param,proxy_channel_count=1
backend_param,proxy_thread_count=1
backend_param,efa_proxy_ordering=sender
backend_param,proxy_max_peers=1
backend,LIBFABRIC
pipeline_window,32
pipeline_channels,1
proxy_workers,1
engine_progress_thread,1
ordering_rounds,0
minimum_size,1
put_only,1
counter_memory,gpu
device_proxy,1
host_xfer,0
test,size_B,trial,iterations,mean_us,payload_Gbit_s
HOST-concurrent,1048576,1,22800,42.7503,196.223
PUT-pipelined,16384,1,131072,7.43632,17.6259
gpu-enqueue,PUT-pipelined,16384,1,2.78467us/op
HOST-concurrent,1048576,2,23088,41.4421,202.418
PUT-pipelined,16384,2,131072,7.29753,17.9612
gpu-enqueue,PUT-pipelined,16384,2,2.78288us/op
HOST-concurrent,1048576,3,23208,41.7247,201.047
PUT-pipelined,16384,3,131072,7.38767,17.742
gpu-enqueue,PUT-pipelined,16384,3,2.80886us/op
