host=pool0-0321 cuda_visible=0 commit=8e9e25ee dirty=0
backend_param,efa_proxy_test_put_imm=1
backend_param,device_proxy=true
backend_param,proxy_channel_count=4
backend_param,proxy_thread_count=4
backend_param,efa_proxy_ordering=sender
backend_param,proxy_max_peers=1
backend,LIBFABRIC
pipeline_window,32
pipeline_channels,4
proxy_workers,4
engine_progress_thread,1
ordering_rounds,0
minimum_size,1
put_only,1
counter_memory,gpu
device_proxy,1
host_xfer,0
test,size_B,trial,iterations,mean_us,payload_Gbit_s
HOST-concurrent,1048576,1,29992,44.8107,187.201
PUT-pipelined,4096,1,524288,2.56312,12.7844
gpu-enqueue,PUT-pipelined,4096,1,3.19464us/op
HOST-concurrent,1048576,2,30368,43.9886,190.7
PUT-pipelined,4096,2,524288,2.54771,12.8617
gpu-enqueue,PUT-pipelined,4096,2,3.20353us/op
HOST-concurrent,1048576,3,30560,43.9165,191.013
PUT-pipelined,4096,3,524288,2.55983,12.8009
gpu-enqueue,PUT-pipelined,4096,3,3.19811us/op
