host=pool0-0321 cuda_visible=0 commit=8e9e25ee dirty=0
backend_param,efa_proxy_rx_thread=rail
backend_param,efa_proxy_test_put_imm=1
backend_param,device_proxy=true
backend_param,proxy_channel_count=1
backend_param,proxy_thread_count=1
backend_param,efa_proxy_ordering=sender
backend_param,proxy_max_peers=1
backend,LIBFABRIC
pipeline_window,32
pipeline_channels,1
proxy_workers,1
engine_progress_thread,1
ordering_rounds,0
minimum_size,1
put_only,1
counter_memory,gpu
device_proxy,1
host_xfer,0
test,size_B,trial,iterations,mean_us,payload_Gbit_s
PUT-pipelined,16384,1,131072,4.3028,30.462
gpu-enqueue,PUT-pipelined,16384,1,2.81642us/op
PUT-pipelined,16384,2,131072,4.34444,30.1701
gpu-enqueue,PUT-pipelined,16384,2,2.86134us/op
PUT-pipelined,16384,3,131072,4.23613,30.9414
gpu-enqueue,PUT-pipelined,16384,3,2.77766us/op
