host=pool0-0321 cuda_visible=0 commit=8e9e25ee dirty=0
backend_param,efa_proxy_rx_thread=rail
backend_param,efa_proxy_test_put_imm=1
backend_param,device_proxy=true
backend_param,proxy_channel_count=1
backend_param,proxy_thread_count=1
backend_param,efa_proxy_ordering=sender
backend_param,proxy_max_peers=1
backend,LIBFABRIC
pipeline_window,32
pipeline_channels,1
proxy_workers,1
engine_progress_thread,1
ordering_rounds,0
minimum_size,1
put_only,1
counter_memory,gpu
device_proxy,1
host_xfer,0
test,size_B,trial,iterations,mean_us,payload_Gbit_s
HOST-concurrent,1048576,1,6288,47.92,175.054
PUT-pipelined,65536,1,32768,9.18624,57.0732
gpu-enqueue,PUT-pipelined,65536,1,2.84413us/op
HOST-concurrent,1048576,2,5816,44.7551,187.434
PUT-pipelined,65536,2,32768,7.94336,66.0033
gpu-enqueue,PUT-pipelined,65536,2,2.76197us/op
HOST-concurrent,1048576,3,5504,45.7283,183.444
PUT-pipelined,65536,3,32768,7.67953,68.2708
gpu-enqueue,PUT-pipelined,65536,3,2.76132us/op
