host=pool0-0321 cuda_visible=0 commit=8e9e25ee dirty=0
backend_param,efa_proxy_rx_thread=rail
backend_param,efa_proxy_test_put_imm=1
backend_param,device_proxy=true
backend_param,proxy_channel_count=1
backend_param,proxy_thread_count=1
backend_param,efa_proxy_ordering=sender
backend_param,proxy_max_peers=1
backend,LIBFABRIC
pipeline_window,32
pipeline_channels,1
proxy_workers,1
engine_progress_thread,1
ordering_rounds,0
minimum_size,1
put_only,1
counter_memory,gpu
device_proxy,1
host_xfer,0
test,size_B,trial,iterations,mean_us,payload_Gbit_s
HOST-concurrent,1048576,1,85968,42.6126,196.857
PUT-pipelined,4096,1,524288,6.98677,4.69001
gpu-enqueue,PUT-pipelined,4096,1,2.85307us/op
HOST-concurrent,1048576,2,86608,41.55,201.892
PUT-pipelined,4096,2,524288,6.86336,4.77434
gpu-enqueue,PUT-pipelined,4096,2,2.80078us/op
HOST-concurrent,1048576,3,86544,42.064,199.425
PUT-pipelined,4096,3,524288,6.94307,4.71952
gpu-enqueue,PUT-pipelined,4096,3,2.83703us/op
