host=pool0-0321 cuda_visible=0 commit=8e9e25ee dirty=0
backend_param,efa_proxy_rx_thread=rail
backend_param,efa_proxy_test_put_imm=1
backend_param,device_proxy=true
backend_param,proxy_channel_count=1
backend_param,proxy_thread_count=1
backend_param,efa_proxy_ordering=sender
backend_param,proxy_max_peers=1
backend,LIBFABRIC
pipeline_window,32
pipeline_channels,1
proxy_workers,1
engine_progress_thread,1
ordering_rounds,0
minimum_size,1
put_only,1
counter_memory,gpu
device_proxy,1
host_xfer,0
test,size_B,trial,iterations,mean_us,payload_Gbit_s
HOST-concurrent,1048576,1,6224,48.1377,174.263
PUT-pipelined,65536,1,32768,9.13325,57.4043
gpu-enqueue,PUT-pipelined,65536,1,2.84342us/op
HOST-concurrent,1048576,2,6504,43.3125,193.676
PUT-pipelined,65536,2,32768,8.58836,61.0463
gpu-enqueue,PUT-pipelined,65536,2,2.84296us/op
HOST-concurrent,1048576,3,6424,43.538,192.673
PUT-pipelined,65536,3,32768,8.52512,61.4992
gpu-enqueue,PUT-pipelined,65536,3,2.84241us/op
