host=pool0-0321 cuda_visible=0 commit=8e9e25ee dirty=0
backend_param,efa_proxy_rx_thread=rail
backend_param,efa_proxy_test_put_imm=1
backend_param,device_proxy=true
backend_param,proxy_channel_count=1
backend_param,proxy_thread_count=1
backend_param,efa_proxy_ordering=sender
backend_param,proxy_max_peers=1
backend,LIBFABRIC
pipeline_window,32
pipeline_channels,1
proxy_workers,1
engine_progress_thread,1
ordering_rounds,0
minimum_size,1
put_only,1
counter_memory,gpu
device_proxy,1
host_xfer,0
test,size_B,trial,iterations,mean_us,payload_Gbit_s
HOST-concurrent,1048576,1,23000,43.3999,193.286
PUT-pipelined,16384,1,131072,7.61549,17.2112
gpu-enqueue,PUT-pipelined,16384,1,2.85157us/op
HOST-concurrent,1048576,2,23400,41.3653,202.793
PUT-pipelined,16384,2,131072,7.38329,17.7525
gpu-enqueue,PUT-pipelined,16384,2,2.77312us/op
HOST-concurrent,1048576,3,23640,41.0849,204.177
PUT-pipelined,16384,3,131072,7.40994,17.6887
gpu-enqueue,PUT-pipelined,16384,3,2.77209us/op
