host=pool0-0321 cuda_visible=0 commit=8e9e25ee dirty=0
backend_param,efa_proxy_rx_thread=rail
backend_param,efa_proxy_test_put_imm=1
backend_param,device_proxy=true
backend_param,proxy_channel_count=1
backend_param,proxy_thread_count=1
backend_param,efa_proxy_ordering=sender
backend_param,proxy_max_peers=1
backend,LIBFABRIC
pipeline_window,32
pipeline_channels,1
proxy_workers,1
engine_progress_thread,1
ordering_rounds,0
minimum_size,1
put_only,1
counter_memory,gpu
device_proxy,1
host_xfer,0
test,size_B,trial,iterations,mean_us,payload_Gbit_s
HOST-concurrent,1048576,1,49184,42.6176,196.834
PUT-pipelined,7168,1,299593,6.99649,8.19611
gpu-enqueue,PUT-pipelined,7168,1,2.81179us/op
HOST-concurrent,1048576,2,49696,41.928,200.072
PUT-pipelined,7168,2,299593,6.9549,8.24513
gpu-enqueue,PUT-pipelined,7168,2,2.81197us/op
HOST-concurrent,1048576,3,51288,41.9425,200.003
PUT-pipelined,7168,3,299593,7.17941,7.98728
gpu-enqueue,PUT-pipelined,7168,3,2.81373us/op
