host=pool0-0321 cuda_visible=0 commit=8e9e25ee dirty=0
backend_param,efa_proxy_rx_thread=rail
backend_param,efa_proxy_test_put_imm=1
backend_param,device_proxy=true
backend_param,proxy_channel_count=4
backend_param,proxy_thread_count=4
backend_param,efa_proxy_ordering=sender
backend_param,proxy_max_peers=1
backend,LIBFABRIC
pipeline_window,32
pipeline_channels,4
proxy_workers,4
engine_progress_thread,1
ordering_rounds,0
minimum_size,1
put_only,1
counter_memory,gpu
device_proxy,1
host_xfer,0
test,size_B,trial,iterations,mean_us,payload_Gbit_s
HOST-concurrent,1048576,1,25432,42.511,197.328
PUT-pipelined,4096,1,524288,2.06166,15.894
gpu-enqueue,PUT-pipelined,4096,1,3.13078us/op
HOST-concurrent,1048576,2,26184,41.3265,202.984
PUT-pipelined,4096,2,524288,2.06349,15.8799
gpu-enqueue,PUT-pipelined,4096,2,3.12919us/op
HOST-concurrent,1048576,3,26368,41.1999,203.607
PUT-pipelined,4096,3,524288,2.07189,15.8155
gpu-enqueue,PUT-pipelined,4096,3,3.12482us/op
