host=pool0-0321 cuda_visible=0 commit=8e9e25ee dirty=0
backend_param,efa_proxy_rx_thread=rail
backend_param,efa_proxy_test_put_imm=1
backend_param,device_proxy=true
backend_param,proxy_channel_count=4
backend_param,proxy_thread_count=4
backend_param,efa_proxy_ordering=sender
backend_param,proxy_max_peers=1
backend,LIBFABRIC
pipeline_window,32
pipeline_channels,4
proxy_workers,4
engine_progress_thread,1
ordering_rounds,0
minimum_size,1
put_only,1
counter_memory,gpu
device_proxy,1
host_xfer,0
test,size_B,trial,iterations,mean_us,payload_Gbit_s
HOST-concurrent,1048576,1,25816,42.262,198.49
PUT-pipelined,4096,1,524288,2.0806,15.7493
gpu-enqueue,PUT-pipelined,4096,1,3.12698us/op
HOST-concurrent,1048576,2,26648,41.1357,203.925
PUT-pipelined,4096,2,524288,2.09023,15.6768
gpu-enqueue,PUT-pipelined,4096,2,3.11808us/op
HOST-concurrent,1048576,3,26464,41.2424,203.398
PUT-pipelined,4096,3,524288,2.08159,15.7418
gpu-enqueue,PUT-pipelined,4096,3,3.11801us/op
