host=pool0-0321 cuda_visible=0 commit=8e9e25ee dirty=0
backend_param,efa_proxy_rx_thread=rail
backend_param,efa_proxy_test_put_imm=1
backend_param,device_proxy=true
backend_param,proxy_channel_count=1
backend_param,proxy_thread_count=1
backend_param,efa_proxy_ordering=sender
backend_param,proxy_max_peers=1
backend,LIBFABRIC
pipeline_window,32
pipeline_channels,1
proxy_workers,1
engine_progress_thread,1
ordering_rounds,0
minimum_size,1
put_only,1
counter_memory,gpu
device_proxy,1
host_xfer,0
test,size_B,trial,iterations,mean_us,payload_Gbit_s
HOST-concurrent,1048576,1,86960,41.7559,200.896
PUT-pipelined,4096,1,524288,6.92538,4.73158
gpu-enqueue,PUT-pipelined,4096,1,2.79349us/op
HOST-concurrent,1048576,2,88624,41.7389,200.978
PUT-pipelined,4096,2,524288,7.05536,4.64441
gpu-enqueue,PUT-pipelined,4096,2,2.84063us/op
HOST-concurrent,1048576,3,87776,41.636,201.475
PUT-pipelined,4096,3,524288,6.97064,4.70086
gpu-enqueue,PUT-pipelined,4096,3,2.82265us/op
