host=pool0-0321 cuda_visible=0 commit=8e9e25ee dirty=0
backend_param,proxy_max_peers=1
backend_param,efa_proxy_ordering=sender
backend_param,proxy_thread_count=1
backend_param,proxy_channel_count=1
backend_param,device_proxy=true
backend,LIBFABRIC
pipeline_window,32
pipeline_channels,1
proxy_workers,1
engine_progress_thread,1
ordering_rounds,0
minimum_size,1
put_only,1
counter_memory,gpu
device_proxy,1
host_xfer,0
test,size_B,trial,iterations,mean_us,payload_Gbit_s
HOST-concurrent,1048576,1,49712,42.2897,198.36
PUT-pipelined,7168,1,299593,7.01637,8.17289
gpu-enqueue,PUT-pipelined,7168,1,2.81216us/op
HOST-concurrent,1048576,2,50120,42.1617,198.963
PUT-pipelined,7168,2,299593,7.05248,8.13104
gpu-enqueue,PUT-pipelined,7168,2,2.85406us/op
HOST-concurrent,1048576,3,52040,41.8489,200.45
PUT-pipelined,7168,3,299593,7.2692,7.88863
gpu-enqueue,PUT-pipelined,7168,3,2.82698us/op
