host=pool0-0321 cuda_visible=0 commit=8e9e25ee dirty=0
backend_param,proxy_max_peers=1
backend_param,efa_proxy_ordering=sender
backend_param,proxy_thread_count=4
backend_param,proxy_channel_count=4
backend_param,device_proxy=true
backend,LIBFABRIC
pipeline_window,32
pipeline_channels,4
proxy_workers,4
engine_progress_thread,1
ordering_rounds,0
minimum_size,1
put_only,1
counter_memory,gpu
device_proxy,1
host_xfer,0
test,size_B,trial,iterations,mean_us,payload_Gbit_s
HOST-concurrent,1048576,1,6280,46.2621,181.328
PUT-pipelined,16384,1,131072,2.21577,59.1542
gpu-enqueue,PUT-pipelined,16384,1,3.12913us/op
HOST-concurrent,1048576,2,7192,41.3885,202.68
PUT-pipelined,16384,2,131072,2.2703,57.7334
gpu-enqueue,PUT-pipelined,16384,2,3.09982us/op
HOST-concurrent,1048576,3,7288,41.4453,202.402
PUT-pipelined,16384,3,131072,2.30224,56.9324
gpu-enqueue,PUT-pipelined,16384,3,3.10212us/op
