host=pool0-0321 cuda_visible=0 commit=8e9e25ee dirty=0
backend_param,proxy_max_peers=1
backend_param,efa_proxy_ordering=sender
backend_param,proxy_thread_count=4
backend_param,proxy_channel_count=4
backend_param,device_proxy=true
backend,LIBFABRIC
pipeline_window,32
pipeline_channels,4
proxy_workers,4
engine_progress_thread,1
ordering_rounds,0
minimum_size,1
put_only,1
counter_memory,gpu
device_proxy,1
host_xfer,0
test,size_B,trial,iterations,mean_us,payload_Gbit_s
HOST-concurrent,1048576,1,5376,51.281,163.581
PUT-pipelined,16384,1,131072,2.10079,62.3918
gpu-enqueue,PUT-pipelined,16384,1,3.18776us/op
HOST-concurrent,1048576,2,7360,41.2511,203.355
PUT-pipelined,16384,2,131072,2.31566,56.6023
gpu-enqueue,PUT-pipelined,16384,2,3.09846us/op
HOST-concurrent,1048576,3,7200,41.6303,201.502
PUT-pipelined,16384,3,131072,2.2866,57.3217
gpu-enqueue,PUT-pipelined,16384,3,3.10757us/op
