host=pool0-0321 cuda_visible=0 commit=8e9e25ee dirty=0
backend_param,proxy_max_peers=1
backend_param,efa_proxy_ordering=sender
backend_param,proxy_thread_count=1
backend_param,proxy_channel_count=1
backend_param,device_proxy=true
backend,LIBFABRIC
pipeline_window,32
pipeline_channels,1
proxy_workers,1
engine_progress_thread,1
ordering_rounds,0
minimum_size,1
put_only,1
counter_memory,gpu
device_proxy,1
host_xfer,0
test,size_B,trial,iterations,mean_us,payload_Gbit_s
HOST-concurrent,1048576,1,22568,43.2546,193.935
PUT-pipelined,16384,1,131072,7.44763,17.5992
gpu-enqueue,PUT-pipelined,16384,1,2.82605us/op
HOST-concurrent,1048576,2,23344,41.5281,201.998
PUT-pipelined,16384,2,131072,7.39599,17.722
gpu-enqueue,PUT-pipelined,16384,2,2.81089us/op
HOST-concurrent,1048576,3,23448,41.9207,200.107
PUT-pipelined,16384,3,131072,7.49909,17.4784
gpu-enqueue,PUT-pipelined,16384,3,2.86356us/op
