host=pool0-0321 cuda_visible=0 commit=8e9e25ee dirty=0
backend_param,proxy_max_peers=1
backend_param,efa_proxy_ordering=sender
backend_param,proxy_thread_count=1
backend_param,proxy_channel_count=1
backend_param,device_proxy=true
backend,LIBFABRIC
pipeline_window,32
pipeline_channels,1
proxy_workers,1
engine_progress_thread,1
ordering_rounds,0
minimum_size,1
put_only,1
counter_memory,gpu
device_proxy,1
host_xfer,0
test,size_B,trial,iterations,mean_us,payload_Gbit_s
PUT-pipelined,65536,1,32768,4.54863,115.263
gpu-enqueue,PUT-pipelined,65536,1,2.85343us/op
PUT-pipelined,65536,2,32768,4.53901,115.507
gpu-enqueue,PUT-pipelined,65536,2,2.85302us/op
PUT-pipelined,65536,3,32768,4.53318,115.656
gpu-enqueue,PUT-pipelined,65536,3,2.85303us/op
