host=pool0-0321 cuda_visible=0 commit=8e9e25ee dirty=0
backend_param,proxy_max_peers=1
backend_param,efa_proxy_ordering=sender
backend_param,proxy_thread_count=4
backend_param,proxy_channel_count=4
backend_param,device_proxy=true
backend,LIBFABRIC
pipeline_window,32
pipeline_channels,4
proxy_workers,4
engine_progress_thread,1
ordering_rounds,0
minimum_size,1
put_only,1
counter_memory,gpu
device_proxy,1
host_xfer,0
test,size_B,trial,iterations,mean_us,payload_Gbit_s
HOST-concurrent,1048576,1,14448,43.3448,193.532
PUT-pipelined,7168,1,299592,2.09027,27.4338
gpu-enqueue,PUT-pipelined,7168,1,3.1213us/op
HOST-concurrent,1048576,2,15480,41.2831,203.197
PUT-pipelined,7168,2,299592,2.1322,26.8943
gpu-enqueue,PUT-pipelined,7168,2,3.12025us/op
HOST-concurrent,1048576,3,15416,41.3411,202.912
PUT-pipelined,7168,3,299592,2.12659,26.9652
gpu-enqueue,PUT-pipelined,7168,3,3.11578us/op
