host=pool0-0321 cuda_visible=0 commit=8e9e25ee dirty=0
backend_param,proxy_max_peers=1
backend_param,efa_proxy_ordering=sender
backend_param,proxy_thread_count=1
backend_param,proxy_channel_count=1
backend_param,device_proxy=true
backend,LIBFABRIC
pipeline_window,32
pipeline_channels,1
proxy_workers,1
engine_progress_thread,1
ordering_rounds,0
minimum_size,1
put_only,1
counter_memory,gpu
device_proxy,1
host_xfer,0
test,size_B,trial,iterations,mean_us,payload_Gbit_s
HOST-concurrent,1048576,1,48792,42.8387,195.819
PUT-pipelined,7168,1,299593,6.97582,8.2204
gpu-enqueue,PUT-pipelined,7168,1,2.83569us/op
HOST-concurrent,1048576,2,49056,41.2897,203.165
PUT-pipelined,7168,2,299593,6.75996,8.48289
gpu-enqueue,PUT-pipelined,7168,2,2.77028us/op
HOST-concurrent,1048576,3,51288,41.8431,200.478
PUT-pipelined,7168,3,299593,7.16314,8.00543
gpu-enqueue,PUT-pipelined,7168,3,2.81373us/op
