host=pool0-0321 cuda_visible=0 commit=8e9e25ee dirty=0
backend_param,proxy_max_peers=1
backend_param,efa_proxy_ordering=sender
backend_param,proxy_thread_count=1
backend_param,proxy_channel_count=1
backend_param,device_proxy=true
backend,LIBFABRIC
pipeline_window,32
pipeline_channels,1
proxy_workers,1
engine_progress_thread,1
ordering_rounds,0
minimum_size,1
put_only,1
counter_memory,gpu
device_proxy,1
host_xfer,0
test,size_B,trial,iterations,mean_us,payload_Gbit_s
HOST-concurrent,1048576,1,6128,48.328,173.577
PUT-pipelined,65536,1,32768,9.02802,58.0734
gpu-enqueue,PUT-pipelined,65536,1,2.85564us/op
HOST-concurrent,1048576,2,6488,43.2664,193.883
PUT-pipelined,65536,2,32768,8.55653,61.2735
gpu-enqueue,PUT-pipelined,65536,2,2.85472us/op
HOST-concurrent,1048576,3,6472,43.4445,193.088
PUT-pipelined,65536,3,32768,8.57416,61.1474
gpu-enqueue,PUT-pipelined,65536,3,2.85513us/op
