host=pool0-0321 cuda_visible=0 commit=8e9e25ee dirty=0
backend_param,proxy_max_peers=1
backend_param,efa_proxy_ordering=sender
backend_param,proxy_thread_count=4
backend_param,proxy_channel_count=4
backend_param,device_proxy=true
backend,LIBFABRIC
pipeline_window,32
pipeline_channels,4
proxy_workers,4
engine_progress_thread,1
ordering_rounds,0
minimum_size,1
put_only,1
counter_memory,gpu
device_proxy,1
host_xfer,0
test,size_B,trial,iterations,mean_us,payload_Gbit_s
HOST-concurrent,1048576,1,26176,41.9996,199.731
PUT-pipelined,4096,1,524288,2.09669,15.6284
gpu-enqueue,PUT-pipelined,4096,1,3.12352us/op
HOST-concurrent,1048576,2,27048,40.986,204.67
PUT-pipelined,4096,2,524288,2.11432,15.4982
gpu-enqueue,PUT-pipelined,4096,2,3.11597us/op
HOST-concurrent,1048576,3,26928,40.9617,204.791
PUT-pipelined,4096,3,524288,2.10337,15.5788
gpu-enqueue,PUT-pipelined,4096,3,3.11514us/op
