host=pool0-0321 cuda_visible=0 commit=8e9e25ee dirty=0
backend_param,proxy_max_peers=1
backend_param,efa_proxy_ordering=sender
backend_param,proxy_thread_count=4
backend_param,proxy_channel_count=4
backend_param,device_proxy=true
backend,LIBFABRIC
pipeline_window,32
pipeline_channels,4
proxy_workers,4
engine_progress_thread,1
ordering_rounds,0
minimum_size,1
put_only,1
counter_memory,gpu
device_proxy,1
host_xfer,0
test,size_B,trial,iterations,mean_us,payload_Gbit_s
PUT-pipelined,16384,1,131072,1.13601,115.38
gpu-enqueue,PUT-pipelined,16384,1,2.85715us/op
PUT-pipelined,16384,2,131072,1.1377,115.208
gpu-enqueue,PUT-pipelined,16384,2,2.85896us/op
PUT-pipelined,16384,3,131072,1.13898,115.079
gpu-enqueue,PUT-pipelined,16384,3,2.85917us/op
