host=pool0-0321 cuda_visible=0 commit=8e9e25ee dirty=0
backend_param,proxy_max_peers=1
backend_param,efa_proxy_ordering=sender
backend_param,proxy_thread_count=4
backend_param,proxy_channel_count=4
backend_param,device_proxy=true
backend,LIBFABRIC
pipeline_window,32
pipeline_channels,4
proxy_workers,4
engine_progress_thread,1
ordering_rounds,0
minimum_size,1
put_only,1
counter_memory,gpu
device_proxy,1
host_xfer,0
test,size_B,trial,iterations,mean_us,payload_Gbit_s
HOST-concurrent,1048576,1,1368,69.586,120.55
PUT-pipelined,65536,1,32768,2.89726,180.96
gpu-enqueue,PUT-pipelined,65536,1,3.28475us/op
HOST-concurrent,1048576,2,2064,45.4285,184.655
PUT-pipelined,65536,2,32768,2.85453,183.669
gpu-enqueue,PUT-pipelined,65536,2,3.05286us/op
HOST-concurrent,1048576,3,2072,47.5916,176.263
PUT-pipelined,65536,3,32768,3.0015,174.675
gpu-enqueue,PUT-pipelined,65536,3,3.1933us/op
