host=pool0-0321 cuda_visible=0 commit=8e9e25ee dirty=0
backend_param,proxy_max_peers=1
backend_param,efa_proxy_ordering=sender
backend_param,proxy_thread_count=1
backend_param,proxy_channel_count=1
backend_param,device_proxy=true
backend,LIBFABRIC
pipeline_window,32
pipeline_channels,1
proxy_workers,1
engine_progress_thread,1
ordering_rounds,0
minimum_size,1
put_only,1
counter_memory,gpu
device_proxy,1
host_xfer,0
test,size_B,trial,iterations,mean_us,payload_Gbit_s
HOST-concurrent,1048576,1,6832,45.8733,182.865
PUT-pipelined,65536,1,32768,9.55467,54.8724
gpu-enqueue,PUT-pipelined,65536,1,2.87961us/op
HOST-concurrent,1048576,2,7312,41.2252,203.483
PUT-pipelined,65536,2,32768,9.19627,57.011
gpu-enqueue,PUT-pipelined,65536,2,2.87908us/op
HOST-concurrent,1048576,3,7328,41.0778,204.213
PUT-pipelined,65536,3,32768,9.17678,57.132
gpu-enqueue,PUT-pipelined,65536,3,2.8789us/op
