host=pool0-0321 cuda_visible=0 commit=8e9e25ee dirty=0
backend_param,proxy_max_peers=1
backend_param,efa_proxy_ordering=sender
backend_param,proxy_thread_count=4
backend_param,proxy_channel_count=4
backend_param,device_proxy=true
backend,LIBFABRIC
pipeline_window,32
pipeline_channels,4
proxy_workers,4
engine_progress_thread,1
ordering_rounds,0
minimum_size,1
put_only,1
counter_memory,gpu
device_proxy,1
host_xfer,0
test,size_B,trial,iterations,mean_us,payload_Gbit_s
PUT-pipelined,65536,1,32768,1.80454,290.538
gpu-enqueue,PUT-pipelined,65536,1,2.85004us/op
PUT-pipelined,65536,2,32768,1.8038,290.658
gpu-enqueue,PUT-pipelined,65536,2,2.8478us/op
PUT-pipelined,65536,3,32768,1.80293,290.797
gpu-enqueue,PUT-pipelined,65536,3,2.84952us/op
