host=pool0-0321 cuda_visible=0 commit=8e9e25ee dirty=0
backend_param,proxy_max_peers=1
backend_param,efa_proxy_ordering=sender
backend_param,proxy_thread_count=4
backend_param,proxy_channel_count=4
backend_param,device_proxy=true
backend,LIBFABRIC
pipeline_window,32
pipeline_channels,4
proxy_workers,4
engine_progress_thread,1
ordering_rounds,0
minimum_size,1
put_only,1
counter_memory,gpu
device_proxy,1
host_xfer,0
test,size_B,trial,iterations,mean_us,payload_Gbit_s
HOST-concurrent,1048576,1,1344,67.973,123.411
PUT-pipelined,65536,1,32768,2.78079,188.539
gpu-enqueue,PUT-pipelined,65536,1,3.12652us/op
HOST-concurrent,1048576,2,2056,45.1165,185.932
PUT-pipelined,65536,2,32768,2.82635,185.5
gpu-enqueue,PUT-pipelined,65536,2,3.01603us/op
HOST-concurrent,1048576,3,2056,44.9081,186.795
PUT-pipelined,65536,3,32768,2.81184,186.457
gpu-enqueue,PUT-pipelined,65536,3,2.995us/op
