host=pool0-0321 cuda_visible=0 commit=8e9e25ee dirty=0
backend_param,proxy_max_peers=1
backend_param,efa_proxy_ordering=sender
backend_param,proxy_thread_count=4
backend_param,proxy_channel_count=4
backend_param,device_proxy=true
backend,LIBFABRIC
pipeline_window,32
pipeline_channels,4
proxy_workers,4
engine_progress_thread,1
ordering_rounds,0
minimum_size,1
put_only,1
counter_memory,gpu
device_proxy,1
host_xfer,0
test,size_B,trial,iterations,mean_us,payload_Gbit_s
PUT-pipelined,4096,1,524288,1.10578,29.6333
gpu-enqueue,PUT-pipelined,4096,1,2.88077us/op
PUT-pipelined,4096,2,524288,1.10879,29.553
gpu-enqueue,PUT-pipelined,4096,2,2.88277us/op
PUT-pipelined,4096,3,524288,1.11007,29.5188
gpu-enqueue,PUT-pipelined,4096,3,2.88196us/op
