host=pool0-0321 cuda_visible=0 commit=8e9e25ee dirty=0
backend,LIBFABRIC
pipeline_window,32
pipeline_channels,4
proxy_workers,4
engine_progress_thread,1
ordering_rounds,0
minimum_size,1
put_only,1
counter_memory,gpu
device_proxy,1
host_xfer,1
test,size_B,trial,iterations,mean_us,payload_Gbit_s
HOST-write,65536,1,400,46.3834,180.854
HOST-write,65536,2,400,46.5139,180.346
HOST-write,65536,3,400,46.4877,180.448
HOST-write,65536,4,400,46.2166,181.506
HOST-write,65536,5,400,46.5464,180.22
HOST-write,1048576,1,400,41.6861,201.233
HOST-write,1048576,2,400,41.3546,202.846
HOST-write,1048576,3,400,41.6835,201.245
HOST-write,1048576,4,400,42.0826,199.337
HOST-write,1048576,5,400,42.0658,199.416
