host=pool0-0321 cuda_visible=0 commit=8e9e25ee dirty=0
backend,LIBFABRIC
pipeline_window,32
pipeline_channels,4
proxy_workers,4
engine_progress_thread,1
ordering_rounds,0
minimum_size,1
put_only,1
counter_memory,gpu
device_proxy,1
host_xfer,0
test,size_B,trial,iterations,mean_us,payload_Gbit_s
PUT-target,8,1,1000,37.4028,0.0017111
gpu-enqueue,PUT-target,8,1,3.4135us/op
PUT-target,8,2,1000,41.4927,0.00154244
gpu-enqueue,PUT-target,8,2,3.41498us/op
PUT-target,8,3,1000,37.3447,0.00171376
gpu-enqueue,PUT-target,8,3,3.41446us/op
PUT-target,8,4,1000,37.3512,0.00171347
gpu-enqueue,PUT-target,8,4,3.41648us/op
PUT-target,8,5,1000,37.2543,0.00171792
gpu-enqueue,PUT-target,8,5,3.41552us/op
PUT-target,64,1,1000,37.3971,0.0136909
gpu-enqueue,PUT-target,64,1,3.4192us/op
PUT-target,64,2,1000,37.2713,0.0137371
gpu-enqueue,PUT-target,64,2,3.41638us/op
PUT-target,64,3,1000,37.367,0.0137019
gpu-enqueue,PUT-target,64,3,3.41834us/op
PUT-target,64,4,1000,37.3175,0.0137201
gpu-enqueue,PUT-target,64,4,3.41843us/op
PUT-target,64,5,1000,37.278,0.0137346
gpu-enqueue,PUT-target,64,5,3.41395us/op
PUT-target,128,1,1000,37.3546,0.0274129
gpu-enqueue,PUT-target,128,1,3.41542us/op
PUT-target,128,2,1000,37.3352,0.0274272
gpu-enqueue,PUT-target,128,2,3.41683us/op
PUT-target,128,3,1000,37.465,0.0273322
gpu-enqueue,PUT-target,128,3,3.41379us/op
PUT-target,128,4,1000,37.327,0.0274332
gpu-enqueue,PUT-target,128,4,3.41856us/op
PUT-target,128,5,1000,37.4576,0.0273376
gpu-enqueue,PUT-target,128,5,3.4159us/op
PUT-target,8192,1,500,40.3556,1.62396
gpu-enqueue,PUT-target,8192,1,3.42016us/op
PUT-target,8192,2,500,40.2442,1.62846
gpu-enqueue,PUT-target,8192,2,3.41466us/op
PUT-target,8192,3,500,40.2263,1.62918
gpu-enqueue,PUT-target,8192,3,3.4151us/op
PUT-target,8192,4,500,40.2209,1.6294
gpu-enqueue,PUT-target,8192,4,3.41683us/op
PUT-target,8192,5,500,40.272,1.62733
gpu-enqueue,PUT-target,8192,5,3.4105us/op
PUT-target,65536,1,200,49.2784,10.6393
gpu-enqueue,PUT-target,65536,1,3.40544us/op
PUT-target,65536,2,200,49.1957,10.6572
gpu-enqueue,PUT-target,65536,2,3.40592us/op
PUT-target,65536,3,200,49.7331,10.542
gpu-enqueue,PUT-target,65536,3,3.404us/op
PUT-target,65536,4,200,49.4584,10.6006
gpu-enqueue,PUT-target,65536,4,3.4136us/op
PUT-target,65536,5,200,49.3307,10.628
gpu-enqueue,PUT-target,65536,5,3.41168us/op
PUT-pipelined,8192,1,32768,1.1377,57.6037
gpu-enqueue,PUT-pipelined,8192,1,2.88718us/op
PUT-pipelined,8192,2,32768,1.11346,58.8578
gpu-enqueue,PUT-pipelined,8192,2,2.86608us/op
PUT-pipelined,8192,3,32768,1.11517,58.7675
gpu-enqueue,PUT-pipelined,8192,3,2.8708us/op
PUT-pipelined,8192,4,32768,1.11504,58.7743
gpu-enqueue,PUT-pipelined,8192,4,2.86661us/op
PUT-pipelined,8192,5,32768,1.11077,59.0005
gpu-enqueue,PUT-pipelined,8192,5,2.86547us/op
PUT-pipelined,65536,1,8192,1.79691,291.772
gpu-enqueue,PUT-pipelined,65536,1,2.84282us/op
PUT-pipelined,65536,2,8192,1.80474,290.506
gpu-enqueue,PUT-pipelined,65536,2,2.85197us/op
PUT-pipelined,65536,3,8192,1.80023,291.234
gpu-enqueue,PUT-pipelined,65536,3,2.83568us/op
PUT-pipelined,65536,4,8192,1.79714,291.735
gpu-enqueue,PUT-pipelined,65536,4,2.83741us/op
PUT-pipelined,65536,5,8192,1.79704,291.751
gpu-enqueue,PUT-pipelined,65536,5,2.83806us/op
PUT-pipelined,1048576,1,1024,21.524,389.733
gpu-enqueue,PUT-pipelined,1048576,1,3.3825us/op
PUT-pipelined,1048576,2,1024,21.5983,388.393
gpu-enqueue,PUT-pipelined,1048576,2,3.35887us/op
PUT-pipelined,1048576,3,1024,21.5186,389.831
gpu-enqueue,PUT-pipelined,1048576,3,3.38191us/op
PUT-pipelined,1048576,4,1024,21.5262,389.694
gpu-enqueue,PUT-pipelined,1048576,4,3.35162us/op
PUT-pipelined,1048576,5,1024,21.5239,389.735
gpu-enqueue,PUT-pipelined,1048576,5,3.36691us/op
