host=pool0-0321 cuda_visible=0 commit=8e9e25ee dirty=0
backend,LIBFABRIC
pipeline_window,32
pipeline_channels,4
proxy_workers,4
engine_progress_thread,1
ordering_rounds,0
minimum_size,1
put_only,1
counter_memory,gpu
device_proxy,1
host_xfer,0
test,size_B,trial,iterations,mean_us,payload_Gbit_s
PUT-target,8,1,1000,37.6934,0.00169791
gpu-enqueue,PUT-target,8,1,3.50506us/op
PUT-target,8,2,1000,37.5133,0.00170606
gpu-enqueue,PUT-target,8,2,3.50349us/op
PUT-target,8,3,1000,37.481,0.00170753
gpu-enqueue,PUT-target,8,3,3.50454us/op
PUT-target,8,4,1000,37.5801,0.00170303
gpu-enqueue,PUT-target,8,4,3.50214us/op
PUT-target,8,5,1000,37.574,0.00170331
gpu-enqueue,PUT-target,8,5,3.50704us/op
PUT-target,64,1,1000,37.7943,0.013547
gpu-enqueue,PUT-target,64,1,3.50442us/op
PUT-target,64,2,1000,37.606,0.0136148
gpu-enqueue,PUT-target,64,2,3.50739us/op
PUT-target,64,3,1000,37.5455,0.0136368
gpu-enqueue,PUT-target,64,3,3.50438us/op
PUT-target,64,4,1000,37.6328,0.0136051
gpu-enqueue,PUT-target,64,4,3.50176us/op
PUT-target,64,5,1000,37.6205,0.0136096
gpu-enqueue,PUT-target,64,5,3.51232us/op
PUT-target,128,1,1000,37.6611,0.0271899
gpu-enqueue,PUT-target,128,1,3.50509us/op
PUT-target,128,2,1000,37.5652,0.0272593
gpu-enqueue,PUT-target,128,2,3.50307us/op
PUT-target,128,3,1000,37.6294,0.0272128
gpu-enqueue,PUT-target,128,3,3.51078us/op
PUT-target,128,4,1000,37.6326,0.0272104
gpu-enqueue,PUT-target,128,4,3.50522us/op
PUT-target,128,5,1000,37.5725,0.027254
gpu-enqueue,PUT-target,128,5,3.5055us/op
PUT-target,8192,1,500,40.5498,1.61618
gpu-enqueue,PUT-target,8192,1,3.5015us/op
PUT-target,8192,2,500,40.6148,1.6136
gpu-enqueue,PUT-target,8192,2,3.49926us/op
PUT-target,8192,3,500,40.4298,1.62098
gpu-enqueue,PUT-target,8192,3,3.50118us/op
PUT-target,8192,4,500,40.6204,1.61338
gpu-enqueue,PUT-target,8192,4,3.50099us/op
PUT-target,8192,5,500,40.5546,1.61599
gpu-enqueue,PUT-target,8192,5,3.49952us/op
PUT-target,65536,1,200,49.8259,10.5224
gpu-enqueue,PUT-target,65536,1,3.49984us/op
PUT-target,65536,2,200,49.5307,10.5851
gpu-enqueue,PUT-target,65536,2,3.49808us/op
PUT-target,65536,3,200,49.5382,10.5835
gpu-enqueue,PUT-target,65536,3,3.50448us/op
PUT-target,65536,4,200,49.6666,10.5562
gpu-enqueue,PUT-target,65536,4,3.4952us/op
PUT-target,65536,5,200,49.7093,10.5471
gpu-enqueue,PUT-target,65536,5,3.49008us/op
PUT-pipelined,8192,1,32768,1.11391,58.834
gpu-enqueue,PUT-pipelined,8192,1,2.87157us/op
PUT-pipelined,8192,2,32768,1.11906,58.5637
gpu-enqueue,PUT-pipelined,8192,2,2.87588us/op
PUT-pipelined,8192,3,32768,1.11668,58.6885
gpu-enqueue,PUT-pipelined,8192,3,2.87022us/op
PUT-pipelined,8192,4,32768,1.11744,58.6485
gpu-enqueue,PUT-pipelined,8192,4,2.87206us/op
PUT-pipelined,8192,5,32768,1.11338,58.8623
gpu-enqueue,PUT-pipelined,8192,5,2.86924us/op
PUT-pipelined,65536,1,8192,1.80115,291.085
gpu-enqueue,PUT-pipelined,65536,1,2.8397us/op
PUT-pipelined,65536,2,8192,1.79914,291.41
gpu-enqueue,PUT-pipelined,65536,2,2.84355us/op
PUT-pipelined,65536,3,8192,1.80334,290.732
gpu-enqueue,PUT-pipelined,65536,3,2.84019us/op
PUT-pipelined,65536,4,8192,1.79891,291.448
gpu-enqueue,PUT-pipelined,65536,4,2.84477us/op
PUT-pipelined,65536,5,8192,1.83055,286.411
gpu-enqueue,PUT-pipelined,65536,5,2.86916us/op
PUT-pipelined,1048576,1,1024,21.523,389.751
gpu-enqueue,PUT-pipelined,1048576,1,3.36978us/op
PUT-pipelined,1048576,2,1024,21.5252,389.711
gpu-enqueue,PUT-pipelined,1048576,2,3.40156us/op
PUT-pipelined,1048576,3,1024,21.5237,389.737
gpu-enqueue,PUT-pipelined,1048576,3,3.38544us/op
PUT-pipelined,1048576,4,1024,21.521,389.787
gpu-enqueue,PUT-pipelined,1048576,4,3.38063us/op
PUT-pipelined,1048576,5,1024,21.5181,389.84
gpu-enqueue,PUT-pipelined,1048576,5,3.36859us/op
