host=pool0-0321 cuda_visible=0 commit=8e9e25ee dirty=0
backend,LIBFABRIC
pipeline_window,32
pipeline_channels,1
proxy_workers,1
engine_progress_thread,1
ordering_rounds,0
minimum_size,1
put_only,0
counter_memory,gpu
device_proxy,1
host_xfer,0
test,size_B,trial,iterations,mean_us,payload_Gbit_s
PUT-ordered-signal-pingpong,8,1,1000,114.407,0.000559405
gpu-enqueue,PUT-ordered-signal-pingpong,8,1,3.23898us/op
PUT-ordered-signal-pingpong,8,2,1000,113.678,0.000562995
gpu-enqueue,PUT-ordered-signal-pingpong,8,2,3.23846us/op
PUT-ordered-signal-pingpong,8,3,1000,113.984,0.00056148
gpu-enqueue,PUT-ordered-signal-pingpong,8,3,3.23546us/op
PUT-ordered-signal-pingpong,8,4,1000,113.866,0.000562063
gpu-enqueue,PUT-ordered-signal-pingpong,8,4,3.24131us/op
PUT-ordered-signal-pingpong,8,5,1000,113.653,0.000563116
gpu-enqueue,PUT-ordered-signal-pingpong,8,5,3.23726us/op
PUT-target,8,1,1000,39.2232,0.00163169
gpu-enqueue,PUT-target,8,1,3.55648us/op
PUT-ordered-signal,8,1,1000,76.4646,0.000836988
gpu-enqueue,PUT-ordered-signal,8,1,3.35994us/op
PUT-target,8,2,1000,38.72,0.00165289
gpu-enqueue,PUT-target,8,2,3.55632us/op
PUT-ordered-signal,8,2,1000,75.7684,0.000844679
gpu-enqueue,PUT-ordered-signal,8,2,3.36083us/op
PUT-target,8,3,1000,38.5675,0.00165943
gpu-enqueue,PUT-target,8,3,3.54957us/op
PUT-ordered-signal,8,3,1000,75.8102,0.000844213
gpu-enqueue,PUT-ordered-signal,8,3,3.36555us/op
PUT-target,8,4,1000,38.6106,0.00165758
gpu-enqueue,PUT-target,8,4,3.55834us/op
PUT-ordered-signal,8,4,1000,75.9336,0.000842842
gpu-enqueue,PUT-ordered-signal,8,4,3.36005us/op
PUT-target,8,5,1000,38.6243,0.00165699
gpu-enqueue,PUT-target,8,5,3.55098us/op
PUT-ordered-signal,8,5,1000,75.5651,0.000846952
gpu-enqueue,PUT-ordered-signal,8,5,3.3639us/op
PUT-target,64,1,1000,38.774,0.0132047
gpu-enqueue,PUT-target,64,1,3.54509us/op
PUT-ordered-signal,64,1,1000,75.9702,0.00673949
gpu-enqueue,PUT-ordered-signal,64,1,3.35922us/op
PUT-target,64,2,1000,38.5714,0.0132741
gpu-enqueue,PUT-target,64,2,3.54346us/op
PUT-ordered-signal,64,2,1000,75.8015,0.00675448
gpu-enqueue,PUT-ordered-signal,64,2,3.36114us/op
PUT-target,64,3,1000,38.7234,0.013222
gpu-enqueue,PUT-target,64,3,3.54502us/op
PUT-ordered-signal,64,3,1000,75.856,0.00674963
gpu-enqueue,PUT-ordered-signal,64,3,3.3628us/op
PUT-target,64,4,1000,38.5138,0.013294
gpu-enqueue,PUT-target,64,4,3.54992us/op
PUT-ordered-signal,64,4,1000,75.6983,0.00676369
gpu-enqueue,PUT-ordered-signal,64,4,3.36309us/op
PUT-target,64,5,1000,38.6108,0.0132605
gpu-enqueue,PUT-target,64,5,3.55091us/op
PUT-ordered-signal,64,5,1000,75.8404,0.00675102
gpu-enqueue,PUT-ordered-signal,64,5,3.35914us/op
PUT-target,128,1,1000,38.6545,0.0264911
gpu-enqueue,PUT-target,128,1,3.55427us/op
PUT-ordered-signal,128,1,1000,75.6868,0.0135294
gpu-enqueue,PUT-ordered-signal,128,1,3.36272us/op
PUT-target,128,2,1000,38.728,0.0264408
gpu-enqueue,PUT-target,128,2,3.55226us/op
PUT-ordered-signal,128,2,1000,76.0553,0.0134639
gpu-enqueue,PUT-ordered-signal,128,2,3.36032us/op
PUT-target,128,3,1000,38.7917,0.0263974
gpu-enqueue,PUT-target,128,3,3.55222us/op
PUT-ordered-signal,128,3,1000,75.8353,0.0135029
gpu-enqueue,PUT-ordered-signal,128,3,3.35806us/op
PUT-target,128,4,1000,38.6505,0.0264938
gpu-enqueue,PUT-target,128,4,3.55117us/op
PUT-ordered-signal,128,4,1000,75.9524,0.0134821
gpu-enqueue,PUT-ordered-signal,128,4,3.36941us/op
PUT-target,128,5,1000,38.7207,0.0264458
gpu-enqueue,PUT-target,128,5,3.55571us/op
PUT-ordered-signal,128,5,1000,75.7461,0.0135188
gpu-enqueue,PUT-ordered-signal,128,5,3.32563us/op
PUT-target,8192,1,500,40.869,1.60356
gpu-enqueue,PUT-target,8192,1,3.44454us/op
PUT-ordered-signal,8192,1,500,78.1789,0.838282
gpu-enqueue,PUT-ordered-signal,8192,1,3.27792us/op
PUT-target,8192,2,500,40.994,1.59867
gpu-enqueue,PUT-target,8192,2,3.45069us/op
PUT-ordered-signal,8192,2,500,78.1336,0.838768
gpu-enqueue,PUT-ordered-signal,8192,2,3.27453us/op
PUT-target,8192,3,500,41.0689,1.59576
gpu-enqueue,PUT-target,8192,3,3.44602us/op
PUT-ordered-signal,8192,3,500,77.7232,0.843197
gpu-enqueue,PUT-ordered-signal,8192,3,3.27872us/op
PUT-target,8192,4,500,40.8326,1.60499
gpu-enqueue,PUT-target,8192,4,3.44403us/op
PUT-ordered-signal,8192,4,500,78.1224,0.838888
gpu-enqueue,PUT-ordered-signal,8192,4,3.27866us/op
PUT-target,8192,5,500,40.9297,1.60119
gpu-enqueue,PUT-target,8192,5,3.44294us/op
PUT-ordered-signal,8192,5,500,78.1168,0.838949
gpu-enqueue,PUT-ordered-signal,8192,5,3.27526us/op
PUT-target,65536,1,200,50.7354,10.3338
gpu-enqueue,PUT-target,65536,1,3.43952us/op
PUT-ordered-signal,65536,1,200,87.373,6.00058
gpu-enqueue,PUT-ordered-signal,65536,1,3.28376us/op
PUT-target,65536,2,200,50.3638,10.41
gpu-enqueue,PUT-target,65536,2,3.4416us/op
PUT-ordered-signal,65536,2,200,87.6797,5.97958
gpu-enqueue,PUT-ordered-signal,65536,2,3.272us/op
PUT-target,65536,3,200,50.1792,10.4483
gpu-enqueue,PUT-target,65536,3,3.44688us/op
PUT-ordered-signal,65536,3,200,87.0594,6.02219
gpu-enqueue,PUT-ordered-signal,65536,3,3.26936us/op
PUT-target,65536,4,200,50.6222,10.3569
gpu-enqueue,PUT-target,65536,4,3.45248us/op
PUT-ordered-signal,65536,4,200,87.6141,5.98406
gpu-enqueue,PUT-ordered-signal,65536,4,3.266us/op
PUT-target,65536,5,200,50.1256,10.4595
gpu-enqueue,PUT-target,65536,5,3.44432us/op
PUT-ordered-signal,65536,5,200,87.2568,6.00856
gpu-enqueue,PUT-ordered-signal,65536,5,3.27736us/op
PUT-pipelined,8192,1,8192,4.1285,15.8741
gpu-enqueue,PUT-pipelined,8192,1,2.78895us/op
PUT-batch-signal,8192,1,8192,5.19081,12.6254
gpu-enqueue,PUT-batch-signal,8192,1,2.84916us/op
PUT-pipelined,8192,2,8192,4.13119,15.8637
gpu-enqueue,PUT-pipelined,8192,2,2.79107us/op
PUT-batch-signal,8192,2,8192,5.19865,12.6064
gpu-enqueue,PUT-batch-signal,8192,2,2.84941us/op
PUT-pipelined,8192,3,8192,4.13385,15.8535
gpu-enqueue,PUT-pipelined,8192,3,2.79048us/op
PUT-batch-signal,8192,3,8192,5.19389,12.6179
gpu-enqueue,PUT-batch-signal,8192,3,2.84941us/op
PUT-pipelined,8192,4,8192,4.12095,15.9031
gpu-enqueue,PUT-pipelined,8192,4,2.78975us/op
PUT-batch-signal,8192,4,8192,5.19189,12.6228
gpu-enqueue,PUT-batch-signal,8192,4,2.8527us/op
PUT-pipelined,8192,5,8192,4.13138,15.863
gpu-enqueue,PUT-pipelined,8192,5,2.78857us/op
PUT-batch-signal,8192,5,8192,5.19533,12.6144
gpu-enqueue,PUT-batch-signal,8192,5,2.85003us/op
PUT-pipelined,65536,1,2048,4.41495,118.753
gpu-enqueue,PUT-pipelined,65536,1,2.77427us/op
PUT-batch-signal,65536,1,2048,5.49566,95.4004
gpu-enqueue,PUT-batch-signal,65536,1,2.83041us/op
PUT-pipelined,65536,2,2048,4.43133,118.314
gpu-enqueue,PUT-pipelined,65536,2,2.7728us/op
PUT-batch-signal,65536,2,2048,5.54295,94.5864
gpu-enqueue,PUT-batch-signal,65536,2,2.83435us/op
PUT-pipelined,65536,3,2048,4.41994,118.619
gpu-enqueue,PUT-pipelined,65536,3,2.77464us/op
PUT-batch-signal,65536,3,2048,5.51713,95.0292
gpu-enqueue,PUT-batch-signal,65536,3,2.83315us/op
PUT-pipelined,65536,4,2048,4.40292,119.077
gpu-enqueue,PUT-pipelined,65536,4,2.77445us/op
PUT-batch-signal,65536,4,2048,5.51511,95.0639
gpu-enqueue,PUT-batch-signal,65536,4,2.83255us/op
PUT-pipelined,65536,5,2048,4.43705,118.161
gpu-enqueue,PUT-pipelined,65536,5,2.7757us/op
PUT-batch-signal,65536,5,2048,5.50283,95.2761
gpu-enqueue,PUT-batch-signal,65536,5,2.84133us/op
PUT-pipelined,1048576,1,256,23.5316,356.482
gpu-enqueue,PUT-pipelined,1048576,1,2.75687us/op
PUT-batch-signal,1048576,1,256,24.6069,340.905
gpu-enqueue,PUT-batch-signal,1048576,1,2.81455us/op
PUT-pipelined,1048576,2,256,23.535,356.431
gpu-enqueue,PUT-pipelined,1048576,2,2.7535us/op
PUT-batch-signal,1048576,2,256,24.6189,340.739
gpu-enqueue,PUT-batch-signal,1048576,2,2.8217us/op
PUT-pipelined,1048576,3,256,23.4245,358.113
gpu-enqueue,PUT-pipelined,1048576,3,2.74975us/op
PUT-batch-signal,1048576,3,256,24.6336,340.535
gpu-enqueue,PUT-batch-signal,1048576,3,2.80958us/op
PUT-pipelined,1048576,4,256,23.5119,356.782
gpu-enqueue,PUT-pipelined,1048576,4,2.75963us/op
PUT-batch-signal,1048576,4,256,24.696,339.675
gpu-enqueue,PUT-batch-signal,1048576,4,2.86158us/op
PUT-pipelined,1048576,5,256,23.582,355.721
gpu-enqueue,PUT-pipelined,1048576,5,2.84313us/op
PUT-batch-signal,1048576,5,256,24.6174,340.76
gpu-enqueue,PUT-batch-signal,1048576,5,2.8897us/op
