host=pool0-0321 cuda_visible=0 commit=8e9e25ee dirty=0
backend,LIBFABRIC
pipeline_window,32
pipeline_channels,4
proxy_workers,4
engine_progress_thread,1
ordering_rounds,0
minimum_size,1
put_only,1
counter_memory,gpu
device_proxy,1
host_xfer,0
test,size_B,trial,iterations,mean_us,payload_Gbit_s
PUT-pipelined,8192,1,32768,1.11532,58.7601
gpu-enqueue,PUT-pipelined,8192,1,2.86215us/op
PUT-pipelined,8192,2,32768,1.11246,58.911
gpu-enqueue,PUT-pipelined,8192,2,2.85478us/op
PUT-pipelined,8192,3,32768,1.11505,58.7738
gpu-enqueue,PUT-pipelined,8192,3,2.85732us/op
PUT-pipelined,8192,4,32768,1.11384,58.8379
gpu-enqueue,PUT-pipelined,8192,4,2.85796us/op
PUT-pipelined,8192,5,32768,1.11482,58.7862
gpu-enqueue,PUT-pipelined,8192,5,2.85766us/op
PUT-pipelined,65536,1,8192,1.80111,291.091
gpu-enqueue,PUT-pipelined,65536,1,2.82897us/op
PUT-pipelined,65536,2,8192,1.79363,292.306
gpu-enqueue,PUT-pipelined,65536,2,2.82162us/op
PUT-pipelined,65536,3,8192,1.802,290.947
gpu-enqueue,PUT-pipelined,65536,3,2.82588us/op
PUT-pipelined,65536,4,8192,1.79596,291.926
gpu-enqueue,PUT-pipelined,65536,4,2.82638us/op
PUT-pipelined,65536,5,8192,1.79708,291.744
gpu-enqueue,PUT-pipelined,65536,5,2.82294us/op
PUT-pipelined,1048576,1,1024,21.5404,389.435
gpu-enqueue,PUT-pipelined,1048576,1,3.32272us/op
PUT-pipelined,1048576,2,1024,21.5271,389.676
gpu-enqueue,PUT-pipelined,1048576,2,3.36444us/op
PUT-pipelined,1048576,3,1024,21.521,389.787
gpu-enqueue,PUT-pipelined,1048576,3,3.36881us/op
PUT-pipelined,1048576,4,1024,21.522,389.768
gpu-enqueue,PUT-pipelined,1048576,4,3.36338us/op
PUT-pipelined,1048576,5,1024,21.5219,389.77
gpu-enqueue,PUT-pipelined,1048576,5,3.34619us/op
