host=pool0-0321 cuda_visible=0 commit=8e9e25ee dirty=0
backend,LIBFABRIC
pipeline_window,32
pipeline_channels,4
proxy_workers,4
engine_progress_thread,1
ordering_rounds,0
minimum_size,1
put_only,1
counter_memory,gpu
device_proxy,1
host_xfer,0
test,size_B,trial,iterations,mean_us,payload_Gbit_s
PUT-pipelined,8192,1,32768,1.11567,58.7412
gpu-enqueue,PUT-pipelined,8192,1,2.85585us/op
PUT-pipelined,8192,2,32768,1.11745,58.6477
gpu-enqueue,PUT-pipelined,8192,2,2.85874us/op
PUT-pipelined,8192,3,32768,1.11623,58.7119
gpu-enqueue,PUT-pipelined,8192,3,2.86161us/op
PUT-pipelined,8192,4,32768,1.14688,57.1431
gpu-enqueue,PUT-pipelined,8192,4,2.88468us/op
PUT-pipelined,8192,5,32768,1.11541,58.7551
gpu-enqueue,PUT-pipelined,8192,5,2.8567us/op
PUT-pipelined,65536,1,8192,1.79568,291.971
gpu-enqueue,PUT-pipelined,65536,1,2.8265us/op
PUT-pipelined,65536,2,8192,1.8,291.271
gpu-enqueue,PUT-pipelined,65536,2,2.82799us/op
PUT-pipelined,65536,3,8192,1.7949,292.098
gpu-enqueue,PUT-pipelined,65536,3,2.82479us/op
PUT-pipelined,65536,4,8192,1.79677,291.795
gpu-enqueue,PUT-pipelined,65536,4,2.82246us/op
PUT-pipelined,65536,5,8192,1.79539,292.019
gpu-enqueue,PUT-pipelined,65536,5,2.82266us/op
PUT-pipelined,1048576,1,1024,21.519,389.824
gpu-enqueue,PUT-pipelined,1048576,1,3.39553us/op
PUT-pipelined,1048576,2,1024,21.5227,389.755
gpu-enqueue,PUT-pipelined,1048576,2,3.35356us/op
PUT-pipelined,1048576,3,1024,21.5275,389.67
gpu-enqueue,PUT-pipelined,1048576,3,3.36534us/op
PUT-pipelined,1048576,4,1024,21.5212,389.783
gpu-enqueue,PUT-pipelined,1048576,4,3.36388us/op
PUT-pipelined,1048576,5,1024,21.5207,389.792
gpu-enqueue,PUT-pipelined,1048576,5,3.38322us/op
