host=pool0-0321 cuda_visible=0 commit=8e9e25ee dirty=0
backend,LIBFABRIC
pipeline_window,32
pipeline_channels,4
proxy_workers,4
engine_progress_thread,1
ordering_rounds,0
minimum_size,1
put_only,1
counter_memory,gpu
device_proxy,1
host_xfer,0
test,size_B,trial,iterations,mean_us,payload_Gbit_s
PUT-target,8,1,1000,37.8837,0.00168938
gpu-enqueue,PUT-target,8,1,3.50547us/op
PUT-target,8,2,1000,37.8945,0.0016889
gpu-enqueue,PUT-target,8,2,3.49786us/op
PUT-target,8,3,1000,37.9391,0.00168691
gpu-enqueue,PUT-target,8,3,3.50192us/op
PUT-target,8,4,1000,37.8832,0.0016894
gpu-enqueue,PUT-target,8,4,3.50336us/op
PUT-target,8,5,1000,37.8261,0.00169195
gpu-enqueue,PUT-target,8,5,3.49981us/op
PUT-target,64,1,1000,38.0308,0.0134628
gpu-enqueue,PUT-target,64,1,3.50803us/op
PUT-target,64,2,1000,38.0154,0.0134682
gpu-enqueue,PUT-target,64,2,3.50474us/op
PUT-target,64,3,1000,37.9273,0.0134995
gpu-enqueue,PUT-target,64,3,3.50195us/op
PUT-target,64,4,1000,37.9264,0.0134998
gpu-enqueue,PUT-target,64,4,3.5049us/op
PUT-target,64,5,1000,37.9583,0.0134885
gpu-enqueue,PUT-target,64,5,3.5015us/op
PUT-target,128,1,1000,38.0192,0.0269338
gpu-enqueue,PUT-target,128,1,3.50672us/op
PUT-target,128,2,1000,38.0677,0.0268995
gpu-enqueue,PUT-target,128,2,3.50595us/op
PUT-target,128,3,1000,38.0977,0.0268782
gpu-enqueue,PUT-target,128,3,3.50822us/op
PUT-target,128,4,1000,38.1098,0.0268697
gpu-enqueue,PUT-target,128,4,3.51024us/op
PUT-target,128,5,1000,38.032,0.0269247
gpu-enqueue,PUT-target,128,5,3.50294us/op
PUT-target,8192,1,500,40.7252,1.60922
gpu-enqueue,PUT-target,8192,1,3.49754us/op
PUT-target,8192,2,500,40.8819,1.60306
gpu-enqueue,PUT-target,8192,2,3.50086us/op
PUT-target,8192,3,500,40.8234,1.60535
gpu-enqueue,PUT-target,8192,3,3.49722us/op
PUT-target,8192,4,500,40.8035,1.60614
gpu-enqueue,PUT-target,8192,4,3.49766us/op
PUT-target,8192,5,500,40.7827,1.60696
gpu-enqueue,PUT-target,8192,5,3.49779us/op
PUT-target,65536,1,200,50.0382,10.4777
gpu-enqueue,PUT-target,65536,1,3.47952us/op
PUT-target,65536,2,200,50.1341,10.4577
gpu-enqueue,PUT-target,65536,2,3.48368us/op
PUT-target,65536,3,200,49.8069,10.5264
gpu-enqueue,PUT-target,65536,3,3.48752us/op
PUT-target,65536,4,200,50.1666,10.4509
gpu-enqueue,PUT-target,65536,4,3.48us/op
PUT-target,65536,5,200,50.1181,10.4611
gpu-enqueue,PUT-target,65536,5,3.484us/op
PUT-pipelined,8192,1,32768,1.23277,53.1616
gpu-enqueue,PUT-pipelined,8192,1,2.96496us/op
PUT-pipelined,8192,2,32768,1.11164,58.9541
gpu-enqueue,PUT-pipelined,8192,2,2.86718us/op
PUT-pipelined,8192,3,32768,1.11652,58.6965
gpu-enqueue,PUT-pipelined,8192,3,2.87139us/op
PUT-pipelined,8192,4,32768,1.11604,58.7218
gpu-enqueue,PUT-pipelined,8192,4,2.87018us/op
PUT-pipelined,8192,5,32768,1.11541,58.7551
gpu-enqueue,PUT-pipelined,8192,5,2.86824us/op
PUT-pipelined,65536,1,8192,1.80208,290.935
gpu-enqueue,PUT-pipelined,65536,1,2.84832us/op
PUT-pipelined,65536,2,8192,1.80436,290.567
gpu-enqueue,PUT-pipelined,65536,2,2.84702us/op
PUT-pipelined,65536,3,8192,1.80134,291.055
gpu-enqueue,PUT-pipelined,65536,3,2.84347us/op
PUT-pipelined,65536,4,8192,1.80371,290.671
gpu-enqueue,PUT-pipelined,65536,4,2.85275us/op
PUT-pipelined,65536,5,8192,1.79958,291.339
gpu-enqueue,PUT-pipelined,65536,5,2.84368us/op
PUT-pipelined,1048576,1,1024,21.523,389.751
gpu-enqueue,PUT-pipelined,1048576,1,3.35197us/op
PUT-pipelined,1048576,2,1024,21.549,389.281
gpu-enqueue,PUT-pipelined,1048576,2,3.34581us/op
PUT-pipelined,1048576,3,1024,21.5269,389.68
gpu-enqueue,PUT-pipelined,1048576,3,3.35344us/op
PUT-pipelined,1048576,4,1024,21.5272,389.675
gpu-enqueue,PUT-pipelined,1048576,4,3.38291us/op
PUT-pipelined,1048576,5,1024,21.5227,389.757
gpu-enqueue,PUT-pipelined,1048576,5,3.3785us/op
