host=pool0-0321 cuda_visible=0 commit=8e9e25ee dirty=0
backend,LIBFABRIC
pipeline_window,32
pipeline_channels,4
proxy_workers,4
engine_progress_thread,1
ordering_rounds,0
minimum_size,1
put_only,1
counter_memory,gpu
device_proxy,1
host_xfer,0
test,size_B,trial,iterations,mean_us,payload_Gbit_s
PUT-pipelined,8192,1,32768,1.11492,58.7807
gpu-enqueue,PUT-pipelined,8192,1,2.85915us/op
PUT-pipelined,8192,2,32768,1.1136,58.8504
gpu-enqueue,PUT-pipelined,8192,2,2.85434us/op
PUT-pipelined,8192,3,32768,1.11733,58.6543
gpu-enqueue,PUT-pipelined,8192,3,2.86122us/op
PUT-pipelined,8192,4,32768,1.11449,58.8035
gpu-enqueue,PUT-pipelined,8192,4,2.85766us/op
PUT-pipelined,8192,5,32768,1.11421,58.8185
gpu-enqueue,PUT-pipelined,8192,5,2.85634us/op
PUT-pipelined,65536,1,8192,1.79939,291.37
gpu-enqueue,PUT-pipelined,65536,1,2.829us/op
PUT-pipelined,65536,2,8192,1.79698,291.761
gpu-enqueue,PUT-pipelined,65536,2,2.82488us/op
PUT-pipelined,65536,3,8192,1.80401,290.624
gpu-enqueue,PUT-pipelined,65536,3,2.83277us/op
PUT-pipelined,65536,4,8192,1.79963,291.331
gpu-enqueue,PUT-pipelined,65536,4,2.82842us/op
PUT-pipelined,65536,5,8192,1.79397,292.25
gpu-enqueue,PUT-pipelined,65536,5,2.82173us/op
PUT-pipelined,1048576,1,1024,21.5237,389.737
gpu-enqueue,PUT-pipelined,1048576,1,3.34756us/op
PUT-pipelined,1048576,2,1024,21.5212,389.784
gpu-enqueue,PUT-pipelined,1048576,2,3.37375us/op
PUT-pipelined,1048576,3,1024,21.5192,389.819
gpu-enqueue,PUT-pipelined,1048576,3,3.37462us/op
PUT-pipelined,1048576,4,1024,21.5212,389.784
gpu-enqueue,PUT-pipelined,1048576,4,3.37144us/op
PUT-pipelined,1048576,5,1024,21.5258,389.7
gpu-enqueue,PUT-pipelined,1048576,5,3.32156us/op
