host=pool0-0321 cuda_visible=0 commit=8e9e25ee dirty=0
backend,LIBFABRIC
pipeline_window,32
pipeline_channels,1
proxy_workers,1
engine_progress_thread,1
ordering_rounds,0
minimum_size,1
put_only,0
counter_memory,gpu
device_proxy,1
host_xfer,0
test,size_B,trial,iterations,mean_us,payload_Gbit_s
PUT-ordered-signal-pingpong,8,1,1000,114.655,0.000558196
gpu-enqueue,PUT-ordered-signal-pingpong,8,1,3.23454us/op
PUT-ordered-signal-pingpong,8,2,1000,114.184,0.000560498
gpu-enqueue,PUT-ordered-signal-pingpong,8,2,3.23459us/op
PUT-ordered-signal-pingpong,8,3,1000,114.766,0.000557659
gpu-enqueue,PUT-ordered-signal-pingpong,8,3,3.23637us/op
PUT-ordered-signal-pingpong,8,4,1000,114.343,0.000559721
gpu-enqueue,PUT-ordered-signal-pingpong,8,4,3.23421us/op
PUT-ordered-signal-pingpong,8,5,1000,114.269,0.000560082
gpu-enqueue,PUT-ordered-signal-pingpong,8,5,3.23317us/op
PUT-target,8,1,1000,38.926,0.00164414
gpu-enqueue,PUT-target,8,1,3.52851us/op
PUT-ordered-signal,8,1,1000,76.2092,0.000839794
gpu-enqueue,PUT-ordered-signal,8,1,3.33325us/op
PUT-target,8,2,1000,38.1594,0.00167718
gpu-enqueue,PUT-target,8,2,3.53568us/op
PUT-ordered-signal,8,2,1000,75.5423,0.000847207
gpu-enqueue,PUT-ordered-signal,8,2,3.33358us/op
PUT-target,8,3,1000,38.1933,0.00167569
gpu-enqueue,PUT-target,8,3,3.5336us/op
PUT-ordered-signal,8,3,1000,75.28,0.00085016
gpu-enqueue,PUT-ordered-signal,8,3,3.33605us/op
PUT-target,8,4,1000,38.1594,0.00167717
gpu-enqueue,PUT-target,8,4,3.536us/op
PUT-ordered-signal,8,4,1000,75.3577,0.000849283
gpu-enqueue,PUT-ordered-signal,8,4,3.33536us/op
PUT-target,8,5,1000,38.1958,0.00167558
gpu-enqueue,PUT-target,8,5,3.53299us/op
PUT-ordered-signal,8,5,1000,75.5249,0.000847402
gpu-enqueue,PUT-ordered-signal,8,5,3.33453us/op
PUT-target,64,1,1000,38.3329,0.0133567
gpu-enqueue,PUT-target,64,1,3.53165us/op
PUT-ordered-signal,64,1,1000,75.6799,0.00676533
gpu-enqueue,PUT-ordered-signal,64,1,3.33155us/op
PUT-target,64,2,1000,38.636,0.0132519
gpu-enqueue,PUT-target,64,2,3.53014us/op
PUT-ordered-signal,64,2,1000,75.7626,0.00675795
gpu-enqueue,PUT-ordered-signal,64,2,3.33448us/op
PUT-target,64,3,1000,38.4034,0.0133322
gpu-enqueue,PUT-target,64,3,3.52816us/op
PUT-ordered-signal,64,3,1000,75.5709,0.00677509
gpu-enqueue,PUT-ordered-signal,64,3,3.3355us/op
PUT-target,64,4,1000,38.339,0.0133546
gpu-enqueue,PUT-target,64,4,3.53018us/op
PUT-ordered-signal,64,4,1000,75.5651,0.00677562
gpu-enqueue,PUT-ordered-signal,64,4,3.34027us/op
PUT-target,64,5,1000,38.3188,0.0133616
gpu-enqueue,PUT-target,64,5,3.52742us/op
PUT-ordered-signal,64,5,1000,75.5321,0.00677858
gpu-enqueue,PUT-ordered-signal,64,5,3.33405us/op
PUT-target,128,1,1000,38.2005,0.0268059
gpu-enqueue,PUT-target,128,1,3.53914us/op
PUT-ordered-signal,128,1,1000,75.5243,0.0135586
gpu-enqueue,PUT-ordered-signal,128,1,3.3335us/op
PUT-target,128,2,1000,38.1386,0.0268494
gpu-enqueue,PUT-target,128,2,3.53213us/op
PUT-ordered-signal,128,2,1000,75.4841,0.0135658
gpu-enqueue,PUT-ordered-signal,128,2,3.3327us/op
PUT-target,128,3,1000,38.1139,0.0268668
gpu-enqueue,PUT-target,128,3,3.52835us/op
PUT-ordered-signal,128,3,1000,75.2934,0.0136001
gpu-enqueue,PUT-ordered-signal,128,3,3.33286us/op
PUT-target,128,4,1000,38.2844,0.0267472
gpu-enqueue,PUT-target,128,4,3.5344us/op
PUT-ordered-signal,128,4,1000,75.6959,0.0135278
gpu-enqueue,PUT-ordered-signal,128,4,3.33429us/op
PUT-target,128,5,1000,38.3665,0.02669
gpu-enqueue,PUT-target,128,5,3.5351us/op
PUT-ordered-signal,128,5,1000,75.5154,0.0135602
gpu-enqueue,PUT-ordered-signal,128,5,3.33326us/op
PUT-target,8192,1,500,41.2511,1.58871
gpu-enqueue,PUT-target,8192,1,3.52826us/op
PUT-ordered-signal,8192,1,500,78.188,0.838185
gpu-enqueue,PUT-ordered-signal,8192,1,3.33622us/op
PUT-target,8192,2,500,41.3252,1.58586
gpu-enqueue,PUT-target,8192,2,3.52198us/op
PUT-ordered-signal,8192,2,500,78.4569,0.835312
gpu-enqueue,PUT-ordered-signal,8192,2,3.33293us/op
PUT-target,8192,3,500,41.3836,1.58362
gpu-enqueue,PUT-target,8192,3,3.52576us/op
PUT-ordered-signal,8192,3,500,79.2097,0.827373
gpu-enqueue,PUT-ordered-signal,8192,3,3.33613us/op
PUT-target,8192,4,500,41.215,1.5901
gpu-enqueue,PUT-target,8192,4,3.53325us/op
PUT-ordered-signal,8192,4,500,79.0769,0.828763
gpu-enqueue,PUT-ordered-signal,8192,4,3.33043us/op
PUT-target,8192,5,500,41.2371,1.58925
gpu-enqueue,PUT-target,8192,5,3.53037us/op
PUT-ordered-signal,8192,5,500,79.2778,0.826662
gpu-enqueue,PUT-ordered-signal,8192,5,3.33261us/op
PUT-target,65536,1,200,50.6454,10.3521
gpu-enqueue,PUT-target,65536,1,3.51904us/op
PUT-ordered-signal,65536,1,200,88.6704,5.91277
gpu-enqueue,PUT-ordered-signal,65536,1,3.33088us/op
PUT-target,65536,2,200,50.7034,10.3403
gpu-enqueue,PUT-target,65536,2,3.52064us/op
PUT-ordered-signal,65536,2,200,87.9798,5.95918
gpu-enqueue,PUT-ordered-signal,65536,2,3.3328us/op
PUT-target,65536,3,200,50.5093,10.38
gpu-enqueue,PUT-target,65536,3,3.52448us/op
PUT-ordered-signal,65536,3,200,88.3885,5.93163
gpu-enqueue,PUT-ordered-signal,65536,3,3.33464us/op
PUT-target,65536,4,200,50.8162,10.3173
gpu-enqueue,PUT-target,65536,4,3.54528us/op
PUT-ordered-signal,65536,4,200,88.2219,5.94283
gpu-enqueue,PUT-ordered-signal,65536,4,3.32968us/op
PUT-target,65536,5,200,50.5698,10.3676
gpu-enqueue,PUT-target,65536,5,3.52us/op
PUT-ordered-signal,65536,5,200,88.3798,5.93221
gpu-enqueue,PUT-ordered-signal,65536,5,3.33192us/op
PUT-pipelined,8192,1,8192,4.22406,15.5149
gpu-enqueue,PUT-pipelined,8192,1,2.87248us/op
PUT-batch-signal,8192,1,8192,5.24922,12.4849
gpu-enqueue,PUT-batch-signal,8192,1,2.87072us/op
PUT-pipelined,8192,2,8192,4.21905,15.5334
gpu-enqueue,PUT-pipelined,8192,2,2.87216us/op
PUT-batch-signal,8192,2,8192,5.21,12.5789
gpu-enqueue,PUT-batch-signal,8192,2,2.84615us/op
PUT-pipelined,8192,3,8192,4.11353,15.9318
gpu-enqueue,PUT-pipelined,8192,3,2.78893us/op
PUT-batch-signal,8192,3,8192,5.17337,12.6679
gpu-enqueue,PUT-batch-signal,8192,3,2.82581us/op
PUT-pipelined,8192,4,8192,4.11827,15.9135
gpu-enqueue,PUT-pipelined,8192,4,2.79048us/op
PUT-batch-signal,8192,4,8192,5.17911,12.6539
gpu-enqueue,PUT-batch-signal,8192,4,2.82467us/op
PUT-pipelined,8192,5,8192,4.11606,15.922
gpu-enqueue,PUT-pipelined,8192,5,2.79039us/op
PUT-batch-signal,8192,5,8192,5.16707,12.6834
gpu-enqueue,PUT-batch-signal,8192,5,2.82531us/op
PUT-pipelined,65536,1,2048,4.42272,118.544
gpu-enqueue,PUT-pipelined,65536,1,2.77381us/op
PUT-batch-signal,65536,1,2048,5.47677,95.7295
gpu-enqueue,PUT-batch-signal,65536,1,2.80497us/op
PUT-pipelined,65536,2,2048,4.41458,118.763
gpu-enqueue,PUT-pipelined,65536,2,2.77438us/op
PUT-batch-signal,65536,2,2048,5.48452,95.5942
gpu-enqueue,PUT-batch-signal,65536,2,2.806us/op
PUT-pipelined,65536,3,2048,4.44219,118.025
gpu-enqueue,PUT-pipelined,65536,3,2.7817us/op
PUT-batch-signal,65536,3,2048,5.47427,95.7732
gpu-enqueue,PUT-batch-signal,65536,3,2.80871us/op
PUT-pipelined,65536,4,2048,4.41116,118.855
gpu-enqueue,PUT-pipelined,65536,4,2.77472us/op
PUT-batch-signal,65536,4,2048,5.47333,95.7896
gpu-enqueue,PUT-batch-signal,65536,4,2.80533us/op
PUT-pipelined,65536,5,2048,4.4285,118.39
gpu-enqueue,PUT-pipelined,65536,5,2.77408us/op
PUT-batch-signal,65536,5,2048,5.49478,95.4156
gpu-enqueue,PUT-batch-signal,65536,5,2.80836us/op
PUT-pipelined,1048576,1,256,23.4773,357.308
gpu-enqueue,PUT-pipelined,1048576,1,2.75312us/op
PUT-batch-signal,1048576,1,256,24.5806,341.269
gpu-enqueue,PUT-batch-signal,1048576,1,2.79152us/op
PUT-pipelined,1048576,2,256,23.5203,356.655
gpu-enqueue,PUT-pipelined,1048576,2,2.76213us/op
PUT-batch-signal,1048576,2,256,24.5734,341.37
gpu-enqueue,PUT-batch-signal,1048576,2,2.79224us/op
PUT-pipelined,1048576,3,256,23.5809,355.738
gpu-enqueue,PUT-pipelined,1048576,3,2.75362us/op
PUT-batch-signal,1048576,3,256,24.5891,341.151
gpu-enqueue,PUT-batch-signal,1048576,3,2.79115us/op
PUT-pipelined,1048576,4,256,23.5158,356.723
gpu-enqueue,PUT-pipelined,1048576,4,2.75462us/op
PUT-batch-signal,1048576,4,256,24.5821,341.248
gpu-enqueue,PUT-batch-signal,1048576,4,2.78958us/op
PUT-pipelined,1048576,5,256,23.4958,357.027
gpu-enqueue,PUT-pipelined,1048576,5,2.75425us/op
PUT-batch-signal,1048576,5,256,24.6826,339.859
gpu-enqueue,PUT-batch-signal,1048576,5,2.78691us/op
