host=pool0-0321 cuda_visible=0 commit=8e9e25ee dirty=0
backend,LIBFABRIC
pipeline_window,32
pipeline_channels,1
proxy_workers,1
engine_progress_thread,1
ordering_rounds,0
minimum_size,1
put_only,0
counter_memory,gpu
device_proxy,1
host_xfer,0
test,size_B,trial,iterations,mean_us,payload_Gbit_s
PUT-ordered-signal-pingpong,8,1,1000,115.345,0.000554859
gpu-enqueue,PUT-ordered-signal-pingpong,8,1,3.23528us/op
PUT-ordered-signal-pingpong,8,2,1000,114.463,0.000559134
gpu-enqueue,PUT-ordered-signal-pingpong,8,2,3.23638us/op
PUT-ordered-signal-pingpong,8,3,1000,114.668,0.000558133
gpu-enqueue,PUT-ordered-signal-pingpong,8,3,3.2321us/op
PUT-ordered-signal-pingpong,8,4,1000,114.792,0.000557532
gpu-enqueue,PUT-ordered-signal-pingpong,8,4,3.23384us/op
PUT-ordered-signal-pingpong,8,5,1000,114.688,0.000558036
gpu-enqueue,PUT-ordered-signal-pingpong,8,5,3.23534us/op
PUT-target,8,1,1000,38.9491,0.00164317
gpu-enqueue,PUT-target,8,1,3.52701us/op
PUT-ordered-signal,8,1,1000,76.7811,0.000833539
gpu-enqueue,PUT-ordered-signal,8,1,3.3372us/op
PUT-target,8,2,1000,38.3793,0.00166757
gpu-enqueue,PUT-target,8,2,3.52861us/op
PUT-ordered-signal,8,2,1000,76.0927,0.000841079
gpu-enqueue,PUT-ordered-signal,8,2,3.33474us/op
PUT-target,8,3,1000,38.5208,0.00166144
gpu-enqueue,PUT-target,8,3,3.52797us/op
PUT-ordered-signal,8,3,1000,75.989,0.000842227
gpu-enqueue,PUT-ordered-signal,8,3,3.33442us/op
PUT-target,8,4,1000,38.2654,0.00167253
gpu-enqueue,PUT-target,8,4,3.52582us/op
PUT-ordered-signal,8,4,1000,75.7849,0.000844495
gpu-enqueue,PUT-ordered-signal,8,4,3.33682us/op
PUT-target,8,5,1000,38.3271,0.00166984
gpu-enqueue,PUT-target,8,5,3.52301us/op
PUT-ordered-signal,8,5,1000,75.8652,0.000843601
gpu-enqueue,PUT-ordered-signal,8,5,3.33576us/op
PUT-target,64,1,1000,38.2743,0.0133771
gpu-enqueue,PUT-target,64,1,3.5263us/op
PUT-ordered-signal,64,1,1000,75.8624,0.00674906
gpu-enqueue,PUT-ordered-signal,64,1,3.33658us/op
PUT-target,64,2,1000,38.3543,0.0133492
gpu-enqueue,PUT-target,64,2,3.52656us/op
PUT-ordered-signal,64,2,1000,76.0269,0.00673445
gpu-enqueue,PUT-ordered-signal,64,2,3.33654us/op
PUT-target,64,3,1000,38.2982,0.0133688
gpu-enqueue,PUT-target,64,3,3.52496us/op
PUT-ordered-signal,64,3,1000,76.0918,0.00672872
gpu-enqueue,PUT-ordered-signal,64,3,3.33467us/op
PUT-target,64,4,1000,38.5478,0.0132822
gpu-enqueue,PUT-target,64,4,3.52768us/op
PUT-ordered-signal,64,4,1000,76.1982,0.00671932
gpu-enqueue,PUT-ordered-signal,64,4,3.33536us/op
PUT-target,64,5,1000,38.4323,0.0133221
gpu-enqueue,PUT-target,64,5,3.52486us/op
PUT-ordered-signal,64,5,1000,76.2154,0.00671781
gpu-enqueue,PUT-ordered-signal,64,5,3.3359us/op
PUT-target,128,1,1000,38.5234,0.0265813
gpu-enqueue,PUT-target,128,1,3.53341us/op
PUT-ordered-signal,128,1,1000,76.2206,0.0134347
gpu-enqueue,PUT-ordered-signal,128,1,3.33566us/op
PUT-target,128,2,1000,38.6098,0.0265218
gpu-enqueue,PUT-target,128,2,3.52854us/op
PUT-ordered-signal,128,2,1000,76.3036,0.0134201
gpu-enqueue,PUT-ordered-signal,128,2,3.34576us/op
PUT-target,128,3,1000,38.6204,0.0265145
gpu-enqueue,PUT-target,128,3,3.52422us/op
PUT-ordered-signal,128,3,1000,75.9375,0.0134848
gpu-enqueue,PUT-ordered-signal,128,3,3.33549us/op
PUT-target,128,4,1000,38.3681,0.0266888
gpu-enqueue,PUT-target,128,4,3.52304us/op
PUT-ordered-signal,128,4,1000,75.6425,0.0135374
gpu-enqueue,PUT-ordered-signal,128,4,3.33749us/op
PUT-target,128,5,1000,38.3847,0.0266773
gpu-enqueue,PUT-target,128,5,3.5263us/op
PUT-ordered-signal,128,5,1000,75.8534,0.0134997
gpu-enqueue,PUT-ordered-signal,128,5,3.3373us/op
PUT-target,8192,1,500,41.3617,1.58446
gpu-enqueue,PUT-target,8192,1,3.52192us/op
PUT-ordered-signal,8192,1,500,78.9254,0.830354
gpu-enqueue,PUT-ordered-signal,8192,1,3.33514us/op
PUT-target,8192,2,500,41.3953,1.58317
gpu-enqueue,PUT-target,8192,2,3.52301us/op
PUT-ordered-signal,8192,2,500,78.7281,0.832435
gpu-enqueue,PUT-ordered-signal,8192,2,3.33485us/op
PUT-target,8192,3,500,41.2341,1.58936
gpu-enqueue,PUT-target,8192,3,3.52474us/op
PUT-ordered-signal,8192,3,500,78.7276,0.83244
gpu-enqueue,PUT-ordered-signal,8192,3,3.3335us/op
PUT-target,8192,4,500,41.2077,1.59038
gpu-enqueue,PUT-target,8192,4,3.52698us/op
PUT-ordered-signal,8192,4,500,78.7644,0.832052
gpu-enqueue,PUT-ordered-signal,8192,4,3.33712us/op
PUT-target,8192,5,500,41.354,1.58476
gpu-enqueue,PUT-target,8192,5,3.5264us/op
PUT-ordered-signal,8192,5,500,78.6645,0.833108
gpu-enqueue,PUT-ordered-signal,8192,5,3.33558us/op
PUT-target,65536,1,200,50.6664,10.3478
gpu-enqueue,PUT-target,65536,1,3.52352us/op
PUT-ordered-signal,65536,1,200,88.065,5.95342
gpu-enqueue,PUT-ordered-signal,65536,1,3.33688us/op
PUT-target,65536,2,200,50.0878,10.4674
gpu-enqueue,PUT-target,65536,2,3.52352us/op
PUT-ordered-signal,65536,2,200,87.791,5.972
gpu-enqueue,PUT-ordered-signal,65536,2,3.33136us/op
PUT-target,65536,3,200,50.3469,10.4135
gpu-enqueue,PUT-target,65536,3,3.52us/op
PUT-ordered-signal,65536,3,200,87.7491,5.97485
gpu-enqueue,PUT-ordered-signal,65536,3,3.34016us/op
PUT-target,65536,4,200,50.5136,10.3791
gpu-enqueue,PUT-target,65536,4,3.52656us/op
PUT-ordered-signal,65536,4,200,88.0638,5.9535
gpu-enqueue,PUT-ordered-signal,65536,4,3.33688us/op
PUT-target,65536,5,200,50.2701,10.4294
gpu-enqueue,PUT-target,65536,5,3.52224us/op
PUT-ordered-signal,65536,5,200,87.5118,5.99105
gpu-enqueue,PUT-ordered-signal,65536,5,3.32816us/op
PUT-pipelined,8192,1,8192,4.20915,15.5699
gpu-enqueue,PUT-pipelined,8192,1,2.87139us/op
PUT-batch-signal,8192,1,8192,5.23598,12.5165
gpu-enqueue,PUT-batch-signal,8192,1,2.87939us/op
PUT-pipelined,8192,2,8192,4.21795,15.5374
gpu-enqueue,PUT-pipelined,8192,2,2.87228us/op
PUT-batch-signal,8192,2,8192,5.23914,12.5089
gpu-enqueue,PUT-batch-signal,8192,2,2.87983us/op
PUT-pipelined,8192,3,8192,4.21654,15.5426
gpu-enqueue,PUT-pipelined,8192,3,2.87097us/op
PUT-batch-signal,8192,3,8192,5.17889,12.6545
gpu-enqueue,PUT-batch-signal,8192,3,2.83613us/op
PUT-pipelined,8192,4,8192,4.11159,15.9393
gpu-enqueue,PUT-pipelined,8192,4,2.78977us/op
PUT-batch-signal,8192,4,8192,5.17238,12.6704
gpu-enqueue,PUT-batch-signal,8192,4,2.83215us/op
PUT-pipelined,8192,5,8192,4.11082,15.9423
gpu-enqueue,PUT-pipelined,8192,5,2.79049us/op
PUT-batch-signal,8192,5,8192,5.16439,12.69
gpu-enqueue,PUT-batch-signal,8192,5,2.82941us/op
PUT-pipelined,65536,1,2048,4.43247,118.284
gpu-enqueue,PUT-pipelined,65536,1,2.78283us/op
PUT-batch-signal,65536,1,2048,5.49606,95.3934
gpu-enqueue,PUT-batch-signal,65536,1,2.80998us/op
PUT-pipelined,65536,2,2048,4.42077,118.597
gpu-enqueue,PUT-pipelined,65536,2,2.77533us/op
PUT-batch-signal,65536,2,2048,5.45244,96.1566
gpu-enqueue,PUT-batch-signal,65536,2,2.81023us/op
PUT-pipelined,65536,3,2048,4.42128,118.583
gpu-enqueue,PUT-pipelined,65536,3,2.77577us/op
PUT-batch-signal,65536,3,2048,5.4742,95.7743
gpu-enqueue,PUT-batch-signal,65536,3,2.80985us/op
PUT-pipelined,65536,4,2048,4.40952,118.899
gpu-enqueue,PUT-pipelined,65536,4,2.77373us/op
PUT-batch-signal,65536,4,2048,5.46494,95.9367
gpu-enqueue,PUT-batch-signal,65536,4,2.80971us/op
PUT-pipelined,65536,5,2048,4.40075,119.136
gpu-enqueue,PUT-pipelined,65536,5,2.77411us/op
PUT-batch-signal,65536,5,2048,5.47552,95.7513
gpu-enqueue,PUT-batch-signal,65536,5,2.8153us/op
PUT-pipelined,1048576,1,256,23.483,357.22
gpu-enqueue,PUT-pipelined,1048576,1,2.7585us/op
PUT-batch-signal,1048576,1,256,24.6943,339.699
gpu-enqueue,PUT-batch-signal,1048576,1,2.7903us/op
PUT-pipelined,1048576,2,256,23.4775,357.304
gpu-enqueue,PUT-pipelined,1048576,2,2.754us/op
PUT-batch-signal,1048576,2,256,24.6544,340.248
gpu-enqueue,PUT-batch-signal,1048576,2,2.79127us/op
PUT-pipelined,1048576,3,256,23.5485,356.227
gpu-enqueue,PUT-pipelined,1048576,3,2.75975us/op
PUT-batch-signal,1048576,3,256,24.62,340.723
gpu-enqueue,PUT-batch-signal,1048576,3,2.78873us/op
PUT-pipelined,1048576,4,256,23.4811,357.249
gpu-enqueue,PUT-pipelined,1048576,4,2.761us/op
PUT-batch-signal,1048576,4,256,24.5919,341.113
gpu-enqueue,PUT-batch-signal,1048576,4,2.78764us/op
PUT-pipelined,1048576,5,256,23.5317,356.48
gpu-enqueue,PUT-pipelined,1048576,5,2.7555us/op
PUT-batch-signal,1048576,5,256,24.6283,340.609
gpu-enqueue,PUT-batch-signal,1048576,5,2.79564us/op
