host=pool0-0321 cuda_visible=0 commit=8e9e25ee dirty=0
backend,LIBFABRIC
pipeline_window,32
pipeline_channels,4
proxy_workers,4
engine_progress_thread,1
ordering_rounds,0
minimum_size,1
put_only,1
counter_memory,gpu
device_proxy,1
host_xfer,1
test,size_B,trial,iterations,mean_us,payload_Gbit_s
HOST-write,65536,1,400,46.5081,180.369
HOST-write,65536,2,400,46.2704,181.295
HOST-write,65536,3,400,46.1837,181.636
HOST-write,65536,4,400,46.5847,180.072
HOST-write,65536,5,400,46.9664,178.609
HOST-write,1048576,1,400,41.7393,200.976
HOST-write,1048576,2,400,42.0375,199.551
HOST-write,1048576,3,400,42.1506,199.015
HOST-write,1048576,4,400,42.3257,198.192
HOST-write,1048576,5,400,41.9355,200.036
