host=pool0-0321 cuda_visible=0 commit=8e9e25ee dirty=0
backend_param,efa_proxy_test_fence_off=1
backend_param,device_proxy=true
backend_param,proxy_channel_count=4
backend_param,proxy_thread_count=4
backend_param,efa_proxy_ordering=sender
backend_param,proxy_max_peers=1
backend,LIBFABRIC
pipeline_window,32
pipeline_channels,4
proxy_workers,4
engine_progress_thread,1
ordering_rounds,0
minimum_size,1
put_only,1
counter_memory,gpu
device_proxy,1
host_xfer,0
test,size_B,trial,iterations,mean_us,payload_Gbit_s
HOST-concurrent,1048576,1,13264,44.0717,190.34
PUT-pipelined,16384,1,262144,2.22972,58.784
gpu-enqueue,PUT-pipelined,16384,1,3.12247us/op
HOST-concurrent,1048576,2,14168,41.7149,201.094
PUT-pipelined,16384,2,262144,2.2543,58.1432
gpu-enqueue,PUT-pipelined,16384,2,3.11199us/op
HOST-concurrent,1048576,3,14448,41.9889,199.782
PUT-pipelined,16384,3,262144,2.3139,56.6456
gpu-enqueue,PUT-pipelined,16384,3,3.11729us/op
HOST-concurrent,1048576,4,12088,45.7108,183.515
PUT-pipelined,16384,4,262144,2.10778,62.185
gpu-enqueue,PUT-pipelined,16384,4,3.16181us/op
HOST-concurrent,1048576,5,14312,41.8653,200.371
PUT-pipelined,16384,5,262144,2.28553,57.3487
gpu-enqueue,PUT-pipelined,16384,5,3.11589us/op
