host=pool0-0321 cuda_visible=0 commit=8e9e25ee dirty=0
backend_param,efa_proxy_test_fence_off=1
backend_param,device_proxy=true
backend_param,proxy_channel_count=1
backend_param,proxy_thread_count=1
backend_param,efa_proxy_ordering=sender
backend_param,proxy_max_peers=1
backend,LIBFABRIC
pipeline_window,32
pipeline_channels,1
proxy_workers,1
engine_progress_thread,1
ordering_rounds,0
minimum_size,1
put_only,0
counter_memory,gpu
device_proxy,1
host_xfer,0
test,size_B,trial,iterations,mean_us,payload_Gbit_s
PUT-ordered-signal-pingpong,8,1,1000,58.6219,0.00109174
gpu-enqueue,PUT-ordered-signal-pingpong,8,1,3.23472us/op
PUT-ordered-signal-pingpong,8,2,1000,58.5773,0.00109257
gpu-enqueue,PUT-ordered-signal-pingpong,8,2,3.23574us/op
PUT-ordered-signal-pingpong,8,3,1000,58.5386,0.0010933
gpu-enqueue,PUT-ordered-signal-pingpong,8,3,3.23099us/op
PUT-ordered-signal-pingpong,8,4,1000,58.4888,0.00109423
gpu-enqueue,PUT-ordered-signal-pingpong,8,4,3.23485us/op
PUT-ordered-signal-pingpong,8,5,1000,58.5881,0.00109237
gpu-enqueue,PUT-ordered-signal-pingpong,8,5,3.24069us/op
PUT-target,8,1,1000,39.2503,0.00163056
gpu-enqueue,PUT-target,8,1,3.54179us/op
PUT-ordered-signal,8,1,1000,49.5607,0.00129134
gpu-enqueue,PUT-ordered-signal,8,1,3.37234us/op
PUT-target,8,2,1000,38.7608,0.00165115
gpu-enqueue,PUT-target,8,2,3.53949us/op
PUT-ordered-signal,8,2,1000,48.5588,0.00131799
gpu-enqueue,PUT-ordered-signal,8,2,3.32011us/op
PUT-target,8,3,1000,37.9405,0.00168685
gpu-enqueue,PUT-target,8,3,3.44864us/op
PUT-ordered-signal,8,3,1000,48.1677,0.00132869
gpu-enqueue,PUT-ordered-signal,8,3,3.27035us/op
PUT-target,8,4,1000,38.0394,0.00168247
gpu-enqueue,PUT-target,8,4,3.44573us/op
PUT-ordered-signal,8,4,1000,48.2169,0.00132734
gpu-enqueue,PUT-ordered-signal,8,4,3.26813us/op
PUT-target,8,5,1000,37.8272,0.0016919
gpu-enqueue,PUT-target,8,5,3.44947us/op
PUT-ordered-signal,8,5,1000,48.2659,0.00132599
gpu-enqueue,PUT-ordered-signal,8,5,3.26731us/op
PUT-target,64,1,1000,37.8836,0.0135151
gpu-enqueue,PUT-target,64,1,3.4472us/op
PUT-ordered-signal,64,1,1000,48.2662,0.0106078
gpu-enqueue,PUT-ordered-signal,64,1,3.26632us/op
PUT-target,64,2,1000,37.8786,0.0135169
gpu-enqueue,PUT-target,64,2,3.44314us/op
PUT-ordered-signal,64,2,1000,48.153,0.0106328
gpu-enqueue,PUT-ordered-signal,64,2,3.26798us/op
PUT-target,64,3,1000,38.0057,0.0134717
gpu-enqueue,PUT-target,64,3,3.44592us/op
PUT-ordered-signal,64,3,1000,48.2994,0.0106005
gpu-enqueue,PUT-ordered-signal,64,3,3.26829us/op
PUT-target,64,4,1000,38.0077,0.013471
gpu-enqueue,PUT-target,64,4,3.452us/op
PUT-ordered-signal,64,4,1000,48.3167,0.0105967
gpu-enqueue,PUT-ordered-signal,64,4,3.27075us/op
PUT-target,64,5,1000,38.0047,0.013472
gpu-enqueue,PUT-target,64,5,3.44726us/op
PUT-ordered-signal,64,5,1000,48.1919,0.0106242
gpu-enqueue,PUT-ordered-signal,64,5,3.27667us/op
PUT-target,128,1,1000,38.185,0.0268168
gpu-enqueue,PUT-target,128,1,3.45786us/op
PUT-ordered-signal,128,1,1000,48.2569,0.0212198
gpu-enqueue,PUT-ordered-signal,128,1,3.26792us/op
PUT-target,128,2,1000,37.9665,0.0269712
gpu-enqueue,PUT-target,128,2,3.44931us/op
PUT-ordered-signal,128,2,1000,48.2256,0.0212335
gpu-enqueue,PUT-ordered-signal,128,2,3.2667us/op
PUT-target,128,3,1000,37.9444,0.0269869
gpu-enqueue,PUT-target,128,3,3.44669us/op
PUT-ordered-signal,128,3,1000,48.2558,0.0212203
gpu-enqueue,PUT-ordered-signal,128,3,3.26862us/op
PUT-target,128,4,1000,38.0584,0.026906
gpu-enqueue,PUT-target,128,4,3.44608us/op
PUT-ordered-signal,128,4,1000,48.7272,0.0210149
gpu-enqueue,PUT-ordered-signal,128,4,3.31779us/op
PUT-target,128,5,1000,38.8078,0.0263864
gpu-enqueue,PUT-target,128,5,3.53837us/op
PUT-ordered-signal,128,5,1000,49.1717,0.020825
gpu-enqueue,PUT-ordered-signal,128,5,3.36501us/op
PUT-target,8192,1,500,41.8163,1.56724
gpu-enqueue,PUT-target,8192,1,3.53926us/op
PUT-ordered-signal,8192,1,500,49.1668,1.33293
gpu-enqueue,PUT-ordered-signal,8192,1,3.37021us/op
PUT-target,8192,2,500,41.6911,1.57194
gpu-enqueue,PUT-target,8192,2,3.53389us/op
PUT-ordered-signal,8192,2,500,49.1612,1.33309
gpu-enqueue,PUT-ordered-signal,8192,2,3.372us/op
PUT-target,8192,3,500,41.7318,1.57041
gpu-enqueue,PUT-target,8192,3,3.53459us/op
PUT-ordered-signal,8192,3,500,49.0776,1.33535
gpu-enqueue,PUT-ordered-signal,8192,3,3.36973us/op
PUT-target,8192,4,500,41.6415,1.57381
gpu-enqueue,PUT-target,8192,4,3.53229us/op
PUT-ordered-signal,8192,4,500,49.1891,1.33233
gpu-enqueue,PUT-ordered-signal,8192,4,3.3665us/op
PUT-target,8192,5,500,41.7172,1.57096
gpu-enqueue,PUT-target,8192,5,3.53702us/op
PUT-ordered-signal,8192,5,500,49.2833,1.32978
gpu-enqueue,PUT-ordered-signal,8192,5,3.36755us/op
PUT-target,65536,1,200,51.2045,10.2391
gpu-enqueue,PUT-target,65536,1,3.54016us/op
PUT-ordered-signal,65536,1,200,52.8512,9.92008
gpu-enqueue,PUT-ordered-signal,65536,1,3.36992us/op
PUT-target,65536,2,200,50.8315,10.3142
gpu-enqueue,PUT-target,65536,2,3.52528us/op
PUT-ordered-signal,65536,2,200,52.7011,9.94833
gpu-enqueue,PUT-ordered-signal,65536,2,3.38432us/op
PUT-target,65536,3,200,50.912,10.2979
gpu-enqueue,PUT-target,65536,3,3.53456us/op
PUT-ordered-signal,65536,3,200,52.909,9.90925
gpu-enqueue,PUT-ordered-signal,65536,3,3.36872us/op
PUT-target,65536,4,200,50.7446,10.3319
gpu-enqueue,PUT-target,65536,4,3.5408us/op
PUT-ordered-signal,65536,4,200,52.4621,9.99366
gpu-enqueue,PUT-ordered-signal,65536,4,3.376us/op
PUT-target,65536,5,200,50.9037,10.2996
gpu-enqueue,PUT-target,65536,5,3.53648us/op
PUT-ordered-signal,65536,5,200,52.9253,9.90619
gpu-enqueue,PUT-ordered-signal,65536,5,3.3804us/op
PUT-pipelined,8192,1,8192,4.12693,15.8801
gpu-enqueue,PUT-pipelined,8192,1,2.78924us/op
PUT-batch-signal,8192,1,8192,4.29962,15.2423
gpu-enqueue,PUT-batch-signal,8192,1,2.84984us/op
PUT-pipelined,8192,2,8192,4.12694,15.8801
gpu-enqueue,PUT-pipelined,8192,2,2.78773us/op
PUT-batch-signal,8192,2,8192,4.30039,15.2395
gpu-enqueue,PUT-batch-signal,8192,2,2.84601us/op
PUT-pipelined,8192,3,8192,4.13017,15.8676
gpu-enqueue,PUT-pipelined,8192,3,2.79036us/op
PUT-batch-signal,8192,3,8192,4.29384,15.2628
gpu-enqueue,PUT-batch-signal,8192,3,2.84748us/op
PUT-pipelined,8192,4,8192,4.12661,15.8813
gpu-enqueue,PUT-pipelined,8192,4,2.78836us/op
PUT-batch-signal,8192,4,8192,4.30201,15.2338
gpu-enqueue,PUT-batch-signal,8192,4,2.84993us/op
PUT-pipelined,8192,5,8192,4.12482,15.8882
gpu-enqueue,PUT-pipelined,8192,5,2.78783us/op
PUT-batch-signal,8192,5,8192,4.29779,15.2488
gpu-enqueue,PUT-batch-signal,8192,5,2.84939us/op
PUT-pipelined,65536,1,2048,4.43058,118.334
gpu-enqueue,PUT-pipelined,65536,1,2.77573us/op
PUT-batch-signal,65536,1,2048,4.38191,119.648
gpu-enqueue,PUT-batch-signal,65536,1,2.83206us/op
PUT-pipelined,65536,2,2048,4.43462,118.226
gpu-enqueue,PUT-pipelined,65536,2,2.77464us/op
PUT-batch-signal,65536,2,2048,4.38992,119.43
gpu-enqueue,PUT-batch-signal,65536,2,2.83209us/op
PUT-pipelined,65536,3,2048,4.43519,118.211
gpu-enqueue,PUT-pipelined,65536,3,2.77356us/op
PUT-batch-signal,65536,3,2048,4.39095,119.402
gpu-enqueue,PUT-batch-signal,65536,3,2.83408us/op
PUT-pipelined,65536,4,2048,4.44192,118.032
gpu-enqueue,PUT-pipelined,65536,4,2.77281us/op
PUT-batch-signal,65536,4,2048,4.3717,119.928
gpu-enqueue,PUT-batch-signal,65536,4,2.83147us/op
PUT-pipelined,65536,5,2048,4.42206,118.562
gpu-enqueue,PUT-pipelined,65536,5,2.77258us/op
PUT-batch-signal,65536,5,2048,4.3695,119.988
gpu-enqueue,PUT-batch-signal,65536,5,2.83256us/op
PUT-pipelined,1048576,1,256,23.5031,356.915
gpu-enqueue,PUT-pipelined,1048576,1,2.75375us/op
PUT-batch-signal,1048576,1,256,23.3468,359.305
gpu-enqueue,PUT-batch-signal,1048576,1,2.81309us/op
PUT-pipelined,1048576,2,256,23.499,356.977
gpu-enqueue,PUT-pipelined,1048576,2,2.75237us/op
PUT-batch-signal,1048576,2,256,23.3962,358.545
gpu-enqueue,PUT-batch-signal,1048576,2,2.81418us/op
PUT-pipelined,1048576,3,256,23.5091,356.823
gpu-enqueue,PUT-pipelined,1048576,3,2.74987us/op
PUT-batch-signal,1048576,3,256,23.4178,358.216
gpu-enqueue,PUT-batch-signal,1048576,3,2.81333us/op
PUT-pipelined,1048576,4,256,23.4435,357.822
gpu-enqueue,PUT-pipelined,1048576,4,2.75325us/op
PUT-batch-signal,1048576,4,256,23.3461,359.315
gpu-enqueue,PUT-batch-signal,1048576,4,2.81261us/op
PUT-pipelined,1048576,5,256,23.4951,357.036
gpu-enqueue,PUT-pipelined,1048576,5,2.75175us/op
PUT-batch-signal,1048576,5,256,23.3667,358.998
gpu-enqueue,PUT-batch-signal,1048576,5,2.80861us/op
