host=pool0-0321 cuda_visible=0 commit=8e9e25ee dirty=0
backend_param,efa_proxy_test_fence_off=1
backend_param,device_proxy=true
backend_param,proxy_channel_count=4
backend_param,proxy_thread_count=4
backend_param,efa_proxy_ordering=sender
backend_param,proxy_max_peers=1
backend,LIBFABRIC
pipeline_window,32
pipeline_channels,4
proxy_workers,4
engine_progress_thread,1
ordering_rounds,0
minimum_size,1
put_only,1
counter_memory,gpu
device_proxy,1
host_xfer,0
test,size_B,trial,iterations,mean_us,payload_Gbit_s
PUT-target,8,1,1000,37.55,0.00170439
gpu-enqueue,PUT-target,8,1,3.49194us/op
PUT-target,8,2,1000,37.4375,0.00170951
gpu-enqueue,PUT-target,8,2,3.49376us/op
PUT-target,8,3,1000,37.4517,0.00170887
gpu-enqueue,PUT-target,8,3,3.49552us/op
PUT-target,8,4,1000,37.4379,0.0017095
gpu-enqueue,PUT-target,8,4,3.49437us/op
PUT-target,8,5,1000,37.3536,0.00171336
gpu-enqueue,PUT-target,8,5,3.49283us/op
PUT-target,64,1,1000,37.453,0.0136705
gpu-enqueue,PUT-target,64,1,3.49594us/op
PUT-target,64,2,1000,37.4378,0.013676
gpu-enqueue,PUT-target,64,2,3.49456us/op
PUT-target,64,3,1000,37.514,0.0136482
gpu-enqueue,PUT-target,64,3,3.49482us/op
PUT-target,64,4,1000,37.5532,0.013634
gpu-enqueue,PUT-target,64,4,3.4897us/op
PUT-target,64,5,1000,37.5104,0.0136495
gpu-enqueue,PUT-target,64,5,3.49382us/op
PUT-target,128,1,1000,37.0797,0.0276162
gpu-enqueue,PUT-target,128,1,3.41501us/op
PUT-target,128,2,1000,37.1309,0.0275781
gpu-enqueue,PUT-target,128,2,3.41251us/op
PUT-target,128,3,1000,37.1008,0.0276005
gpu-enqueue,PUT-target,128,3,3.41648us/op
PUT-target,128,4,1000,37.0055,0.0276716
gpu-enqueue,PUT-target,128,4,3.42198us/op
PUT-target,128,5,1000,37.0756,0.0276192
gpu-enqueue,PUT-target,128,5,3.41898us/op
PUT-target,8192,1,500,39.895,1.64271
gpu-enqueue,PUT-target,8192,1,3.41222us/op
PUT-target,8192,2,500,39.9087,1.64215
gpu-enqueue,PUT-target,8192,2,3.4176us/op
PUT-target,8192,3,500,39.8344,1.64521
gpu-enqueue,PUT-target,8192,3,3.42803us/op
PUT-target,8192,4,500,39.8494,1.64459
gpu-enqueue,PUT-target,8192,4,3.43533us/op
PUT-target,8192,5,500,39.8775,1.64343
gpu-enqueue,PUT-target,8192,5,3.42285us/op
PUT-target,65536,1,200,48.9891,10.7021
gpu-enqueue,PUT-target,65536,1,3.40336us/op
PUT-target,65536,2,200,48.9544,10.7097
gpu-enqueue,PUT-target,65536,2,3.40448us/op
PUT-target,65536,3,200,48.9989,10.7
gpu-enqueue,PUT-target,65536,3,3.40832us/op
PUT-target,65536,4,200,48.8501,10.7326
gpu-enqueue,PUT-target,65536,4,3.40544us/op
PUT-target,65536,5,200,49.1006,10.6778
gpu-enqueue,PUT-target,65536,5,3.40624us/op
PUT-pipelined,8192,1,32768,1.11291,58.8871
gpu-enqueue,PUT-pipelined,8192,1,2.87149us/op
PUT-pipelined,8192,2,32768,1.11637,58.7044
gpu-enqueue,PUT-pipelined,8192,2,2.87392us/op
PUT-pipelined,8192,3,32768,1.11452,58.8021
gpu-enqueue,PUT-pipelined,8192,3,2.86915us/op
PUT-pipelined,8192,4,32768,1.13605,57.6876
gpu-enqueue,PUT-pipelined,8192,4,2.88692us/op
PUT-pipelined,8192,5,32768,1.11368,58.8465
gpu-enqueue,PUT-pipelined,8192,5,2.87076us/op
PUT-pipelined,65536,1,8192,1.80049,291.191
gpu-enqueue,PUT-pipelined,65536,1,2.84358us/op
PUT-pipelined,65536,2,8192,1.79935,291.377
gpu-enqueue,PUT-pipelined,65536,2,2.84767us/op
PUT-pipelined,65536,3,8192,1.79631,291.87
gpu-enqueue,PUT-pipelined,65536,3,2.83881us/op
PUT-pipelined,65536,4,8192,1.79626,291.878
gpu-enqueue,PUT-pipelined,65536,4,2.8404us/op
PUT-pipelined,65536,5,8192,1.80011,291.253
gpu-enqueue,PUT-pipelined,65536,5,2.84163us/op
PUT-pipelined,1048576,1,1024,21.5155,389.887
gpu-enqueue,PUT-pipelined,1048576,1,3.38516us/op
PUT-pipelined,1048576,2,1024,21.5176,389.848
gpu-enqueue,PUT-pipelined,1048576,2,3.375us/op
PUT-pipelined,1048576,3,1024,21.5217,389.775
gpu-enqueue,PUT-pipelined,1048576,3,3.41844us/op
PUT-pipelined,1048576,4,1024,21.5251,389.712
gpu-enqueue,PUT-pipelined,1048576,4,3.36678us/op
PUT-pipelined,1048576,5,1024,21.5472,389.312
gpu-enqueue,PUT-pipelined,1048576,5,3.39078us/op
