host=pool0-0321 cuda_visible=0 commit=8e9e25ee dirty=0
backend_param,efa_proxy_test_fence_off=1
backend_param,device_proxy=true
backend_param,proxy_channel_count=4
backend_param,proxy_thread_count=4
backend_param,efa_proxy_ordering=sender
backend_param,proxy_max_peers=1
backend,LIBFABRIC
pipeline_window,32
pipeline_channels,4
proxy_workers,4
engine_progress_thread,1
ordering_rounds,0
minimum_size,1
put_only,1
counter_memory,gpu
device_proxy,1
host_xfer,1
test,size_B,trial,iterations,mean_us,payload_Gbit_s
HOST-write,65536,1,400,46.1051,181.945
HOST-write,65536,2,400,46.4688,180.521
HOST-write,65536,3,400,46.701,179.624
HOST-write,65536,4,400,46.361,180.941
HOST-write,65536,5,400,46.5969,180.025
HOST-write,1048576,1,400,42.0619,199.435
HOST-write,1048576,2,400,41.8587,200.403
HOST-write,1048576,3,400,41.8838,200.283
HOST-write,1048576,4,400,41.7049,201.142
HOST-write,1048576,5,400,41.5927,201.684
