host=pool0-0321 cuda_visible=0 commit=8e9e25ee dirty=0
backend_param,efa_proxy_test_fence_off=1
backend_param,device_proxy=true
backend_param,proxy_channel_count=1
backend_param,proxy_thread_count=1
backend_param,efa_proxy_ordering=sender
backend_param,proxy_max_peers=1
backend,LIBFABRIC
pipeline_window,32
pipeline_channels,1
proxy_workers,1
engine_progress_thread,1
ordering_rounds,0
minimum_size,1
put_only,0
counter_memory,gpu
device_proxy,1
host_xfer,0
test,size_B,trial,iterations,mean_us,payload_Gbit_s
PUT-ordered-signal-pingpong,8,1,1000,58.7294,0.00108974
gpu-enqueue,PUT-ordered-signal-pingpong,8,1,3.24922us/op
PUT-ordered-signal-pingpong,8,2,1000,57.8419,0.00110647
gpu-enqueue,PUT-ordered-signal-pingpong,8,2,3.18354us/op
PUT-ordered-signal-pingpong,8,3,1000,57.8961,0.00110543
gpu-enqueue,PUT-ordered-signal-pingpong,8,3,3.17832us/op
PUT-ordered-signal-pingpong,8,4,1000,57.8324,0.00110665
gpu-enqueue,PUT-ordered-signal-pingpong,8,4,3.17755us/op
PUT-ordered-signal-pingpong,8,5,1000,57.848,0.00110635
gpu-enqueue,PUT-ordered-signal-pingpong,8,5,3.1796us/op
PUT-target,8,1,1000,38.5598,0.00165976
gpu-enqueue,PUT-target,8,1,3.46736us/op
PUT-ordered-signal,8,1,1000,48.6897,0.00131445
gpu-enqueue,PUT-ordered-signal,8,1,3.29336us/op
PUT-target,8,2,1000,37.9743,0.00168535
gpu-enqueue,PUT-target,8,2,3.46669us/op
PUT-ordered-signal,8,2,1000,48.3276,0.0013243
gpu-enqueue,PUT-ordered-signal,8,2,3.29424us/op
PUT-target,8,3,1000,37.8774,0.00168966
gpu-enqueue,PUT-target,8,3,3.46506us/op
PUT-ordered-signal,8,3,1000,48.3151,0.00132464
gpu-enqueue,PUT-ordered-signal,8,3,3.29542us/op
PUT-target,8,4,1000,37.8186,0.00169229
gpu-enqueue,PUT-target,8,4,3.46669us/op
PUT-ordered-signal,8,4,1000,48.2925,0.00132526
gpu-enqueue,PUT-ordered-signal,8,4,3.29483us/op
PUT-target,8,5,1000,38.0711,0.00168106
gpu-enqueue,PUT-target,8,5,3.46704us/op
PUT-ordered-signal,8,5,1000,48.3359,0.00132407
gpu-enqueue,PUT-ordered-signal,8,5,3.29139us/op
PUT-target,64,1,1000,37.9544,0.0134899
gpu-enqueue,PUT-target,64,1,3.46954us/op
PUT-ordered-signal,64,1,1000,48.3481,0.0105899
gpu-enqueue,PUT-ordered-signal,64,1,3.29544us/op
PUT-target,64,2,1000,38.0943,0.0134403
gpu-enqueue,PUT-target,64,2,3.4735us/op
PUT-ordered-signal,64,2,1000,48.379,0.0105831
gpu-enqueue,PUT-ordered-signal,64,2,3.2936us/op
PUT-target,64,3,1000,38.098,0.013439
gpu-enqueue,PUT-target,64,3,3.46589us/op
PUT-ordered-signal,64,3,1000,48.2456,0.0106124
gpu-enqueue,PUT-ordered-signal,64,3,3.29691us/op
PUT-target,64,4,1000,37.949,0.0134918
gpu-enqueue,PUT-target,64,4,3.47456us/op
PUT-ordered-signal,64,4,1000,49.057,0.0104368
gpu-enqueue,PUT-ordered-signal,64,4,3.3764us/op
PUT-target,64,5,1000,38.6627,0.0132427
gpu-enqueue,PUT-target,64,5,3.54797us/op
PUT-ordered-signal,64,5,1000,49.1478,0.0104176
gpu-enqueue,PUT-ordered-signal,64,5,3.39797us/op
PUT-target,128,1,1000,38.6112,0.0265208
gpu-enqueue,PUT-target,128,1,3.54413us/op
PUT-ordered-signal,128,1,1000,49.21,0.0208088
gpu-enqueue,PUT-ordered-signal,128,1,3.39942us/op
PUT-target,128,2,1000,38.6096,0.0265219
gpu-enqueue,PUT-target,128,2,3.55021us/op
PUT-ordered-signal,128,2,1000,49.1836,0.02082
gpu-enqueue,PUT-ordered-signal,128,2,3.39112us/op
PUT-target,128,3,1000,38.7284,0.0264405
gpu-enqueue,PUT-target,128,3,3.54554us/op
PUT-ordered-signal,128,3,1000,49.2028,0.0208118
gpu-enqueue,PUT-ordered-signal,128,3,3.38933us/op
PUT-target,128,4,1000,38.5544,0.0265599
gpu-enqueue,PUT-target,128,4,3.54835us/op
PUT-ordered-signal,128,4,1000,49.1193,0.0208472
gpu-enqueue,PUT-ordered-signal,128,4,3.38934us/op
PUT-target,128,5,1000,38.6447,0.0264978
gpu-enqueue,PUT-target,128,5,3.54522us/op
PUT-ordered-signal,128,5,1000,49.1616,0.0208293
gpu-enqueue,PUT-ordered-signal,128,5,3.39018us/op
PUT-target,8192,1,500,41.6617,1.57305
gpu-enqueue,PUT-target,8192,1,3.5431us/op
PUT-ordered-signal,8192,1,500,49.3165,1.32888
gpu-enqueue,PUT-ordered-signal,8192,1,3.3873us/op
PUT-target,8192,2,500,41.5267,1.57817
gpu-enqueue,PUT-target,8192,2,3.54726us/op
PUT-ordered-signal,8192,2,500,49.2536,1.33058
gpu-enqueue,PUT-ordered-signal,8192,2,3.39216us/op
PUT-target,8192,3,500,41.5625,1.57681
gpu-enqueue,PUT-target,8192,3,3.54272us/op
PUT-ordered-signal,8192,3,500,49.3068,1.32915
gpu-enqueue,PUT-ordered-signal,8192,3,3.3959us/op
PUT-target,8192,4,500,41.6315,1.57419
gpu-enqueue,PUT-target,8192,4,3.54496us/op
PUT-ordered-signal,8192,4,500,49.3574,1.32779
gpu-enqueue,PUT-ordered-signal,8192,4,3.39101us/op
PUT-target,8192,5,500,41.5856,1.57593
gpu-enqueue,PUT-target,8192,5,3.54413us/op
PUT-ordered-signal,8192,5,500,49.364,1.32761
gpu-enqueue,PUT-ordered-signal,8192,5,3.39219us/op
PUT-target,65536,1,200,50.988,10.2826
gpu-enqueue,PUT-target,65536,1,3.54688us/op
PUT-ordered-signal,65536,1,200,52.5899,9.96936
gpu-enqueue,PUT-ordered-signal,65536,1,3.39536us/op
PUT-target,65536,2,200,51.1962,10.2408
gpu-enqueue,PUT-target,65536,2,3.54784us/op
PUT-ordered-signal,65536,2,200,52.756,9.93798
gpu-enqueue,PUT-ordered-signal,65536,2,3.39432us/op
PUT-target,65536,3,200,50.9706,10.2861
gpu-enqueue,PUT-target,65536,3,3.54224us/op
PUT-ordered-signal,65536,3,200,52.9261,9.90604
gpu-enqueue,PUT-ordered-signal,65536,3,3.3796us/op
PUT-target,65536,4,200,50.6064,10.3601
gpu-enqueue,PUT-target,65536,4,3.54448us/op
PUT-ordered-signal,65536,4,200,52.8051,9.92873
gpu-enqueue,PUT-ordered-signal,65536,4,3.3984us/op
PUT-target,65536,5,200,50.5387,10.374
gpu-enqueue,PUT-target,65536,5,3.53504us/op
PUT-ordered-signal,65536,5,200,52.9298,9.90535
gpu-enqueue,PUT-ordered-signal,65536,5,3.38856us/op
PUT-pipelined,8192,1,8192,4.22143,15.5246
gpu-enqueue,PUT-pipelined,8192,1,2.86897us/op
PUT-batch-signal,8192,1,8192,4.32522,15.1521
gpu-enqueue,PUT-batch-signal,8192,1,2.87195us/op
PUT-pipelined,8192,2,8192,4.12323,15.8943
gpu-enqueue,PUT-pipelined,8192,2,2.78981us/op
PUT-batch-signal,8192,2,8192,4.31679,15.1816
gpu-enqueue,PUT-batch-signal,8192,2,2.86844us/op
PUT-pipelined,8192,3,8192,4.1137,15.9311
gpu-enqueue,PUT-pipelined,8192,3,2.78852us/op
PUT-batch-signal,8192,3,8192,4.31436,15.1902
gpu-enqueue,PUT-batch-signal,8192,3,2.87033us/op
PUT-pipelined,8192,4,8192,4.1207,15.9041
gpu-enqueue,PUT-pipelined,8192,4,2.78962us/op
PUT-batch-signal,8192,4,8192,4.32198,15.1634
gpu-enqueue,PUT-batch-signal,8192,4,2.86908us/op
PUT-pipelined,8192,5,8192,4.12755,15.8777
gpu-enqueue,PUT-pipelined,8192,5,2.78982us/op
PUT-batch-signal,8192,5,8192,4.32237,15.162
gpu-enqueue,PUT-batch-signal,8192,5,2.8672us/op
PUT-pipelined,65536,1,2048,4.41842,118.66
gpu-enqueue,PUT-pipelined,65536,1,2.77663us/op
PUT-batch-signal,65536,1,2048,4.42027,118.61
gpu-enqueue,PUT-batch-signal,65536,1,2.85129us/op
PUT-pipelined,65536,2,2048,4.4243,118.502
gpu-enqueue,PUT-pipelined,65536,2,2.77595us/op
PUT-batch-signal,65536,2,2048,4.42453,118.496
gpu-enqueue,PUT-batch-signal,65536,2,2.8575us/op
PUT-pipelined,65536,3,2048,4.419,118.644
gpu-enqueue,PUT-pipelined,65536,3,2.77405us/op
PUT-batch-signal,65536,3,2048,4.47288,117.215
gpu-enqueue,PUT-batch-signal,65536,3,2.86365us/op
PUT-pipelined,65536,4,2048,4.42555,118.469
gpu-enqueue,PUT-pipelined,65536,4,2.77406us/op
PUT-batch-signal,65536,4,2048,4.40002,119.156
gpu-enqueue,PUT-batch-signal,65536,4,2.85239us/op
PUT-pipelined,65536,5,2048,4.41808,118.669
gpu-enqueue,PUT-pipelined,65536,5,2.77486us/op
PUT-batch-signal,65536,5,2048,4.41648,118.712
gpu-enqueue,PUT-batch-signal,65536,5,2.85392us/op
PUT-pipelined,1048576,1,256,23.5422,356.321
gpu-enqueue,PUT-pipelined,1048576,1,2.75113us/op
PUT-batch-signal,1048576,1,256,23.3604,359.096
gpu-enqueue,PUT-batch-signal,1048576,1,2.83455us/op
PUT-pipelined,1048576,2,256,23.5405,356.348
gpu-enqueue,PUT-pipelined,1048576,2,2.7535us/op
PUT-batch-signal,1048576,2,256,23.4178,358.216
gpu-enqueue,PUT-batch-signal,1048576,2,2.832us/op
PUT-pipelined,1048576,3,256,23.5242,356.594
gpu-enqueue,PUT-pipelined,1048576,3,2.7515us/op
PUT-batch-signal,1048576,3,256,23.4187,358.201
gpu-enqueue,PUT-batch-signal,1048576,3,2.84158us/op
PUT-pipelined,1048576,4,256,23.5159,356.721
gpu-enqueue,PUT-pipelined,1048576,4,2.75263us/op
PUT-batch-signal,1048576,4,256,23.3833,358.744
gpu-enqueue,PUT-batch-signal,1048576,4,2.84436us/op
PUT-pipelined,1048576,5,256,23.5714,355.881
gpu-enqueue,PUT-pipelined,1048576,5,2.75462us/op
PUT-batch-signal,1048576,5,256,23.3871,358.685
gpu-enqueue,PUT-batch-signal,1048576,5,2.84509us/op
