host=pool0-0321 cuda_visible=0 commit=8e9e25ee dirty=0
backend_param,efa_proxy_test_fence_off=1
backend_param,device_proxy=true
backend_param,proxy_channel_count=4
backend_param,proxy_thread_count=4
backend_param,efa_proxy_ordering=sender
backend_param,proxy_max_peers=1
backend,LIBFABRIC
pipeline_window,32
pipeline_channels,4
proxy_workers,4
engine_progress_thread,1
ordering_rounds,0
minimum_size,1
put_only,1
counter_memory,gpu
device_proxy,1
host_xfer,1
test,size_B,trial,iterations,mean_us,payload_Gbit_s
HOST-write,65536,1,400,45.0655,186.143
HOST-write,65536,2,400,45.2483,185.391
HOST-write,65536,3,400,45.4496,184.569
HOST-write,65536,4,400,44.9424,186.652
HOST-write,65536,5,400,45.3913,184.807
HOST-write,1048576,1,400,41.0731,204.236
HOST-write,1048576,2,400,41.1619,203.795
HOST-write,1048576,3,400,41.1803,203.704
HOST-write,1048576,4,400,40.968,204.76
HOST-write,1048576,5,400,40.4494,207.385
