host=pool0-0321 cuda_visible=0 commit=8e9e25ee dirty=0
backend_param,efa_proxy_test_fence_off=1
backend_param,device_proxy=true
backend_param,proxy_channel_count=4
backend_param,proxy_thread_count=4
backend_param,efa_proxy_ordering=sender
backend_param,proxy_max_peers=1
backend,LIBFABRIC
pipeline_window,32
pipeline_channels,4
proxy_workers,4
engine_progress_thread,1
ordering_rounds,0
minimum_size,1
put_only,1
counter_memory,gpu
device_proxy,1
host_xfer,0
test,size_B,trial,iterations,mean_us,payload_Gbit_s
HOST-concurrent,1048576,1,13392,43.5896,192.445
PUT-pipelined,16384,1,262144,2.22672,58.8634
gpu-enqueue,PUT-pipelined,16384,1,3.12935us/op
HOST-concurrent,1048576,2,14000,42.1341,199.093
PUT-pipelined,16384,2,262144,2.24897,58.2808
gpu-enqueue,PUT-pipelined,16384,2,3.13458us/op
HOST-concurrent,1048576,3,14360,41.1783,203.714
PUT-pipelined,16384,3,262144,2.25541,58.1144
gpu-enqueue,PUT-pipelined,16384,3,3.09936us/op
HOST-concurrent,1048576,4,14584,40.9098,205.051
PUT-pipelined,16384,4,262144,2.27502,57.6134
gpu-enqueue,PUT-pipelined,16384,4,3.09581us/op
HOST-concurrent,1048576,5,14432,40.8252,205.476
PUT-pipelined,16384,5,262144,2.24753,58.3184
gpu-enqueue,PUT-pipelined,16384,5,3.08172us/op
