host=pool0-0321 cuda_visible=0 commit=8e9e25ee dirty=0
backend_param,efa_proxy_test_fence_off=1
backend_param,device_proxy=true
backend_param,proxy_channel_count=1
backend_param,proxy_thread_count=1
backend_param,efa_proxy_ordering=sender
backend_param,proxy_max_peers=1
backend,LIBFABRIC
pipeline_window,32
pipeline_channels,1
proxy_workers,1
engine_progress_thread,1
ordering_rounds,0
minimum_size,1
put_only,0
counter_memory,gpu
device_proxy,1
host_xfer,0
test,size_B,trial,iterations,mean_us,payload_Gbit_s
PUT-ordered-signal-pingpong,8,1,1000,58.5372,0.00109332
gpu-enqueue,PUT-ordered-signal-pingpong,8,1,3.23621us/op
PUT-ordered-signal-pingpong,8,2,1000,58.4096,0.00109571
gpu-enqueue,PUT-ordered-signal-pingpong,8,2,3.23771us/op
PUT-ordered-signal-pingpong,8,3,1000,58.4082,0.00109574
gpu-enqueue,PUT-ordered-signal-pingpong,8,3,3.23578us/op
PUT-ordered-signal-pingpong,8,4,1000,58.4771,0.00109445
gpu-enqueue,PUT-ordered-signal-pingpong,8,4,3.24568us/op
PUT-ordered-signal-pingpong,8,5,1000,58.2938,0.00109789
gpu-enqueue,PUT-ordered-signal-pingpong,8,5,3.23507us/op
PUT-target,8,1,1000,38.8363,0.00164794
gpu-enqueue,PUT-target,8,1,3.53133us/op
PUT-ordered-signal,8,1,1000,48.9324,0.00130793
gpu-enqueue,PUT-ordered-signal,8,1,3.3897us/op
PUT-target,8,2,1000,38.3444,0.00166909
gpu-enqueue,PUT-target,8,2,3.53325us/op
PUT-ordered-signal,8,2,1000,48.7118,0.00131385
gpu-enqueue,PUT-ordered-signal,8,2,3.38774us/op
PUT-target,8,3,1000,38.2316,0.00167401
gpu-enqueue,PUT-target,8,3,3.52573us/op
PUT-ordered-signal,8,3,1000,48.6797,0.00131472
gpu-enqueue,PUT-ordered-signal,8,3,3.38842us/op
PUT-target,8,4,1000,38.3069,0.00167072
gpu-enqueue,PUT-target,8,4,3.53072us/op
PUT-ordered-signal,8,4,1000,48.7404,0.00131308
gpu-enqueue,PUT-ordered-signal,8,4,3.39152us/op
PUT-target,8,5,1000,38.327,0.00166984
gpu-enqueue,PUT-target,8,5,3.54304us/op
PUT-ordered-signal,8,5,1000,48.7015,0.00131413
gpu-enqueue,PUT-ordered-signal,8,5,3.3893us/op
PUT-target,64,1,1000,38.4141,0.0133284
gpu-enqueue,PUT-target,64,1,3.52762us/op
PUT-ordered-signal,64,1,1000,48.721,0.0105088
gpu-enqueue,PUT-ordered-signal,64,1,3.39107us/op
PUT-target,64,2,1000,38.3248,0.0133595
gpu-enqueue,PUT-target,64,2,3.52986us/op
PUT-ordered-signal,64,2,1000,48.7263,0.0105077
gpu-enqueue,PUT-ordered-signal,64,2,3.3912us/op
PUT-target,64,3,1000,38.2533,0.0133845
gpu-enqueue,PUT-target,64,3,3.52784us/op
PUT-ordered-signal,64,3,1000,52.8117,0.00969481
gpu-enqueue,PUT-ordered-signal,64,3,3.3896us/op
PUT-target,64,4,1000,38.2724,0.0133778
gpu-enqueue,PUT-target,64,4,3.52858us/op
PUT-ordered-signal,64,4,1000,48.7962,0.0104926
gpu-enqueue,PUT-ordered-signal,64,4,3.39125us/op
PUT-target,64,5,1000,38.293,0.0133706
gpu-enqueue,PUT-target,64,5,3.52902us/op
PUT-ordered-signal,64,5,1000,48.6423,0.0105258
gpu-enqueue,PUT-ordered-signal,64,5,3.39181us/op
PUT-target,128,1,1000,38.43,0.0266459
gpu-enqueue,PUT-target,128,1,3.53178us/op
PUT-ordered-signal,128,1,1000,48.7086,0.021023
gpu-enqueue,PUT-ordered-signal,128,1,3.39096us/op
PUT-target,128,2,1000,38.385,0.0266771
gpu-enqueue,PUT-target,128,2,3.52922us/op
PUT-ordered-signal,128,2,1000,48.7684,0.0209972
gpu-enqueue,PUT-ordered-signal,128,2,3.39194us/op
PUT-target,128,3,1000,38.4175,0.0266545
gpu-enqueue,PUT-target,128,3,3.52768us/op
PUT-ordered-signal,128,3,1000,48.6842,0.0210335
gpu-enqueue,PUT-ordered-signal,128,3,3.38851us/op
PUT-target,128,4,1000,38.4554,0.0266283
gpu-enqueue,PUT-target,128,4,3.5329us/op
PUT-ordered-signal,128,4,1000,48.7694,0.0209968
gpu-enqueue,PUT-ordered-signal,128,4,3.38846us/op
PUT-target,128,5,1000,38.3648,0.0266911
gpu-enqueue,PUT-target,128,5,3.53146us/op
PUT-ordered-signal,128,5,1000,48.8089,0.0209798
gpu-enqueue,PUT-ordered-signal,128,5,3.3895us/op
PUT-target,8192,1,500,41.3802,1.58375
gpu-enqueue,PUT-target,8192,1,3.5296us/op
PUT-ordered-signal,8192,1,500,48.7014,1.34567
gpu-enqueue,PUT-ordered-signal,8192,1,3.39027us/op
PUT-target,8192,2,500,41.4379,1.58155
gpu-enqueue,PUT-target,8192,2,3.52762us/op
PUT-ordered-signal,8192,2,500,48.7684,1.34382
gpu-enqueue,PUT-ordered-signal,8192,2,3.38774us/op
PUT-target,8192,3,500,41.7253,1.57065
gpu-enqueue,PUT-target,8192,3,3.5257us/op
PUT-ordered-signal,8192,3,500,48.8608,1.34128
gpu-enqueue,PUT-ordered-signal,8192,3,3.39213us/op
PUT-target,8192,4,500,41.574,1.57637
gpu-enqueue,PUT-target,8192,4,3.5552us/op
PUT-ordered-signal,8192,4,500,48.9367,1.3392
gpu-enqueue,PUT-ordered-signal,8192,4,3.3888us/op
PUT-target,8192,5,500,41.3381,1.58537
gpu-enqueue,PUT-target,8192,5,3.52768us/op
PUT-ordered-signal,8192,5,500,48.6828,1.34619
gpu-enqueue,PUT-ordered-signal,8192,5,3.36301us/op
PUT-target,65536,1,200,50.373,10.4081
gpu-enqueue,PUT-target,65536,1,3.43936us/op
PUT-ordered-signal,65536,1,200,52.1443,10.0546
gpu-enqueue,PUT-ordered-signal,65536,1,3.28976us/op
PUT-target,65536,2,200,50.1826,10.4476
gpu-enqueue,PUT-target,65536,2,3.4272us/op
PUT-ordered-signal,65536,2,200,51.8174,10.118
gpu-enqueue,PUT-ordered-signal,65536,2,3.29256us/op
PUT-target,65536,3,200,49.739,10.5408
gpu-enqueue,PUT-target,65536,3,3.42752us/op
PUT-ordered-signal,65536,3,200,51.805,10.1204
gpu-enqueue,PUT-ordered-signal,65536,3,3.29096us/op
PUT-target,65536,4,200,50.08,10.469
gpu-enqueue,PUT-target,65536,4,3.4312us/op
PUT-ordered-signal,65536,4,200,51.4648,10.1873
gpu-enqueue,PUT-ordered-signal,65536,4,3.2892us/op
PUT-target,65536,5,200,50.1434,10.4558
gpu-enqueue,PUT-target,65536,5,3.42688us/op
PUT-ordered-signal,65536,5,200,51.8557,10.1105
gpu-enqueue,PUT-ordered-signal,65536,5,3.28912us/op
PUT-pipelined,8192,1,8192,4.10702,15.9571
gpu-enqueue,PUT-pipelined,8192,1,2.78312us/op
PUT-batch-signal,8192,1,8192,4.82054,13.5952
gpu-enqueue,PUT-batch-signal,8192,1,2.87847us/op
PUT-pipelined,8192,2,8192,4.10835,15.9519
gpu-enqueue,PUT-pipelined,8192,2,2.78322us/op
PUT-batch-signal,8192,2,8192,4.3145,15.1897
gpu-enqueue,PUT-batch-signal,8192,2,2.87786us/op
PUT-pipelined,8192,3,8192,4.11023,15.9446
gpu-enqueue,PUT-pipelined,8192,3,2.7811us/op
PUT-batch-signal,8192,3,8192,4.31588,15.1849
gpu-enqueue,PUT-batch-signal,8192,3,2.87973us/op
PUT-pipelined,8192,4,8192,4.10599,15.9611
gpu-enqueue,PUT-pipelined,8192,4,2.7803us/op
PUT-batch-signal,8192,4,8192,4.31087,15.2025
gpu-enqueue,PUT-batch-signal,8192,4,2.87738us/op
PUT-pipelined,8192,5,8192,4.10858,15.951
gpu-enqueue,PUT-pipelined,8192,5,2.7818us/op
PUT-batch-signal,8192,5,8192,4.31624,15.1836
gpu-enqueue,PUT-batch-signal,8192,5,2.87877us/op
PUT-pipelined,65536,1,2048,4.38837,119.472
gpu-enqueue,PUT-pipelined,65536,1,2.76531us/op
PUT-batch-signal,65536,1,2048,4.429,118.376
gpu-enqueue,PUT-batch-signal,65536,1,2.86327us/op
PUT-pipelined,65536,2,2048,4.40605,118.993
gpu-enqueue,PUT-pipelined,65536,2,2.76639us/op
PUT-batch-signal,65536,2,2048,4.41925,118.637
gpu-enqueue,PUT-batch-signal,65536,2,2.86247us/op
PUT-pipelined,65536,3,2048,4.4077,118.948
gpu-enqueue,PUT-pipelined,65536,3,2.76445us/op
PUT-batch-signal,65536,3,2048,4.42616,118.452
gpu-enqueue,PUT-batch-signal,65536,3,2.86789us/op
PUT-pipelined,65536,4,2048,4.40741,118.956
gpu-enqueue,PUT-pipelined,65536,4,2.76633us/op
PUT-batch-signal,65536,4,2048,4.41481,118.757
gpu-enqueue,PUT-batch-signal,65536,4,2.86508us/op
PUT-pipelined,65536,5,2048,4.42264,118.546
gpu-enqueue,PUT-pipelined,65536,5,2.76511us/op
PUT-batch-signal,65536,5,2048,4.40761,118.951
gpu-enqueue,PUT-batch-signal,65536,5,2.86188us/op
PUT-pipelined,1048576,1,256,23.5252,356.579
gpu-enqueue,PUT-pipelined,1048576,1,2.7465us/op
PUT-batch-signal,1048576,1,256,23.419,358.197
gpu-enqueue,PUT-batch-signal,1048576,1,2.84339us/op
PUT-pipelined,1048576,2,256,23.5723,355.868
gpu-enqueue,PUT-pipelined,1048576,2,2.74763us/op
PUT-batch-signal,1048576,2,256,23.3785,358.817
gpu-enqueue,PUT-batch-signal,1048576,2,2.84679us/op
PUT-pipelined,1048576,3,256,23.5042,356.897
gpu-enqueue,PUT-pipelined,1048576,3,2.74938us/op
PUT-batch-signal,1048576,3,256,23.503,356.916
gpu-enqueue,PUT-batch-signal,1048576,3,2.84339us/op
PUT-pipelined,1048576,4,256,23.4934,357.063
gpu-enqueue,PUT-pipelined,1048576,4,2.747us/op
PUT-batch-signal,1048576,4,256,23.3852,358.714
gpu-enqueue,PUT-batch-signal,1048576,4,2.84158us/op
PUT-pipelined,1048576,5,256,23.518,356.689
gpu-enqueue,PUT-pipelined,1048576,5,2.74662us/op
PUT-batch-signal,1048576,5,256,23.306,359.933
gpu-enqueue,PUT-batch-signal,1048576,5,2.85309us/op
