host=pool0-0321 cuda_visible=0 commit=8e9e25ee dirty=0
backend_param,efa_proxy_test_fence_off=1
backend_param,device_proxy=true
backend_param,proxy_channel_count=4
backend_param,proxy_thread_count=4
backend_param,efa_proxy_ordering=sender
backend_param,proxy_max_peers=1
backend,LIBFABRIC
pipeline_window,32
pipeline_channels,4
proxy_workers,4
engine_progress_thread,1
ordering_rounds,0
minimum_size,1
put_only,1
counter_memory,gpu
device_proxy,1
host_xfer,0
test,size_B,trial,iterations,mean_us,payload_Gbit_s
PUT-target,8,1,1000,37.0856,0.00172574
gpu-enqueue,PUT-target,8,1,3.42086us/op
PUT-target,8,2,1000,37.0868,0.00172568
gpu-enqueue,PUT-target,8,2,3.42125us/op
PUT-target,8,3,1000,36.9305,0.00173298
gpu-enqueue,PUT-target,8,3,3.42371us/op
PUT-target,8,4,1000,36.9837,0.00173049
gpu-enqueue,PUT-target,8,4,3.41859us/op
PUT-target,8,5,1000,37.1358,0.0017234
gpu-enqueue,PUT-target,8,5,3.42179us/op
PUT-target,64,1,1000,37.1651,0.0137764
gpu-enqueue,PUT-target,64,1,3.41872us/op
PUT-target,64,2,1000,37.2061,0.0137612
gpu-enqueue,PUT-target,64,2,3.42352us/op
PUT-target,64,3,1000,37.1065,0.0137981
gpu-enqueue,PUT-target,64,3,3.42003us/op
PUT-target,64,4,1000,37.1358,0.0137872
gpu-enqueue,PUT-target,64,4,3.42064us/op
PUT-target,64,5,1000,37.0952,0.0138023
gpu-enqueue,PUT-target,64,5,3.42106us/op
PUT-target,128,1,1000,37.3805,0.027394
gpu-enqueue,PUT-target,128,1,3.46086us/op
PUT-target,128,2,1000,37.6908,0.0271684
gpu-enqueue,PUT-target,128,2,3.51088us/op
PUT-target,128,3,1000,37.7146,0.0271513
gpu-enqueue,PUT-target,128,3,3.5129us/op
PUT-target,128,4,1000,37.6107,0.0272263
gpu-enqueue,PUT-target,128,4,3.5113us/op
PUT-target,128,5,1000,37.7277,0.0271419
gpu-enqueue,PUT-target,128,5,3.51331us/op
PUT-target,8192,1,500,40.739,1.60868
gpu-enqueue,PUT-target,8192,1,3.51341us/op
PUT-target,8192,2,500,40.5123,1.61768
gpu-enqueue,PUT-target,8192,2,3.51526us/op
PUT-target,8192,3,500,40.4701,1.61937
gpu-enqueue,PUT-target,8192,3,3.5097us/op
PUT-target,8192,4,500,40.5309,1.61694
gpu-enqueue,PUT-target,8192,4,3.51648us/op
PUT-target,8192,5,500,40.5404,1.61656
gpu-enqueue,PUT-target,8192,5,3.53619us/op
PUT-target,65536,1,200,49.6387,10.5621
gpu-enqueue,PUT-target,65536,1,3.50784us/op
PUT-target,65536,2,200,49.6451,10.5607
gpu-enqueue,PUT-target,65536,2,3.50656us/op
PUT-target,65536,3,200,49.6451,10.5607
gpu-enqueue,PUT-target,65536,3,3.51008us/op
PUT-target,65536,4,200,49.5814,10.5743
gpu-enqueue,PUT-target,65536,4,3.50096us/op
PUT-target,65536,5,200,49.6482,10.5601
gpu-enqueue,PUT-target,65536,5,3.51264us/op
PUT-pipelined,8192,1,32768,1.11851,58.5923
gpu-enqueue,PUT-pipelined,8192,1,2.89025us/op
PUT-pipelined,8192,2,32768,1.11823,58.607
gpu-enqueue,PUT-pipelined,8192,2,2.88352us/op
PUT-pipelined,8192,3,32768,1.11912,58.5604
gpu-enqueue,PUT-pipelined,8192,3,2.88488us/op
PUT-pipelined,8192,4,32768,1.11813,58.6121
gpu-enqueue,PUT-pipelined,8192,4,2.88233us/op
PUT-pipelined,8192,5,32768,1.11786,58.6262
gpu-enqueue,PUT-pipelined,8192,5,2.88552us/op
PUT-pipelined,65536,1,8192,1.80231,290.898
gpu-enqueue,PUT-pipelined,65536,1,2.85938us/op
PUT-pipelined,65536,2,8192,1.79755,291.667
gpu-enqueue,PUT-pipelined,65536,2,2.85773us/op
PUT-pipelined,65536,3,8192,1.80273,290.829
gpu-enqueue,PUT-pipelined,65536,3,2.85805us/op
PUT-pipelined,65536,4,8192,1.79864,291.491
gpu-enqueue,PUT-pipelined,65536,4,2.85468us/op
PUT-pipelined,65536,5,8192,1.79972,291.317
gpu-enqueue,PUT-pipelined,65536,5,2.85355us/op
PUT-pipelined,1048576,1,1024,21.5179,389.843
gpu-enqueue,PUT-pipelined,1048576,1,3.39744us/op
PUT-pipelined,1048576,2,1024,21.5199,389.807
gpu-enqueue,PUT-pipelined,1048576,2,3.38762us/op
PUT-pipelined,1048576,3,1024,21.525,389.715
gpu-enqueue,PUT-pipelined,1048576,3,3.39766us/op
PUT-pipelined,1048576,4,1024,21.5286,389.65
gpu-enqueue,PUT-pipelined,1048576,4,3.38647us/op
PUT-pipelined,1048576,5,1024,21.5252,389.711
gpu-enqueue,PUT-pipelined,1048576,5,3.37153us/op
