host=pool0-0321 cuda_visible=0 commit=8e9e25ee dirty=0
backend_param,efa_proxy_test_fence_off=1
backend_param,device_proxy=true
backend_param,proxy_channel_count=4
backend_param,proxy_thread_count=4
backend_param,efa_proxy_ordering=sender
backend_param,proxy_max_peers=1
backend,LIBFABRIC
pipeline_window,32
pipeline_channels,4
proxy_workers,4
engine_progress_thread,1
ordering_rounds,2048
minimum_size,1
put_only,0
counter_memory,gpu
device_proxy,1
host_xfer,0
test,size_B,trial,iterations,mean_us,payload_Gbit_s
ordering_sender_ms,152.53
ordering_signals_per_s,53707.5
ordering_payload_Gbit_s,142.578
ordering_gpu_enqueue_us_per_op,14.1014
ordering_gpu_final_wait_us,1921
ordering,sender_ok
