host=pool0-0321 cuda_visible=0 commit=8e9e25ee dirty=0
backend_param,efa_proxy_test_fence_off=1
backend_param,device_proxy=true
backend_param,proxy_channel_count=4
backend_param,proxy_thread_count=4
backend_param,efa_proxy_ordering=sender
backend_param,proxy_max_peers=1
backend,LIBFABRIC
pipeline_window,32
pipeline_channels,4
proxy_workers,4
engine_progress_thread,1
ordering_rounds,0
minimum_size,1
put_only,1
counter_memory,gpu
device_proxy,1
host_xfer,0
test,size_B,trial,iterations,mean_us,payload_Gbit_s
HOST-concurrent,1048576,1,13328,44.0719,190.339
PUT-pipelined,16384,1,262144,2.24045,58.5026
gpu-enqueue,PUT-pipelined,16384,1,3.13644us/op
HOST-concurrent,1048576,2,14272,41.5977,201.661
PUT-pipelined,16384,2,262144,2.26429,57.8865
gpu-enqueue,PUT-pipelined,16384,2,3.11392us/op
HOST-concurrent,1048576,3,14312,41.8895,200.256
PUT-pipelined,16384,3,262144,2.28656,57.3229
gpu-enqueue,PUT-pipelined,16384,3,3.12118us/op
HOST-concurrent,1048576,4,14384,41.6126,201.588
PUT-pipelined,16384,4,262144,2.28311,57.4095
gpu-enqueue,PUT-pipelined,16384,4,3.1131us/op
HOST-concurrent,1048576,5,14232,41.9242,200.09
PUT-pipelined,16384,5,262144,2.27566,57.5974
gpu-enqueue,PUT-pipelined,16384,5,3.12135us/op
