host=pool0-0321 cuda_visible=0 commit=8e9e25ee dirty=0
backend_param,efa_proxy_test_fence_off=1
backend_param,device_proxy=true
backend_param,proxy_channel_count=4
backend_param,proxy_thread_count=4
backend_param,efa_proxy_ordering=sender
backend_param,proxy_max_peers=1
backend,LIBFABRIC
pipeline_window,32
pipeline_channels,4
proxy_workers,4
engine_progress_thread,1
ordering_rounds,0
minimum_size,1
put_only,1
counter_memory,gpu
device_proxy,1
host_xfer,0
test,size_B,trial,iterations,mean_us,payload_Gbit_s
PUT-target,8,1,1000,37.9229,0.00168763
gpu-enqueue,PUT-target,8,1,3.50672us/op
PUT-target,8,2,1000,37.9579,0.00168608
gpu-enqueue,PUT-target,8,2,3.50461us/op
PUT-target,8,3,1000,37.9646,0.00168578
gpu-enqueue,PUT-target,8,3,3.50746us/op
PUT-target,8,4,1000,37.9905,0.00168463
gpu-enqueue,PUT-target,8,4,3.50672us/op
PUT-target,8,5,1000,38.117,0.00167904
gpu-enqueue,PUT-target,8,5,3.5056us/op
PUT-target,64,1,1000,38.0117,0.0134695
gpu-enqueue,PUT-target,64,1,3.50605us/op
PUT-target,64,2,1000,38.1584,0.0134177
gpu-enqueue,PUT-target,64,2,3.50717us/op
PUT-target,64,3,1000,38.0466,0.0134572
gpu-enqueue,PUT-target,64,3,3.51056us/op
PUT-target,64,4,1000,38.0615,0.0134519
gpu-enqueue,PUT-target,64,4,3.50406us/op
PUT-target,64,5,1000,38.0105,0.01347
gpu-enqueue,PUT-target,64,5,3.50323us/op
PUT-target,128,1,1000,38.036,0.0269218
gpu-enqueue,PUT-target,128,1,3.50694us/op
PUT-target,128,2,1000,38.0899,0.0268838
gpu-enqueue,PUT-target,128,2,3.5039us/op
PUT-target,128,3,1000,37.9711,0.0269679
gpu-enqueue,PUT-target,128,3,3.50419us/op
PUT-target,128,4,1000,38.0494,0.0269124
gpu-enqueue,PUT-target,128,4,3.5025us/op
PUT-target,128,5,1000,38.1879,0.0268148
gpu-enqueue,PUT-target,128,5,3.50595us/op
PUT-target,8192,1,500,41.0761,1.59548
gpu-enqueue,PUT-target,8192,1,3.50733us/op
PUT-target,8192,2,500,41.0433,1.59675
gpu-enqueue,PUT-target,8192,2,3.50682us/op
PUT-target,8192,3,500,40.9094,1.60198
gpu-enqueue,PUT-target,8192,3,3.50522us/op
PUT-target,8192,4,500,40.8966,1.60248
gpu-enqueue,PUT-target,8192,4,3.50368us/op
PUT-target,8192,5,500,40.9348,1.60099
gpu-enqueue,PUT-target,8192,5,3.50342us/op
PUT-target,65536,1,200,50.1443,10.4556
gpu-enqueue,PUT-target,65536,1,3.50592us/op
PUT-target,65536,2,200,50.2405,10.4356
gpu-enqueue,PUT-target,65536,2,3.49904us/op
PUT-target,65536,3,200,50.1746,10.4493
gpu-enqueue,PUT-target,65536,3,3.50608us/op
PUT-target,65536,4,200,50.0994,10.465
gpu-enqueue,PUT-target,65536,4,3.50704us/op
PUT-target,65536,5,200,49.9302,10.5004
gpu-enqueue,PUT-target,65536,5,3.50912us/op
PUT-pipelined,8192,1,32768,1.12495,58.2567
gpu-enqueue,PUT-pipelined,8192,1,2.89369us/op
PUT-pipelined,8192,2,32768,1.13099,57.9459
gpu-enqueue,PUT-pipelined,8192,2,2.89775us/op
PUT-pipelined,8192,3,32768,1.1282,58.0892
gpu-enqueue,PUT-pipelined,8192,3,2.89144us/op
PUT-pipelined,8192,4,32768,1.12189,58.4158
gpu-enqueue,PUT-pipelined,8192,4,2.88675us/op
PUT-pipelined,8192,5,32768,1.12248,58.3852
gpu-enqueue,PUT-pipelined,8192,5,2.88992us/op
PUT-pipelined,65536,1,8192,1.79415,292.22
gpu-enqueue,PUT-pipelined,65536,1,2.85956us/op
PUT-pipelined,65536,2,8192,1.80249,290.868
gpu-enqueue,PUT-pipelined,65536,2,2.86504us/op
PUT-pipelined,65536,3,8192,1.8008,291.142
gpu-enqueue,PUT-pipelined,65536,3,2.86033us/op
PUT-pipelined,65536,4,8192,1.80296,290.792
gpu-enqueue,PUT-pipelined,65536,4,2.86845us/op
PUT-pipelined,65536,5,8192,1.80472,290.51
gpu-enqueue,PUT-pipelined,65536,5,2.86465us/op
PUT-pipelined,1048576,1,1024,21.5161,389.875
gpu-enqueue,PUT-pipelined,1048576,1,3.38991us/op
PUT-pipelined,1048576,2,1024,21.5223,389.764
gpu-enqueue,PUT-pipelined,1048576,2,3.36us/op
PUT-pipelined,1048576,3,1024,21.5187,389.83
gpu-enqueue,PUT-pipelined,1048576,3,3.42272us/op
PUT-pipelined,1048576,4,1024,21.5208,389.79
gpu-enqueue,PUT-pipelined,1048576,4,3.39763us/op
PUT-pipelined,1048576,5,1024,21.5236,389.74
gpu-enqueue,PUT-pipelined,1048576,5,3.4145us/op
