host=pool0-0321 cuda_visible=0 commit=8e9e25ee dirty=0
backend_param,efa_proxy_test_fence_off=1
backend_param,device_proxy=true
backend_param,proxy_channel_count=4
backend_param,proxy_thread_count=4
backend_param,efa_proxy_ordering=sender
backend_param,proxy_max_peers=1
backend,LIBFABRIC
pipeline_window,32
pipeline_channels,4
proxy_workers,4
engine_progress_thread,1
ordering_rounds,0
minimum_size,1
put_only,1
counter_memory,gpu
device_proxy,1
host_xfer,1
test,size_B,trial,iterations,mean_us,payload_Gbit_s
HOST-write,65536,1,400,46.5121,180.353
HOST-write,65536,2,400,46.1129,181.914
HOST-write,65536,3,400,46.5841,180.075
HOST-write,65536,4,400,46.6941,179.65
HOST-write,65536,5,400,45.9853,182.419
HOST-write,1048576,1,400,41.6421,201.445
HOST-write,1048576,2,400,41.6217,201.544
HOST-write,1048576,3,400,41.6212,201.546
HOST-write,1048576,4,400,41.6704,201.309
HOST-write,1048576,5,400,41.6161,201.571
