host=pool0-0321 cuda_visible=0 commit=8e9e25ee dirty=0
backend_param,proxy_max_peers=1
backend_param,efa_proxy_ordering=receiver
backend_param,proxy_thread_count=4
backend_param,proxy_channel_count=4
backend_param,device_proxy=true
backend,LIBFABRIC
pipeline_window,32
pipeline_channels,4
proxy_workers,4
engine_progress_thread,1
ordering_rounds,0
minimum_size,1
put_only,1
counter_memory,gpu
device_proxy,1
host_xfer,0
test,size_B,trial,iterations,mean_us,payload_Gbit_s
HOST-concurrent,1048576,1,15608,45.8833,182.825
PUT-pipelined,16384,1,262144,2.73048,48.0032
gpu-enqueue,PUT-pipelined,16384,1,3.10762us/op
HOST-concurrent,1048576,2,15760,44.1734,189.902
PUT-pipelined,16384,2,262144,2.65529,49.3627
gpu-enqueue,PUT-pipelined,16384,2,3.11069us/op
HOST-concurrent,1048576,3,15920,44.0206,190.561
PUT-pipelined,16384,3,262144,2.67314,49.033
gpu-enqueue,PUT-pipelined,16384,3,3.10996us/op
HOST-concurrent,1048576,4,16072,43.9014,191.078
PUT-pipelined,16384,4,262144,2.6905,48.7166
gpu-enqueue,PUT-pipelined,16384,4,3.09546us/op
HOST-concurrent,1048576,5,15952,43.9849,190.716
PUT-pipelined,16384,5,262144,2.67547,48.9902
gpu-enqueue,PUT-pipelined,16384,5,3.10892us/op
