host=pool0-0321 cuda_visible=0 commit=8e9e25ee dirty=0
backend_param,proxy_max_peers=1
backend_param,efa_proxy_ordering=receiver
backend_param,proxy_thread_count=4
backend_param,proxy_channel_count=4
backend_param,device_proxy=true
backend,LIBFABRIC
pipeline_window,32
pipeline_channels,4
proxy_workers,4
engine_progress_thread,1
ordering_rounds,0
minimum_size,1
put_only,1
counter_memory,gpu
device_proxy,1
host_xfer,0
test,size_B,trial,iterations,mean_us,payload_Gbit_s
PUT-target,8,1,1000,41.1214,0.00155637
gpu-enqueue,PUT-target,8,1,3.48954us/op
PUT-target,8,2,1000,40.9001,0.00156479
gpu-enqueue,PUT-target,8,2,3.48538us/op
PUT-target,8,3,1000,41.102,0.0015571
gpu-enqueue,PUT-target,8,3,3.48941us/op
PUT-target,8,4,1000,41.1198,0.00155643
gpu-enqueue,PUT-target,8,4,3.48922us/op
PUT-target,8,5,1000,41.1098,0.00155681
gpu-enqueue,PUT-target,8,5,3.48867us/op
PUT-target,64,1,1000,41.3061,0.0123953
gpu-enqueue,PUT-target,64,1,3.48694us/op
PUT-target,64,2,1000,41.0775,0.0124642
gpu-enqueue,PUT-target,64,2,3.48685us/op
PUT-target,64,3,1000,41.2273,0.012419
gpu-enqueue,PUT-target,64,3,3.49066us/op
PUT-target,64,4,1000,40.9994,0.012488
gpu-enqueue,PUT-target,64,4,3.48954us/op
PUT-target,64,5,1000,40.8351,0.0125382
gpu-enqueue,PUT-target,64,5,3.48685us/op
PUT-target,128,1,1000,41.1352,0.0248935
gpu-enqueue,PUT-target,128,1,3.48928us/op
PUT-target,128,2,1000,41.2062,0.0248506
gpu-enqueue,PUT-target,128,2,3.48576us/op
PUT-target,128,3,1000,41.084,0.0249245
gpu-enqueue,PUT-target,128,3,3.48938us/op
PUT-target,128,4,1000,41.141,0.02489
gpu-enqueue,PUT-target,128,4,3.48851us/op
PUT-target,128,5,1000,41.3662,0.0247545
gpu-enqueue,PUT-target,128,5,3.49011us/op
PUT-target,8192,1,500,44.4369,1.47481
gpu-enqueue,PUT-target,8192,1,3.48922us/op
PUT-target,8192,2,500,44.3622,1.47729
gpu-enqueue,PUT-target,8192,2,3.48493us/op
PUT-target,8192,3,500,44.2081,1.48244
gpu-enqueue,PUT-target,8192,3,3.48806us/op
PUT-target,8192,4,500,44.2908,1.47967
gpu-enqueue,PUT-target,8192,4,3.4873us/op
PUT-target,8192,5,500,44.2603,1.4807
gpu-enqueue,PUT-target,8192,5,3.48922us/op
PUT-target,65536,1,200,54.519,9.6166
gpu-enqueue,PUT-target,65536,1,3.48576us/op
PUT-target,65536,2,200,54.7144,9.58227
gpu-enqueue,PUT-target,65536,2,3.50672us/op
PUT-target,65536,3,200,54.9106,9.54804
gpu-enqueue,PUT-target,65536,3,3.49344us/op
PUT-target,65536,4,200,54.6595,9.59189
gpu-enqueue,PUT-target,65536,4,3.48032us/op
PUT-target,65536,5,200,54.4323,9.63192
gpu-enqueue,PUT-target,65536,5,3.49408us/op
PUT-pipelined,8192,1,32768,1.62851,40.2428
gpu-enqueue,PUT-pipelined,8192,1,3.03652us/op
PUT-pipelined,8192,2,32768,1.61423,40.5988
gpu-enqueue,PUT-pipelined,8192,2,3.02428us/op
PUT-pipelined,8192,3,32768,1.59971,40.9675
gpu-enqueue,PUT-pipelined,8192,3,3.0304us/op
PUT-pipelined,8192,4,32768,1.61268,40.6379
gpu-enqueue,PUT-pipelined,8192,4,3.04019us/op
PUT-pipelined,8192,5,32768,1.60959,40.7159
gpu-enqueue,PUT-pipelined,8192,5,3.0371us/op
PUT-pipelined,65536,1,8192,1.91572,273.676
gpu-enqueue,PUT-pipelined,65536,1,2.87257us/op
PUT-pipelined,65536,2,8192,1.92579,272.245
gpu-enqueue,PUT-pipelined,65536,2,2.87882us/op
PUT-pipelined,65536,3,8192,1.91698,273.497
gpu-enqueue,PUT-pipelined,65536,3,2.87853us/op
PUT-pipelined,65536,4,8192,1.91709,273.482
gpu-enqueue,PUT-pipelined,65536,4,2.88309us/op
PUT-pipelined,65536,5,8192,1.92792,271.945
gpu-enqueue,PUT-pipelined,65536,5,2.88677us/op
PUT-pipelined,1048576,1,1024,21.5261,389.694
gpu-enqueue,PUT-pipelined,1048576,1,3.37572us/op
PUT-pipelined,1048576,2,1024,21.5236,389.74
gpu-enqueue,PUT-pipelined,1048576,2,3.3845us/op
PUT-pipelined,1048576,3,1024,21.5335,389.56
gpu-enqueue,PUT-pipelined,1048576,3,3.39363us/op
PUT-pipelined,1048576,4,1024,21.5274,389.671
gpu-enqueue,PUT-pipelined,1048576,4,3.37756us/op
PUT-pipelined,1048576,5,1024,21.5309,389.608
gpu-enqueue,PUT-pipelined,1048576,5,3.39075us/op
