host=pool0-0321 cuda_visible=0 commit=8e9e25ee dirty=0
backend_param,proxy_max_peers=1
backend_param,efa_proxy_ordering=receiver
backend_param,proxy_thread_count=4
backend_param,proxy_channel_count=4
backend_param,device_proxy=true
backend,LIBFABRIC
pipeline_window,32
pipeline_channels,4
proxy_workers,4
engine_progress_thread,1
ordering_rounds,0
minimum_size,1
put_only,1
counter_memory,gpu
device_proxy,1
host_xfer,0
test,size_B,trial,iterations,mean_us,payload_Gbit_s
HOST-concurrent,1048576,1,13544,49.9891,167.809
PUT-pipelined,16384,1,262144,2.58148,50.7739
gpu-enqueue,PUT-pipelined,16384,1,3.1956us/op
HOST-concurrent,1048576,2,15496,44.6152,188.021
PUT-pipelined,16384,2,262144,2.63719,49.7013
gpu-enqueue,PUT-pipelined,16384,2,3.11063us/op
HOST-concurrent,1048576,3,15592,44.3594,189.106
PUT-pipelined,16384,3,262144,2.63804,49.6853
gpu-enqueue,PUT-pipelined,16384,3,3.12246us/op
HOST-concurrent,1048576,4,15792,44.097,190.231
PUT-pipelined,16384,4,262144,2.65626,49.3446
gpu-enqueue,PUT-pipelined,16384,4,3.10254us/op
HOST-concurrent,1048576,5,15872,43.9514,190.861
PUT-pipelined,16384,5,262144,2.65972,49.2803
gpu-enqueue,PUT-pipelined,16384,5,3.10774us/op
