host=pool0-0321 cuda_visible=0 commit=8e9e25ee dirty=0
backend_param,proxy_max_peers=1
backend_param,efa_proxy_ordering=receiver
backend_param,proxy_thread_count=4
backend_param,proxy_channel_count=4
backend_param,device_proxy=true
backend,LIBFABRIC
pipeline_window,32
pipeline_channels,4
proxy_workers,4
engine_progress_thread,1
ordering_rounds,0
minimum_size,1
put_only,1
counter_memory,gpu
device_proxy,1
host_xfer,0
test,size_B,trial,iterations,mean_us,payload_Gbit_s
PUT-target,8,1,1000,41.2999,0.00154964
gpu-enqueue,PUT-target,8,1,3.50883us/op
PUT-target,8,2,1000,40.9546,0.00156271
gpu-enqueue,PUT-target,8,2,3.52509us/op
PUT-target,8,3,1000,40.9738,0.00156197
gpu-enqueue,PUT-target,8,3,3.50826us/op
PUT-target,8,4,1000,40.9513,0.00156283
gpu-enqueue,PUT-target,8,4,3.50963us/op
PUT-target,8,5,1000,41.1299,0.00155605
gpu-enqueue,PUT-target,8,5,3.51018us/op
PUT-target,64,1,1000,41.05,0.0124726
gpu-enqueue,PUT-target,64,1,3.51117us/op
PUT-target,64,2,1000,41.1812,0.0124329
gpu-enqueue,PUT-target,64,2,3.51638us/op
PUT-target,64,3,1000,41.1164,0.0124524
gpu-enqueue,PUT-target,64,3,3.51267us/op
PUT-target,64,4,1000,40.9357,0.0125074
gpu-enqueue,PUT-target,64,4,3.50906us/op
PUT-target,64,5,1000,41.3377,0.0123858
gpu-enqueue,PUT-target,64,5,3.51382us/op
PUT-target,128,1,1000,41.0092,0.02497
gpu-enqueue,PUT-target,128,1,3.51357us/op
PUT-target,128,2,1000,41.0102,0.0249694
gpu-enqueue,PUT-target,128,2,3.5305us/op
PUT-target,128,3,1000,41.0055,0.0249723
gpu-enqueue,PUT-target,128,3,3.50957us/op
PUT-target,128,4,1000,41.0063,0.0249718
gpu-enqueue,PUT-target,128,4,3.51421us/op
PUT-target,128,5,1000,41.2066,0.0248504
gpu-enqueue,PUT-target,128,5,3.51072us/op
PUT-target,8192,1,500,44.2065,1.4825
gpu-enqueue,PUT-target,8192,1,3.50528us/op
PUT-target,8192,2,500,44.1727,1.48363
gpu-enqueue,PUT-target,8192,2,3.5072us/op
PUT-target,8192,3,500,44.4017,1.47598
gpu-enqueue,PUT-target,8192,3,3.51168us/op
PUT-target,8192,4,500,44.2738,1.48024
gpu-enqueue,PUT-target,8192,4,3.51251us/op
PUT-target,8192,5,500,44.1544,1.48425
gpu-enqueue,PUT-target,8192,5,3.50886us/op
PUT-target,65536,1,200,54.6296,9.59714
gpu-enqueue,PUT-target,65536,1,3.50832us/op
PUT-target,65536,2,200,53.9997,9.70909
gpu-enqueue,PUT-target,65536,2,3.50768us/op
PUT-target,65536,3,200,54.1034,9.69049
gpu-enqueue,PUT-target,65536,3,3.50336us/op
PUT-target,65536,4,200,54.381,9.64102
gpu-enqueue,PUT-target,65536,4,3.50208us/op
PUT-target,65536,5,200,54.4102,9.63583
gpu-enqueue,PUT-target,65536,5,3.50576us/op
PUT-pipelined,8192,1,32768,1.81687,36.0709
gpu-enqueue,PUT-pipelined,8192,1,3.09662us/op
PUT-pipelined,8192,2,32768,1.7608,37.2194
gpu-enqueue,PUT-pipelined,8192,2,3.06196us/op
PUT-pipelined,8192,3,32768,1.80815,36.2448
gpu-enqueue,PUT-pipelined,8192,3,3.04231us/op
PUT-pipelined,8192,4,32768,1.66789,39.2928
gpu-enqueue,PUT-pipelined,8192,4,3.03655us/op
PUT-pipelined,8192,5,32768,1.78741,36.6654
gpu-enqueue,PUT-pipelined,8192,5,3.0733us/op
PUT-pipelined,65536,1,8192,2.65619,197.383
gpu-enqueue,PUT-pipelined,65536,1,3.08306us/op
PUT-pipelined,65536,2,8192,2.52252,207.843
gpu-enqueue,PUT-pipelined,65536,2,3.02561us/op
PUT-pipelined,65536,3,8192,2.483,211.151
gpu-enqueue,PUT-pipelined,65536,3,3.02873us/op
PUT-pipelined,65536,4,8192,2.49321,210.287
gpu-enqueue,PUT-pipelined,65536,4,3.09075us/op
PUT-pipelined,65536,5,8192,2.48089,211.331
gpu-enqueue,PUT-pipelined,65536,5,3.06087us/op
PUT-pipelined,1048576,1,1024,30.6553,273.643
gpu-enqueue,PUT-pipelined,1048576,1,3.39031us/op
PUT-pipelined,1048576,2,1024,30.7265,273.009
gpu-enqueue,PUT-pipelined,1048576,2,3.38797us/op
PUT-pipelined,1048576,3,1024,27.6981,302.858
gpu-enqueue,PUT-pipelined,1048576,3,3.38356us/op
PUT-pipelined,1048576,4,1024,26.6921,314.273
gpu-enqueue,PUT-pipelined,1048576,4,3.39197us/op
PUT-pipelined,1048576,5,1024,27.3319,306.916
gpu-enqueue,PUT-pipelined,1048576,5,3.38472us/op
