host=pool0-0321 cuda_visible=0 commit=8e9e25ee dirty=0
backend_param,proxy_max_peers=1
backend_param,efa_proxy_ordering=receiver
backend_param,proxy_thread_count=1
backend_param,proxy_channel_count=1
backend_param,device_proxy=true
backend,LIBFABRIC
pipeline_window,32
pipeline_channels,1
proxy_workers,1
engine_progress_thread,1
ordering_rounds,0
minimum_size,1
put_only,0
counter_memory,gpu
device_proxy,1
host_xfer,0
test,size_B,trial,iterations,mean_us,payload_Gbit_s
PUT-ordered-signal-pingpong,8,1,1000,58.4318,0.00109529
gpu-enqueue,PUT-ordered-signal-pingpong,8,1,3.16237us/op
PUT-ordered-signal-pingpong,8,2,1000,57.9358,0.00110467
gpu-enqueue,PUT-ordered-signal-pingpong,8,2,3.16429us/op
PUT-ordered-signal-pingpong,8,3,1000,58.1283,0.00110101
gpu-enqueue,PUT-ordered-signal-pingpong,8,3,3.16936us/op
PUT-ordered-signal-pingpong,8,4,1000,58.24,0.0010989
gpu-enqueue,PUT-ordered-signal-pingpong,8,4,3.16267us/op
PUT-ordered-signal-pingpong,8,5,1000,58.1963,0.00109973
gpu-enqueue,PUT-ordered-signal-pingpong,8,5,3.16318us/op
PUT-target,8,1,1000,39.0225,0.00164008
gpu-enqueue,PUT-target,8,1,3.47002us/op
PUT-ordered-signal,8,1,1000,48.7906,0.00131173
gpu-enqueue,PUT-ordered-signal,8,1,3.26942us/op
PUT-target,8,2,1000,38.5337,0.00166089
gpu-enqueue,PUT-target,8,2,3.48397us/op
PUT-ordered-signal,8,2,1000,49.1151,0.00130306
gpu-enqueue,PUT-ordered-signal,8,2,3.36162us/op
PUT-target,8,3,1000,38.6165,0.00165732
gpu-enqueue,PUT-target,8,3,3.53453us/op
PUT-ordered-signal,8,3,1000,49.0239,0.00130548
gpu-enqueue,PUT-ordered-signal,8,3,3.36323us/op
PUT-target,8,4,1000,38.6853,0.00165438
gpu-enqueue,PUT-target,8,4,3.53395us/op
PUT-ordered-signal,8,4,1000,49.1193,0.00130295
gpu-enqueue,PUT-ordered-signal,8,4,3.36334us/op
PUT-target,8,5,1000,38.9027,0.00164513
gpu-enqueue,PUT-target,8,5,3.5311us/op
PUT-ordered-signal,8,5,1000,49.2098,0.00130055
gpu-enqueue,PUT-ordered-signal,8,5,3.36341us/op
PUT-target,64,1,1000,38.8922,0.0131646
gpu-enqueue,PUT-target,64,1,3.53485us/op
PUT-ordered-signal,64,1,1000,49.3279,0.0103795
gpu-enqueue,PUT-ordered-signal,64,1,3.36274us/op
PUT-target,64,2,1000,38.8929,0.0131644
gpu-enqueue,PUT-target,64,2,3.53213us/op
PUT-ordered-signal,64,2,1000,49.2178,0.0104027
gpu-enqueue,PUT-ordered-signal,64,2,3.3631us/op
PUT-target,64,3,1000,39.0427,0.0131139
gpu-enqueue,PUT-target,64,3,3.53322us/op
PUT-ordered-signal,64,3,1000,49.102,0.0104273
gpu-enqueue,PUT-ordered-signal,64,3,3.36691us/op
PUT-target,64,4,1000,38.9071,0.0131595
gpu-enqueue,PUT-target,64,4,3.53469us/op
PUT-ordered-signal,64,4,1000,49.2154,0.0104032
gpu-enqueue,PUT-ordered-signal,64,4,3.36682us/op
PUT-target,64,5,1000,38.8897,0.0131654
gpu-enqueue,PUT-target,64,5,3.53738us/op
PUT-ordered-signal,64,5,1000,49.1065,0.0104263
gpu-enqueue,PUT-ordered-signal,64,5,3.36539us/op
PUT-target,128,1,1000,38.9295,0.026304
gpu-enqueue,PUT-target,128,1,3.53107us/op
PUT-ordered-signal,128,1,1000,49.0521,0.0208758
gpu-enqueue,PUT-ordered-signal,128,1,3.36178us/op
PUT-target,128,2,1000,39.5572,0.0258865
gpu-enqueue,PUT-target,128,2,3.53341us/op
PUT-ordered-signal,128,2,1000,50.0053,0.0204778
gpu-enqueue,PUT-ordered-signal,128,2,3.36456us/op
PUT-target,128,3,1000,39.4711,0.0259431
gpu-enqueue,PUT-target,128,3,3.53427us/op
PUT-ordered-signal,128,3,1000,52.4453,0.0195251
gpu-enqueue,PUT-ordered-signal,128,3,3.36398us/op
PUT-target,128,4,1000,38.7524,0.0264241
gpu-enqueue,PUT-target,128,4,3.52787us/op
PUT-ordered-signal,128,4,1000,48.6566,0.0210454
gpu-enqueue,PUT-ordered-signal,128,4,3.2683us/op
PUT-target,128,5,1000,38.8363,0.0263671
gpu-enqueue,PUT-target,128,5,3.46669us/op
PUT-ordered-signal,128,5,1000,50.1357,0.0204245
gpu-enqueue,PUT-ordered-signal,128,5,3.26656us/op
PUT-target,8192,1,500,41.2771,1.58771
gpu-enqueue,PUT-target,8192,1,3.44902us/op
PUT-ordered-signal,8192,1,500,48.8505,1.34156
gpu-enqueue,PUT-ordered-signal,8192,1,3.27018us/op
PUT-target,8192,2,500,42.3661,1.5469
gpu-enqueue,PUT-target,8192,2,3.44896us/op
PUT-ordered-signal,8192,2,500,49.8997,1.31335
gpu-enqueue,PUT-ordered-signal,8192,2,3.27002us/op
PUT-target,8192,3,500,43.3696,1.5111
gpu-enqueue,PUT-target,8192,3,3.44826us/op
PUT-ordered-signal,8192,3,500,48.9103,1.33992
gpu-enqueue,PUT-ordered-signal,8192,3,3.26906us/op
PUT-target,8192,4,500,41.0088,1.5981
gpu-enqueue,PUT-target,8192,4,3.45139us/op
PUT-ordered-signal,8192,4,500,51.236,1.2791
gpu-enqueue,PUT-ordered-signal,8192,4,3.26902us/op
PUT-target,8192,5,500,45.3575,1.44488
gpu-enqueue,PUT-target,8192,5,3.44602us/op
PUT-ordered-signal,8192,5,500,48.7051,1.34557
gpu-enqueue,PUT-ordered-signal,8192,5,3.26992us/op
PUT-target,65536,1,200,51.5758,10.1654
gpu-enqueue,PUT-target,65536,1,3.44704us/op
PUT-ordered-signal,65536,1,200,60.2059,8.70825
gpu-enqueue,PUT-ordered-signal,65536,1,3.26us/op
PUT-target,65536,2,200,51.543,10.1718
gpu-enqueue,PUT-target,65536,2,3.44592us/op
PUT-ordered-signal,65536,2,200,60.021,8.73508
gpu-enqueue,PUT-ordered-signal,65536,2,3.26336us/op
PUT-target,65536,3,200,53.2568,9.84453
gpu-enqueue,PUT-target,65536,3,3.44512us/op
PUT-ordered-signal,65536,3,200,63.8566,8.21039
gpu-enqueue,PUT-ordered-signal,65536,3,3.27168us/op
PUT-target,65536,4,200,55.7333,9.40709
gpu-enqueue,PUT-target,65536,4,3.4432us/op
PUT-ordered-signal,65536,4,200,60.3157,8.6924
gpu-enqueue,PUT-ordered-signal,65536,4,3.25928us/op
PUT-target,65536,5,200,53.9061,9.72595
gpu-enqueue,PUT-target,65536,5,3.4504us/op
PUT-ordered-signal,65536,5,200,60.3008,8.69454
gpu-enqueue,PUT-ordered-signal,65536,5,3.25904us/op
PUT-pipelined,8192,1,8192,4.21325,15.5547
gpu-enqueue,PUT-pipelined,8192,1,2.78713us/op
PUT-batch-signal,8192,1,8192,4.30207,15.2336
gpu-enqueue,PUT-batch-signal,8192,1,2.83745us/op
PUT-pipelined,8192,2,8192,4.3076,15.214
gpu-enqueue,PUT-pipelined,8192,2,2.78789us/op
PUT-batch-signal,8192,2,8192,4.57321,14.3304
gpu-enqueue,PUT-batch-signal,8192,2,2.83796us/op
PUT-pipelined,8192,3,8192,4.16904,15.7197
gpu-enqueue,PUT-pipelined,8192,3,2.78864us/op
PUT-batch-signal,8192,3,8192,4.29542,15.2572
gpu-enqueue,PUT-batch-signal,8192,3,2.8411us/op
PUT-pipelined,8192,4,8192,4.28058,15.3101
gpu-enqueue,PUT-pipelined,8192,4,2.78627us/op
PUT-batch-signal,8192,4,8192,4.38107,14.9589
gpu-enqueue,PUT-batch-signal,8192,4,2.83902us/op
PUT-pipelined,8192,5,8192,4.20033,15.6026
gpu-enqueue,PUT-pipelined,8192,5,2.79us/op
PUT-batch-signal,8192,5,8192,4.30541,15.2218
gpu-enqueue,PUT-batch-signal,8192,5,2.83931us/op
PUT-pipelined,65536,1,2048,4.86019,107.874
gpu-enqueue,PUT-pipelined,65536,1,2.76978us/op
PUT-batch-signal,65536,1,2048,5.69439,92.071
gpu-enqueue,PUT-batch-signal,65536,1,2.81535us/op
PUT-pipelined,65536,2,2048,4.47548,117.147
gpu-enqueue,PUT-pipelined,65536,2,2.77267us/op
PUT-batch-signal,65536,2,2048,4.63541,113.105
gpu-enqueue,PUT-batch-signal,65536,2,2.82058us/op
PUT-pipelined,65536,3,2048,4.48475,116.905
gpu-enqueue,PUT-pipelined,65536,3,2.77584us/op
PUT-batch-signal,65536,3,2048,4.66759,112.325
gpu-enqueue,PUT-batch-signal,65536,3,2.81791us/op
PUT-pipelined,65536,4,2048,4.48328,116.943
gpu-enqueue,PUT-pipelined,65536,4,2.77172us/op
PUT-batch-signal,65536,4,2048,4.68166,111.988
gpu-enqueue,PUT-batch-signal,65536,4,2.82064us/op
PUT-pipelined,65536,5,2048,5.15014,101.801
gpu-enqueue,PUT-pipelined,65536,5,2.76844us/op
PUT-batch-signal,65536,5,2048,4.67422,112.166
gpu-enqueue,PUT-batch-signal,65536,5,2.82347us/op
PUT-pipelined,1048576,1,256,23.6016,355.425
gpu-enqueue,PUT-pipelined,1048576,1,2.752us/op
PUT-batch-signal,1048576,1,256,23.9699,349.965
gpu-enqueue,PUT-batch-signal,1048576,1,2.80315us/op
PUT-pipelined,1048576,2,256,23.5919,355.572
gpu-enqueue,PUT-pipelined,1048576,2,2.757us/op
PUT-batch-signal,1048576,2,256,23.7851,352.683
gpu-enqueue,PUT-batch-signal,1048576,2,2.80024us/op
PUT-pipelined,1048576,3,256,23.6754,354.318
gpu-enqueue,PUT-pipelined,1048576,3,2.75787us/op
PUT-batch-signal,1048576,3,256,33.6554,249.25
gpu-enqueue,PUT-batch-signal,1048576,3,2.80909us/op
PUT-pipelined,1048576,4,256,24.22,346.35
gpu-enqueue,PUT-pipelined,1048576,4,2.75325us/op
PUT-batch-signal,1048576,4,256,23.8421,351.84
gpu-enqueue,PUT-batch-signal,1048576,4,2.80279us/op
PUT-pipelined,1048576,5,256,23.6621,354.516
gpu-enqueue,PUT-pipelined,1048576,5,2.74938us/op
PUT-batch-signal,1048576,5,256,23.8374,351.91
gpu-enqueue,PUT-batch-signal,1048576,5,2.79903us/op
