host=pool0-0321 cuda_visible=0 commit=8e9e25ee dirty=0
backend_param,proxy_max_peers=1
backend_param,efa_proxy_ordering=receiver
backend_param,proxy_thread_count=4
backend_param,proxy_channel_count=4
backend_param,device_proxy=true
backend,LIBFABRIC
pipeline_window,32
pipeline_channels,4
proxy_workers,4
engine_progress_thread,1
ordering_rounds,0
minimum_size,1
put_only,1
counter_memory,gpu
device_proxy,1
host_xfer,1
test,size_B,trial,iterations,mean_us,payload_Gbit_s
HOST-write,65536,1,400,48.4887,173.001
HOST-write,65536,2,400,47.6012,176.227
HOST-write,65536,3,400,48.5008,172.958
HOST-write,65536,4,400,48.8817,171.61
HOST-write,65536,5,400,48.0514,174.576
HOST-write,1048576,1,400,47.5031,176.591
HOST-write,1048576,2,400,47.4042,176.959
HOST-write,1048576,3,400,47.1956,177.741
HOST-write,1048576,4,400,47.2384,177.58
HOST-write,1048576,5,400,47.6706,175.97
