host=pool0-0321 cuda_visible=0 commit=8e9e25ee dirty=0
backend_param,proxy_max_peers=1
backend_param,efa_proxy_ordering=receiver
backend_param,proxy_thread_count=4
backend_param,proxy_channel_count=4
backend_param,device_proxy=true
backend,LIBFABRIC
pipeline_window,32
pipeline_channels,4
proxy_workers,4
engine_progress_thread,1
ordering_rounds,0
minimum_size,1
put_only,1
counter_memory,gpu
device_proxy,1
host_xfer,0
test,size_B,trial,iterations,mean_us,payload_Gbit_s
HOST-concurrent,1048576,1,15568,46.2213,181.488
PUT-pipelined,16384,1,262144,2.74428,47.7619
gpu-enqueue,PUT-pipelined,16384,1,3.13426us/op
HOST-concurrent,1048576,2,15824,44.3995,188.935
PUT-pipelined,16384,2,262144,2.67964,48.914
gpu-enqueue,PUT-pipelined,16384,2,3.13463us/op
HOST-concurrent,1048576,3,15976,44.179,189.878
PUT-pipelined,16384,3,262144,2.69149,48.6986
gpu-enqueue,PUT-pipelined,16384,3,3.12989us/op
HOST-concurrent,1048576,4,16000,44.4291,188.809
PUT-pipelined,16384,4,262144,2.71144,48.3404
gpu-enqueue,PUT-pipelined,16384,4,3.13562us/op
HOST-concurrent,1048576,5,15992,44.328,189.24
PUT-pipelined,16384,5,262144,2.70412,48.4712
gpu-enqueue,PUT-pipelined,16384,5,3.13564us/op
