host=pool0-0321 cuda_visible=0 commit=8e9e25ee dirty=0
backend_param,proxy_max_peers=1
backend_param,efa_proxy_ordering=receiver
backend_param,proxy_thread_count=4
backend_param,proxy_channel_count=4
backend_param,device_proxy=true
backend,LIBFABRIC
pipeline_window,32
pipeline_channels,4
proxy_workers,4
engine_progress_thread,1
ordering_rounds,0
minimum_size,1
put_only,1
counter_memory,gpu
device_proxy,1
host_xfer,0
test,size_B,trial,iterations,mean_us,payload_Gbit_s
PUT-target,8,1,1000,40.0699,0.00159721
gpu-enqueue,PUT-target,8,1,3.48899us/op
PUT-target,8,2,1000,40.1084,0.00159567
gpu-enqueue,PUT-target,8,2,3.48381us/op
PUT-target,8,3,1000,40.3009,0.00158805
gpu-enqueue,PUT-target,8,3,3.48928us/op
PUT-target,8,4,1000,40.0868,0.00159653
gpu-enqueue,PUT-target,8,4,3.49002us/op
PUT-target,8,5,1000,40.2733,0.00158914
gpu-enqueue,PUT-target,8,5,3.48832us/op
PUT-target,64,1,1000,40.2427,0.0127228
gpu-enqueue,PUT-target,64,1,3.48973us/op
PUT-target,64,2,1000,40.1506,0.012752
gpu-enqueue,PUT-target,64,2,3.50042us/op
PUT-target,64,3,1000,40.2212,0.0127296
gpu-enqueue,PUT-target,64,3,3.48877us/op
PUT-target,64,4,1000,40.163,0.012748
gpu-enqueue,PUT-target,64,4,3.48877us/op
PUT-target,64,5,1000,40.4563,0.0126556
gpu-enqueue,PUT-target,64,5,3.48474us/op
PUT-target,128,1,1000,40.1802,0.0254852
gpu-enqueue,PUT-target,128,1,3.4887us/op
PUT-target,128,2,1000,40.1704,0.0254914
gpu-enqueue,PUT-target,128,2,3.4913us/op
PUT-target,128,3,1000,40.071,0.0255546
gpu-enqueue,PUT-target,128,3,3.49117us/op
PUT-target,128,4,1000,40.3614,0.0253707
gpu-enqueue,PUT-target,128,4,3.48848us/op
PUT-target,128,5,1000,40.2718,0.0254272
gpu-enqueue,PUT-target,128,5,3.48883us/op
PUT-target,8192,1,500,43.1512,1.51875
gpu-enqueue,PUT-target,8192,1,3.48691us/op
PUT-target,8192,2,500,43.3129,1.51308
gpu-enqueue,PUT-target,8192,2,3.48723us/op
PUT-target,8192,3,500,43.1713,1.51805
gpu-enqueue,PUT-target,8192,3,3.48614us/op
PUT-target,8192,4,500,43.3173,1.51293
gpu-enqueue,PUT-target,8192,4,3.48986us/op
PUT-target,8192,5,500,43.2488,1.51532
gpu-enqueue,PUT-target,8192,5,3.48454us/op
PUT-target,65536,1,200,53.1042,9.87282
gpu-enqueue,PUT-target,65536,1,3.48448us/op
PUT-target,65536,2,200,53.9043,9.72627
gpu-enqueue,PUT-target,65536,2,3.47904us/op
PUT-target,65536,3,200,53.3566,9.82611
gpu-enqueue,PUT-target,65536,3,3.48064us/op
PUT-target,65536,4,200,53.6338,9.77534
gpu-enqueue,PUT-target,65536,4,3.48112us/op
PUT-target,65536,5,200,53.3957,9.81892
gpu-enqueue,PUT-target,65536,5,3.48432us/op
PUT-pipelined,8192,1,32768,1.63284,40.1363
gpu-enqueue,PUT-pipelined,8192,1,3.02957us/op
PUT-pipelined,8192,2,32768,1.62541,40.3196
gpu-enqueue,PUT-pipelined,8192,2,3.01618us/op
PUT-pipelined,8192,3,32768,1.6158,40.5594
gpu-enqueue,PUT-pipelined,8192,3,3.01636us/op
PUT-pipelined,8192,4,32768,1.59946,40.9738
gpu-enqueue,PUT-pipelined,8192,4,3.01006us/op
PUT-pipelined,8192,5,32768,1.62019,40.4497
gpu-enqueue,PUT-pipelined,8192,5,3.03022us/op
PUT-pipelined,65536,1,8192,1.93674,270.707
gpu-enqueue,PUT-pipelined,65536,1,2.88166us/op
PUT-pipelined,65536,2,8192,1.92472,272.397
gpu-enqueue,PUT-pipelined,65536,2,2.87053us/op
PUT-pipelined,65536,3,8192,1.92623,272.183
gpu-enqueue,PUT-pipelined,65536,3,2.88341us/op
PUT-pipelined,65536,4,8192,1.93466,270.997
gpu-enqueue,PUT-pipelined,65536,4,2.89031us/op
PUT-pipelined,65536,5,8192,2.38014,220.276
gpu-enqueue,PUT-pipelined,65536,5,2.99966us/op
PUT-pipelined,1048576,1,1024,21.5263,389.692
gpu-enqueue,PUT-pipelined,1048576,1,3.38331us/op
PUT-pipelined,1048576,2,1024,21.5213,389.781
gpu-enqueue,PUT-pipelined,1048576,2,3.381us/op
PUT-pipelined,1048576,3,1024,21.5219,389.771
gpu-enqueue,PUT-pipelined,1048576,3,3.38078us/op
PUT-pipelined,1048576,4,1024,21.5269,389.681
gpu-enqueue,PUT-pipelined,1048576,4,3.37509us/op
PUT-pipelined,1048576,5,1024,21.5241,389.731
gpu-enqueue,PUT-pipelined,1048576,5,3.37178us/op
