host=pool0-0321 cuda_visible=0 commit=8e9e25ee dirty=0
backend_param,proxy_max_peers=1
backend_param,efa_proxy_ordering=receiver
backend_param,proxy_thread_count=1
backend_param,proxy_channel_count=1
backend_param,device_proxy=true
backend,LIBFABRIC
pipeline_window,32
pipeline_channels,1
proxy_workers,1
engine_progress_thread,1
ordering_rounds,0
minimum_size,1
put_only,0
counter_memory,gpu
device_proxy,1
host_xfer,0
test,size_B,trial,iterations,mean_us,payload_Gbit_s
PUT-ordered-signal-pingpong,8,1,1000,58.84,0.00108769
gpu-enqueue,PUT-ordered-signal-pingpong,8,1,3.22917us/op
PUT-ordered-signal-pingpong,8,2,1000,58.6477,0.00109126
gpu-enqueue,PUT-ordered-signal-pingpong,8,2,3.23008us/op
PUT-ordered-signal-pingpong,8,3,1000,58.7509,0.00108934
gpu-enqueue,PUT-ordered-signal-pingpong,8,3,3.23125us/op
PUT-ordered-signal-pingpong,8,4,1000,58.8213,0.00108804
gpu-enqueue,PUT-ordered-signal-pingpong,8,4,3.23128us/op
PUT-ordered-signal-pingpong,8,5,1000,58.7227,0.00108987
gpu-enqueue,PUT-ordered-signal-pingpong,8,5,3.22958us/op
PUT-target,8,1,1000,39.3873,0.00162489
gpu-enqueue,PUT-target,8,1,3.52842us/op
PUT-ordered-signal,8,1,1000,49.652,0.00128897
gpu-enqueue,PUT-ordered-signal,8,1,3.33344us/op
PUT-target,8,2,1000,38.7893,0.00164994
gpu-enqueue,PUT-target,8,2,3.52896us/op
PUT-ordered-signal,8,2,1000,49.4126,0.00129522
gpu-enqueue,PUT-ordered-signal,8,2,3.33267us/op
PUT-target,8,3,1000,38.8471,0.00164748
gpu-enqueue,PUT-target,8,3,3.52461us/op
PUT-ordered-signal,8,3,1000,49.3389,0.00129715
gpu-enqueue,PUT-ordered-signal,8,3,3.33704us/op
PUT-target,8,4,1000,38.7275,0.00165257
gpu-enqueue,PUT-target,8,4,3.52822us/op
PUT-ordered-signal,8,4,1000,49.2644,0.00129911
gpu-enqueue,PUT-ordered-signal,8,4,3.33418us/op
PUT-target,8,5,1000,38.7781,0.00165041
gpu-enqueue,PUT-target,8,5,3.5279us/op
PUT-ordered-signal,8,5,1000,49.3395,0.00129714
gpu-enqueue,PUT-ordered-signal,8,5,3.3388us/op
PUT-target,64,1,1000,38.8573,0.0131764
gpu-enqueue,PUT-target,64,1,3.52797us/op
PUT-ordered-signal,64,1,1000,49.2902,0.0103875
gpu-enqueue,PUT-ordered-signal,64,1,3.3345us/op
PUT-target,64,2,1000,38.7785,0.0132032
gpu-enqueue,PUT-target,64,2,3.52707us/op
PUT-ordered-signal,64,2,1000,49.3558,0.0103737
gpu-enqueue,PUT-ordered-signal,64,2,3.33358us/op
PUT-target,64,3,1000,38.828,0.0131864
gpu-enqueue,PUT-target,64,3,3.5311us/op
PUT-ordered-signal,64,3,1000,49.37,0.0103707
gpu-enqueue,PUT-ordered-signal,64,3,3.33133us/op
PUT-target,64,4,1000,38.8044,0.0131944
gpu-enqueue,PUT-target,64,4,3.5287us/op
PUT-ordered-signal,64,4,1000,49.4077,0.0103628
gpu-enqueue,PUT-ordered-signal,64,4,3.33344us/op
PUT-target,64,5,1000,38.7632,0.0132084
gpu-enqueue,PUT-target,64,5,3.52656us/op
PUT-ordered-signal,64,5,1000,49.4174,0.0103607
gpu-enqueue,PUT-ordered-signal,64,5,3.33346us/op
PUT-target,128,1,1000,38.7673,0.026414
gpu-enqueue,PUT-target,128,1,3.53194us/op
PUT-ordered-signal,128,1,1000,49.4172,0.0207216
gpu-enqueue,PUT-ordered-signal,128,1,3.3335us/op
PUT-target,128,2,1000,38.8791,0.0263381
gpu-enqueue,PUT-target,128,2,3.52662us/op
PUT-ordered-signal,128,2,1000,49.4357,0.0207138
gpu-enqueue,PUT-ordered-signal,128,2,3.33459us/op
PUT-target,128,3,1000,38.8053,0.0263881
gpu-enqueue,PUT-target,128,3,3.52323us/op
PUT-ordered-signal,128,3,1000,49.2774,0.0207803
gpu-enqueue,PUT-ordered-signal,128,3,3.33091us/op
PUT-target,128,4,1000,38.8234,0.0263759
gpu-enqueue,PUT-target,128,4,3.5241us/op
PUT-ordered-signal,128,4,1000,49.643,0.0206273
gpu-enqueue,PUT-ordered-signal,128,4,3.33694us/op
PUT-target,128,5,1000,38.9302,0.0263035
gpu-enqueue,PUT-target,128,5,3.52662us/op
PUT-ordered-signal,128,5,1000,49.3172,0.0207636
gpu-enqueue,PUT-ordered-signal,128,5,3.33309us/op
PUT-target,8192,1,500,41.9239,1.56321
gpu-enqueue,PUT-target,8192,1,3.52909us/op
PUT-ordered-signal,8192,1,500,49.8177,1.31552
gpu-enqueue,PUT-ordered-signal,8192,1,3.33491us/op
PUT-target,8192,2,500,41.927,1.5631
gpu-enqueue,PUT-target,8192,2,3.52826us/op
PUT-ordered-signal,8192,2,500,49.8329,1.31512
gpu-enqueue,PUT-ordered-signal,8192,2,3.33504us/op
PUT-target,8192,3,500,41.8685,1.56528
gpu-enqueue,PUT-target,8192,3,3.52685us/op
PUT-ordered-signal,8192,3,500,49.9,1.31335
gpu-enqueue,PUT-ordered-signal,8192,3,3.34029us/op
PUT-target,8192,4,500,41.8218,1.56703
gpu-enqueue,PUT-target,8192,4,3.52563us/op
PUT-ordered-signal,8192,4,500,49.9085,1.31312
gpu-enqueue,PUT-ordered-signal,8192,4,3.3337us/op
PUT-target,8192,5,500,41.91,1.56373
gpu-enqueue,PUT-target,8192,5,3.52781us/op
PUT-ordered-signal,8192,5,500,49.8927,1.31354
gpu-enqueue,PUT-ordered-signal,8192,5,3.33568us/op
PUT-target,65536,1,200,52.6274,9.96227
gpu-enqueue,PUT-target,65536,1,3.5272us/op
PUT-ordered-signal,65536,1,200,61.8165,8.48136
gpu-enqueue,PUT-ordered-signal,65536,1,3.33408us/op
PUT-target,65536,2,200,52.3251,10.0198
gpu-enqueue,PUT-target,65536,2,3.52032us/op
PUT-ordered-signal,65536,2,200,61.1989,8.56695
gpu-enqueue,PUT-ordered-signal,65536,2,3.33496us/op
PUT-target,65536,3,200,52.4352,9.99878
gpu-enqueue,PUT-target,65536,3,3.52336us/op
PUT-ordered-signal,65536,3,200,61.0595,8.58651
gpu-enqueue,PUT-ordered-signal,65536,3,3.32784us/op
PUT-target,65536,4,200,52.6254,9.96263
gpu-enqueue,PUT-target,65536,4,3.5248us/op
PUT-ordered-signal,65536,4,200,61.4005,8.53883
gpu-enqueue,PUT-ordered-signal,65536,4,3.33936us/op
PUT-target,65536,5,200,52.3573,10.0137
gpu-enqueue,PUT-target,65536,5,3.52064us/op
PUT-ordered-signal,65536,5,200,61.3302,8.54861
gpu-enqueue,PUT-ordered-signal,65536,5,3.32744us/op
PUT-pipelined,8192,1,8192,4.13472,15.8502
gpu-enqueue,PUT-pipelined,8192,1,2.7879us/op
PUT-batch-signal,8192,1,8192,4.28773,15.2846
gpu-enqueue,PUT-batch-signal,8192,1,2.81582us/op
PUT-pipelined,8192,2,8192,4.13861,15.8353
gpu-enqueue,PUT-pipelined,8192,2,2.79124us/op
PUT-batch-signal,8192,2,8192,4.28446,15.2962
gpu-enqueue,PUT-batch-signal,8192,2,2.81629us/op
PUT-pipelined,8192,3,8192,4.12646,15.8819
gpu-enqueue,PUT-pipelined,8192,3,2.78882us/op
PUT-batch-signal,8192,3,8192,4.2968,15.2523
gpu-enqueue,PUT-batch-signal,8192,3,2.81915us/op
PUT-pipelined,8192,4,8192,4.1293,15.871
gpu-enqueue,PUT-pipelined,8192,4,2.78912us/op
PUT-batch-signal,8192,4,8192,4.2912,15.2722
gpu-enqueue,PUT-batch-signal,8192,4,2.8154us/op
PUT-pipelined,8192,5,8192,4.12707,15.8796
gpu-enqueue,PUT-pipelined,8192,5,2.79118us/op
PUT-batch-signal,8192,5,8192,4.28291,15.3017
gpu-enqueue,PUT-batch-signal,8192,5,2.81797us/op
PUT-pipelined,65536,1,2048,4.48014,117.025
gpu-enqueue,PUT-pipelined,65536,1,2.77264us/op
PUT-batch-signal,65536,1,2048,4.63255,113.175
gpu-enqueue,PUT-batch-signal,65536,1,2.79556us/op
PUT-pipelined,65536,2,2048,4.48239,116.966
gpu-enqueue,PUT-pipelined,65536,2,2.77144us/op
PUT-batch-signal,65536,2,2048,4.64048,112.981
gpu-enqueue,PUT-batch-signal,65536,2,2.79865us/op
PUT-pipelined,65536,3,2048,4.49736,116.577
gpu-enqueue,PUT-pipelined,65536,3,2.77609us/op
PUT-batch-signal,65536,3,2048,4.6477,112.806
gpu-enqueue,PUT-batch-signal,65536,3,2.79776us/op
PUT-pipelined,65536,4,2048,4.4785,117.068
gpu-enqueue,PUT-pipelined,65536,4,2.77125us/op
PUT-batch-signal,65536,4,2048,4.64228,112.938
gpu-enqueue,PUT-batch-signal,65536,4,2.79611us/op
PUT-pipelined,65536,5,2048,4.47231,117.23
gpu-enqueue,PUT-pipelined,65536,5,2.77237us/op
PUT-batch-signal,65536,5,2048,4.62909,113.259
gpu-enqueue,PUT-batch-signal,65536,5,2.79523us/op
PUT-pipelined,1048576,1,256,23.6251,355.071
gpu-enqueue,PUT-pipelined,1048576,1,2.7545us/op
PUT-batch-signal,1048576,1,256,23.7877,352.644
gpu-enqueue,PUT-batch-signal,1048576,1,2.78509us/op
PUT-pipelined,1048576,2,256,23.6221,355.117
gpu-enqueue,PUT-pipelined,1048576,2,2.755us/op
PUT-batch-signal,1048576,2,256,23.9074,350.88
gpu-enqueue,PUT-batch-signal,1048576,2,2.77891us/op
PUT-pipelined,1048576,3,256,23.6704,354.393
gpu-enqueue,PUT-pipelined,1048576,3,2.75263us/op
PUT-batch-signal,1048576,3,256,23.8072,352.355
gpu-enqueue,PUT-batch-signal,1048576,3,2.78255us/op
PUT-pipelined,1048576,4,256,23.6096,355.305
gpu-enqueue,PUT-pipelined,1048576,4,2.75237us/op
PUT-batch-signal,1048576,4,256,23.8283,352.045
gpu-enqueue,PUT-batch-signal,1048576,4,2.77479us/op
PUT-pipelined,1048576,5,256,23.6247,355.077
gpu-enqueue,PUT-pipelined,1048576,5,2.7605us/op
PUT-batch-signal,1048576,5,256,23.7727,352.867
gpu-enqueue,PUT-batch-signal,1048576,5,2.77952us/op
