host=pool0-0321 cuda_visible=0 commit=8e9e25ee dirty=0
backend_param,proxy_max_peers=1
backend_param,efa_proxy_ordering=receiver
backend_param,proxy_thread_count=1
backend_param,proxy_channel_count=1
backend_param,device_proxy=true
backend,LIBFABRIC
pipeline_window,32
pipeline_channels,1
proxy_workers,1
engine_progress_thread,1
ordering_rounds,0
minimum_size,1
put_only,0
counter_memory,gpu
device_proxy,1
host_xfer,0
test,size_B,trial,iterations,mean_us,payload_Gbit_s
PUT-ordered-signal-pingpong,8,1,1000,58.9141,0.00108633
gpu-enqueue,PUT-ordered-signal-pingpong,8,1,3.23472us/op
PUT-ordered-signal-pingpong,8,2,1000,58.6555,0.00109112
gpu-enqueue,PUT-ordered-signal-pingpong,8,2,3.23381us/op
PUT-ordered-signal-pingpong,8,3,1000,58.8708,0.00108713
gpu-enqueue,PUT-ordered-signal-pingpong,8,3,3.23518us/op
PUT-ordered-signal-pingpong,8,4,1000,58.5216,0.00109361
gpu-enqueue,PUT-ordered-signal-pingpong,8,4,3.23464us/op
PUT-ordered-signal-pingpong,8,5,1000,58.7009,0.00109027
gpu-enqueue,PUT-ordered-signal-pingpong,8,5,3.2329us/op
PUT-target,8,1,1000,38.9849,0.00164166
gpu-enqueue,PUT-target,8,1,3.53251us/op
PUT-ordered-signal,8,1,1000,49.3589,0.00129663
gpu-enqueue,PUT-ordered-signal,8,1,3.38254us/op
PUT-target,8,2,1000,38.3691,0.00166801
gpu-enqueue,PUT-target,8,2,3.53114us/op
PUT-ordered-signal,8,2,1000,49.0002,0.00130612
gpu-enqueue,PUT-ordered-signal,8,2,3.38029us/op
PUT-target,8,3,1000,38.3605,0.00166838
gpu-enqueue,PUT-target,8,3,3.53078us/op
PUT-ordered-signal,8,3,1000,48.9519,0.00130741
gpu-enqueue,PUT-ordered-signal,8,3,3.38114us/op
PUT-target,8,4,1000,38.3817,0.00166746
gpu-enqueue,PUT-target,8,4,3.5264us/op
PUT-ordered-signal,8,4,1000,49.0474,0.00130486
gpu-enqueue,PUT-ordered-signal,8,4,3.38154us/op
PUT-target,8,5,1000,38.3833,0.00166739
gpu-enqueue,PUT-target,8,5,3.53261us/op
PUT-ordered-signal,8,5,1000,49.0805,0.00130398
gpu-enqueue,PUT-ordered-signal,8,5,3.38002us/op
PUT-target,64,1,1000,38.5061,0.0132966
gpu-enqueue,PUT-target,64,1,3.52832us/op
PUT-ordered-signal,64,1,1000,49.069,0.0104343
gpu-enqueue,PUT-ordered-signal,64,1,3.38086us/op
PUT-target,64,2,1000,38.5599,0.013278
gpu-enqueue,PUT-target,64,2,3.52982us/op
PUT-ordered-signal,64,2,1000,49.1552,0.010416
gpu-enqueue,PUT-ordered-signal,64,2,3.38006us/op
PUT-target,64,3,1000,38.4426,0.0133186
gpu-enqueue,PUT-target,64,3,3.53104us/op
PUT-ordered-signal,64,3,1000,49.0947,0.0104288
gpu-enqueue,PUT-ordered-signal,64,3,3.38038us/op
PUT-target,64,4,1000,38.4577,0.0133133
gpu-enqueue,PUT-target,64,4,3.53568us/op
PUT-ordered-signal,64,4,1000,49.0694,0.0104342
gpu-enqueue,PUT-ordered-signal,64,4,3.37986us/op
PUT-target,64,5,1000,38.5308,0.0132881
gpu-enqueue,PUT-target,64,5,3.53043us/op
PUT-ordered-signal,64,5,1000,48.4573,0.010566
gpu-enqueue,PUT-ordered-signal,64,5,3.31454us/op
PUT-target,128,1,1000,37.873,0.0270377
gpu-enqueue,PUT-target,128,1,3.4496us/op
PUT-ordered-signal,128,1,1000,48.1612,0.0212619
gpu-enqueue,PUT-ordered-signal,128,1,3.28686us/op
PUT-target,128,2,1000,37.8037,0.0270873
gpu-enqueue,PUT-target,128,2,3.45837us/op
PUT-ordered-signal,128,2,1000,48.3778,0.0211667
gpu-enqueue,PUT-ordered-signal,128,2,3.2877us/op
PUT-target,128,3,1000,37.9072,0.0270133
gpu-enqueue,PUT-target,128,3,3.45357us/op
PUT-ordered-signal,128,3,1000,48.2359,0.021229
gpu-enqueue,PUT-ordered-signal,128,3,3.28624us/op
PUT-target,128,4,1000,37.9055,0.0270145
gpu-enqueue,PUT-target,128,4,3.45421us/op
PUT-ordered-signal,128,4,1000,48.2872,0.0212065
gpu-enqueue,PUT-ordered-signal,128,4,3.28634us/op
PUT-target,128,5,1000,37.8691,0.0270405
gpu-enqueue,PUT-target,128,5,3.45382us/op
PUT-ordered-signal,128,5,1000,48.3641,0.0211727
gpu-enqueue,PUT-ordered-signal,128,5,3.28387us/op
PUT-target,8192,1,500,40.901,1.60231
gpu-enqueue,PUT-target,8192,1,3.45626us/op
PUT-ordered-signal,8192,1,500,48.7532,1.34424
gpu-enqueue,PUT-ordered-signal,8192,1,3.28698us/op
PUT-target,8192,2,500,40.8625,1.60382
gpu-enqueue,PUT-target,8192,2,3.45254us/op
PUT-ordered-signal,8192,2,500,48.7124,1.34536
gpu-enqueue,PUT-ordered-signal,8192,2,3.28608us/op
PUT-target,8192,3,500,40.9175,1.60166
gpu-enqueue,PUT-target,8192,3,3.44762us/op
PUT-ordered-signal,8192,3,500,48.6964,1.34581
gpu-enqueue,PUT-ordered-signal,8192,3,3.28752us/op
PUT-target,8192,4,500,41.0068,1.59817
gpu-enqueue,PUT-target,8192,4,3.45043us/op
PUT-ordered-signal,8192,4,500,48.7484,1.34437
gpu-enqueue,PUT-ordered-signal,8192,4,3.28902us/op
PUT-target,8192,5,500,40.9057,1.60212
gpu-enqueue,PUT-target,8192,5,3.45376us/op
PUT-ordered-signal,8192,5,500,48.7871,1.34331
gpu-enqueue,PUT-ordered-signal,8192,5,3.28771us/op
PUT-target,65536,1,200,51.4304,10.1941
gpu-enqueue,PUT-target,65536,1,3.44368us/op
PUT-ordered-signal,65536,1,200,60.3531,8.68701
gpu-enqueue,PUT-ordered-signal,65536,1,3.28416us/op
PUT-target,65536,2,200,51.1595,10.2481
gpu-enqueue,PUT-target,65536,2,3.44672us/op
PUT-ordered-signal,65536,2,200,60.3179,8.69208
gpu-enqueue,PUT-ordered-signal,65536,2,3.28264us/op
PUT-target,65536,3,200,51.3546,10.2092
gpu-enqueue,PUT-target,65536,3,3.44512us/op
PUT-ordered-signal,65536,3,200,59.961,8.74382
gpu-enqueue,PUT-ordered-signal,65536,3,3.28944us/op
PUT-target,65536,4,200,51.3366,10.2127
gpu-enqueue,PUT-target,65536,4,3.44944us/op
PUT-ordered-signal,65536,4,200,60.1746,8.71278
gpu-enqueue,PUT-ordered-signal,65536,4,3.28904us/op
PUT-target,65536,5,200,50.9606,10.2881
gpu-enqueue,PUT-target,65536,5,3.44528us/op
PUT-ordered-signal,65536,5,200,59.748,8.77499
gpu-enqueue,PUT-ordered-signal,65536,5,3.27984us/op
PUT-pipelined,8192,1,8192,4.1223,15.8979
gpu-enqueue,PUT-pipelined,8192,1,2.78895us/op
PUT-batch-signal,8192,1,8192,4.33437,15.1201
gpu-enqueue,PUT-batch-signal,8192,1,2.87018us/op
PUT-pipelined,8192,2,8192,4.1227,15.8964
gpu-enqueue,PUT-pipelined,8192,2,2.79065us/op
PUT-batch-signal,8192,2,8192,4.33062,15.1332
gpu-enqueue,PUT-batch-signal,8192,2,2.87372us/op
PUT-pipelined,8192,3,8192,4.12227,15.8981
gpu-enqueue,PUT-pipelined,8192,3,2.79025us/op
PUT-batch-signal,8192,3,8192,4.32658,15.1473
gpu-enqueue,PUT-batch-signal,8192,3,2.87418us/op
PUT-pipelined,8192,4,8192,4.11474,15.9271
gpu-enqueue,PUT-pipelined,8192,4,2.78938us/op
PUT-batch-signal,8192,4,8192,4.32993,15.1356
gpu-enqueue,PUT-batch-signal,8192,4,2.87168us/op
PUT-pipelined,8192,5,8192,4.12442,15.8897
gpu-enqueue,PUT-pipelined,8192,5,2.79302us/op
PUT-batch-signal,8192,5,8192,4.33072,15.1328
gpu-enqueue,PUT-batch-signal,8192,5,2.87177us/op
PUT-pipelined,65536,1,2048,4.46439,117.438
gpu-enqueue,PUT-pipelined,65536,1,2.77305us/op
PUT-batch-signal,65536,1,2048,4.70872,111.344
gpu-enqueue,PUT-batch-signal,65536,1,2.85773us/op
PUT-pipelined,65536,2,2048,4.46052,117.54
gpu-enqueue,PUT-pipelined,65536,2,2.77398us/op
PUT-batch-signal,65536,2,2048,4.71537,111.187
gpu-enqueue,PUT-batch-signal,65536,2,2.86579us/op
PUT-pipelined,65536,3,2048,4.4877,116.828
gpu-enqueue,PUT-pipelined,65536,3,2.77236us/op
PUT-batch-signal,65536,3,2048,4.70231,111.496
gpu-enqueue,PUT-batch-signal,65536,3,2.85474us/op
PUT-pipelined,65536,4,2048,4.47444,117.174
gpu-enqueue,PUT-pipelined,65536,4,2.77325us/op
PUT-batch-signal,65536,4,2048,4.681,112.003
gpu-enqueue,PUT-batch-signal,65536,4,2.85509us/op
PUT-pipelined,65536,5,2048,4.47097,117.265
gpu-enqueue,PUT-pipelined,65536,5,2.77342us/op
PUT-batch-signal,65536,5,2048,4.70978,111.319
gpu-enqueue,PUT-batch-signal,65536,5,2.85405us/op
PUT-pipelined,1048576,1,256,23.6329,354.955
gpu-enqueue,PUT-pipelined,1048576,1,2.75488us/op
PUT-batch-signal,1048576,1,256,23.7985,352.485
gpu-enqueue,PUT-batch-signal,1048576,1,2.84376us/op
PUT-pipelined,1048576,2,256,23.6151,355.222
gpu-enqueue,PUT-pipelined,1048576,2,2.75375us/op
PUT-batch-signal,1048576,2,256,23.8085,352.337
gpu-enqueue,PUT-batch-signal,1048576,2,2.83576us/op
PUT-pipelined,1048576,3,256,23.6555,354.616
gpu-enqueue,PUT-pipelined,1048576,3,2.75438us/op
PUT-batch-signal,1048576,3,256,23.8261,352.076
gpu-enqueue,PUT-batch-signal,1048576,3,2.83636us/op
PUT-pipelined,1048576,4,256,23.6445,354.781
gpu-enqueue,PUT-pipelined,1048576,4,2.754us/op
PUT-batch-signal,1048576,4,256,23.8169,352.213
gpu-enqueue,PUT-batch-signal,1048576,4,2.84097us/op
PUT-pipelined,1048576,5,256,23.5529,356.161
gpu-enqueue,PUT-pipelined,1048576,5,2.75675us/op
PUT-batch-signal,1048576,5,256,23.8427,351.831
gpu-enqueue,PUT-batch-signal,1048576,5,2.84679us/op
