host=pool0-0321 cuda_visible=0 commit=8e9e25ee dirty=0
backend_param,efa_proxy_rx_thread=rail
backend_param,device_proxy=true
backend_param,efa_proxy_rx_flush=0
backend_param,proxy_channel_count=4
backend_param,proxy_thread_count=4
backend_param,efa_proxy_ordering=receiver
backend_param,proxy_max_peers=1
backend,LIBFABRIC
pipeline_window,32
pipeline_channels,4
proxy_workers,4
engine_progress_thread,1
ordering_rounds,0
minimum_size,1
put_only,1
counter_memory,gpu
device_proxy,1
host_xfer,0
test,size_B,trial,iterations,mean_us,payload_Gbit_s
HOST-concurrent,1048576,1,12872,45.0492,186.21
PUT-pipelined,16384,1,262144,2.21091,59.2842
gpu-enqueue,PUT-pipelined,16384,1,3.13008us/op
HOST-concurrent,1048576,2,13752,42.5761,197.026
PUT-pipelined,16384,2,262144,2.23266,58.7068
gpu-enqueue,PUT-pipelined,16384,2,3.12049us/op
HOST-concurrent,1048576,3,13704,42.7881,196.05
PUT-pipelined,16384,3,262144,2.23647,58.6065
gpu-enqueue,PUT-pipelined,16384,3,3.12882us/op
HOST-concurrent,1048576,4,13944,42.4904,197.424
PUT-pipelined,16384,4,262144,2.25989,57.9994
gpu-enqueue,PUT-pipelined,16384,4,3.12015us/op
HOST-concurrent,1048576,5,13672,42.8422,195.802
PUT-pipelined,16384,5,262144,2.23403,58.6707
gpu-enqueue,PUT-pipelined,16384,5,3.12199us/op
