host=pool0-0321 cuda_visible=0 commit=8e9e25ee dirty=0
backend_param,efa_proxy_rx_thread=rail
backend_param,device_proxy=true
backend_param,efa_proxy_rx_flush=0
backend_param,proxy_channel_count=1
backend_param,proxy_thread_count=1
backend_param,efa_proxy_ordering=receiver
backend_param,proxy_max_peers=1
backend,LIBFABRIC
pipeline_window,32
pipeline_channels,1
proxy_workers,1
engine_progress_thread,1
ordering_rounds,0
minimum_size,1
put_only,0
counter_memory,gpu
device_proxy,1
host_xfer,0
test,size_B,trial,iterations,mean_us,payload_Gbit_s
PUT-ordered-signal-pingpong,8,1,1000,57.7317,0.00110858
gpu-enqueue,PUT-ordered-signal-pingpong,8,1,3.19981us/op
PUT-ordered-signal-pingpong,8,2,1000,57.5664,0.00111176
gpu-enqueue,PUT-ordered-signal-pingpong,8,2,3.2007us/op
PUT-ordered-signal-pingpong,8,3,1000,57.5037,0.00111297
gpu-enqueue,PUT-ordered-signal-pingpong,8,3,3.19176us/op
PUT-ordered-signal-pingpong,8,4,1000,57.5339,0.00111239
gpu-enqueue,PUT-ordered-signal-pingpong,8,4,3.19213us/op
PUT-ordered-signal-pingpong,8,5,1000,57.6125,0.00111087
gpu-enqueue,PUT-ordered-signal-pingpong,8,5,3.1904us/op
PUT-target,8,1,1000,38.9282,0.00164405
gpu-enqueue,PUT-target,8,1,3.46304us/op
PUT-ordered-signal,8,1,1000,48.8792,0.00130935
gpu-enqueue,PUT-ordered-signal,8,1,3.3163us/op
PUT-target,8,2,1000,38.2746,0.00167213
gpu-enqueue,PUT-target,8,2,3.4641us/op
PUT-ordered-signal,8,2,1000,48.4525,0.00132088
gpu-enqueue,PUT-ordered-signal,8,2,3.31605us/op
PUT-target,8,3,1000,38.1949,0.00167562
gpu-enqueue,PUT-target,8,3,3.45994us/op
PUT-ordered-signal,8,3,1000,48.4697,0.00132041
gpu-enqueue,PUT-ordered-signal,8,3,3.31782us/op
PUT-target,8,4,1000,38.2362,0.00167381
gpu-enqueue,PUT-target,8,4,3.45904us/op
PUT-ordered-signal,8,4,1000,48.3856,0.00132271
gpu-enqueue,PUT-ordered-signal,8,4,3.31219us/op
PUT-target,8,5,1000,38.2942,0.00167127
gpu-enqueue,PUT-target,8,5,3.46349us/op
PUT-ordered-signal,8,5,1000,48.5076,0.00131938
gpu-enqueue,PUT-ordered-signal,8,5,3.31642us/op
PUT-target,64,1,1000,38.2543,0.0133841
gpu-enqueue,PUT-target,64,1,3.46106us/op
PUT-ordered-signal,64,1,1000,48.4416,0.0105694
gpu-enqueue,PUT-ordered-signal,64,1,3.31787us/op
PUT-target,64,2,1000,38.2308,0.0133923
gpu-enqueue,PUT-target,64,2,3.46768us/op
PUT-ordered-signal,64,2,1000,49.0365,0.0104412
gpu-enqueue,PUT-ordered-signal,64,2,3.31426us/op
PUT-target,64,3,1000,38.1247,0.0134296
gpu-enqueue,PUT-target,64,3,3.46909us/op
PUT-ordered-signal,64,3,1000,49.1064,0.0104263
gpu-enqueue,PUT-ordered-signal,64,3,3.31354us/op
PUT-target,64,4,1000,38.4854,0.0133037
gpu-enqueue,PUT-target,64,4,3.46301us/op
PUT-ordered-signal,64,4,1000,49.1119,0.0104252
gpu-enqueue,PUT-ordered-signal,64,4,3.31438us/op
PUT-target,64,5,1000,38.2835,0.0133739
gpu-enqueue,PUT-target,64,5,3.4633us/op
PUT-ordered-signal,64,5,1000,49.1508,0.0104169
gpu-enqueue,PUT-ordered-signal,64,5,3.31573us/op
PUT-target,128,1,1000,38.32,0.0267223
gpu-enqueue,PUT-target,128,1,3.45981us/op
PUT-ordered-signal,128,1,1000,48.9979,0.0208988
gpu-enqueue,PUT-ordered-signal,128,1,3.31304us/op
PUT-target,128,2,1000,38.2017,0.0268051
gpu-enqueue,PUT-target,128,2,3.46032us/op
PUT-ordered-signal,128,2,1000,49.6836,0.0206104
gpu-enqueue,PUT-ordered-signal,128,2,3.36219us/op
PUT-target,128,3,1000,38.9869,0.0262652
gpu-enqueue,PUT-target,128,3,3.59101us/op
PUT-ordered-signal,128,3,1000,50.1545,0.0204169
gpu-enqueue,PUT-ordered-signal,128,3,3.40099us/op
PUT-target,128,4,1000,39.0597,0.0262163
gpu-enqueue,PUT-target,128,4,3.58147us/op
PUT-ordered-signal,128,4,1000,49.3176,0.0207634
gpu-enqueue,PUT-ordered-signal,128,4,3.3995us/op
PUT-target,128,5,1000,38.9735,0.0262743
gpu-enqueue,PUT-target,128,5,3.58589us/op
PUT-ordered-signal,128,5,1000,49.309,0.020767
gpu-enqueue,PUT-ordered-signal,128,5,3.39851us/op
PUT-target,8192,1,500,42.0483,1.55859
gpu-enqueue,PUT-target,8192,1,3.55898us/op
PUT-ordered-signal,8192,1,500,49.6108,1.321
gpu-enqueue,PUT-ordered-signal,8192,1,3.40086us/op
PUT-target,8192,2,500,41.9987,1.56043
gpu-enqueue,PUT-target,8192,2,3.5607us/op
PUT-ordered-signal,8192,2,500,49.7731,1.31669
gpu-enqueue,PUT-ordered-signal,8192,2,3.39936us/op
PUT-target,8192,3,500,41.9524,1.56215
gpu-enqueue,PUT-target,8192,3,3.55322us/op
PUT-ordered-signal,8192,3,500,49.8105,1.31571
gpu-enqueue,PUT-ordered-signal,8192,3,3.39955us/op
PUT-target,8192,4,500,41.9443,1.56245
gpu-enqueue,PUT-target,8192,4,3.56262us/op
PUT-ordered-signal,8192,4,500,49.741,1.31755
gpu-enqueue,PUT-ordered-signal,8192,4,3.40214us/op
PUT-target,8192,5,500,41.9279,1.56306
gpu-enqueue,PUT-target,8192,5,3.55949us/op
PUT-ordered-signal,8192,5,500,49.7857,1.31636
gpu-enqueue,PUT-ordered-signal,8192,5,3.40394us/op
PUT-target,65536,1,200,52.0198,10.0786
gpu-enqueue,PUT-target,65536,1,3.55952us/op
PUT-ordered-signal,65536,1,200,61.0058,8.59407
gpu-enqueue,PUT-ordered-signal,65536,1,3.40464us/op
PUT-target,65536,2,200,52.317,10.0214
gpu-enqueue,PUT-target,65536,2,3.55152us/op
PUT-ordered-signal,65536,2,200,61.0706,8.58495
gpu-enqueue,PUT-ordered-signal,65536,2,3.4072us/op
PUT-target,65536,3,200,52.2851,10.0275
gpu-enqueue,PUT-target,65536,3,3.5488us/op
PUT-ordered-signal,65536,3,200,61.1373,8.57559
gpu-enqueue,PUT-ordered-signal,65536,3,3.4128us/op
PUT-target,65536,4,200,52.4395,9.99796
gpu-enqueue,PUT-target,65536,4,3.55056us/op
PUT-ordered-signal,65536,4,200,60.8629,8.61425
gpu-enqueue,PUT-ordered-signal,65536,4,3.4028us/op
PUT-target,65536,5,200,51.8666,10.1084
gpu-enqueue,PUT-target,65536,5,3.55056us/op
PUT-ordered-signal,65536,5,200,60.9136,8.60708
gpu-enqueue,PUT-ordered-signal,65536,5,3.38872us/op
PUT-pipelined,8192,1,8192,4.2364,15.4697
gpu-enqueue,PUT-pipelined,8192,1,2.872us/op
PUT-batch-signal,8192,1,8192,4.38232,14.9546
gpu-enqueue,PUT-batch-signal,8192,1,2.90878us/op
PUT-pipelined,8192,2,8192,4.13207,15.8603
gpu-enqueue,PUT-pipelined,8192,2,2.78748us/op
PUT-batch-signal,8192,2,8192,4.37126,14.9925
gpu-enqueue,PUT-batch-signal,8192,2,2.90455us/op
PUT-pipelined,8192,3,8192,4.13453,15.8509
gpu-enqueue,PUT-pipelined,8192,3,2.79044us/op
PUT-batch-signal,8192,3,8192,4.37261,14.9878
gpu-enqueue,PUT-batch-signal,8192,3,2.90468us/op
PUT-pipelined,8192,4,8192,4.12887,15.8726
gpu-enqueue,PUT-pipelined,8192,4,2.7885us/op
PUT-batch-signal,8192,4,8192,4.37768,14.9705
gpu-enqueue,PUT-batch-signal,8192,4,2.90525us/op
PUT-pipelined,8192,5,8192,4.13191,15.8609
gpu-enqueue,PUT-pipelined,8192,5,2.78841us/op
PUT-batch-signal,8192,5,8192,4.3766,14.9742
gpu-enqueue,PUT-batch-signal,8192,5,2.90535us/op
PUT-pipelined,65536,1,2048,4.48347,116.938
gpu-enqueue,PUT-pipelined,65536,1,2.77902us/op
PUT-batch-signal,65536,1,2048,4.73264,110.781
gpu-enqueue,PUT-batch-signal,65536,1,2.89203us/op
PUT-pipelined,65536,2,2048,4.46591,117.398
gpu-enqueue,PUT-pipelined,65536,2,2.77153us/op
PUT-batch-signal,65536,2,2048,4.74642,110.46
gpu-enqueue,PUT-batch-signal,65536,2,2.88979us/op
PUT-pipelined,65536,3,2048,4.46927,117.31
gpu-enqueue,PUT-pipelined,65536,3,2.77405us/op
PUT-batch-signal,65536,3,2048,4.73528,110.72
gpu-enqueue,PUT-batch-signal,65536,3,2.89211us/op
PUT-pipelined,65536,4,2048,4.47052,117.277
gpu-enqueue,PUT-pipelined,65536,4,2.77348us/op
PUT-batch-signal,65536,4,2048,4.75494,110.262
gpu-enqueue,PUT-batch-signal,65536,4,2.892us/op
PUT-pipelined,65536,5,2048,4.47805,117.08
gpu-enqueue,PUT-pipelined,65536,5,2.77156us/op
PUT-batch-signal,65536,5,2048,4.74311,110.537
gpu-enqueue,PUT-batch-signal,65536,5,2.89429us/op
PUT-pipelined,1048576,1,256,23.683,354.204
gpu-enqueue,PUT-pipelined,1048576,1,2.75413us/op
PUT-batch-signal,1048576,1,256,23.8069,352.361
gpu-enqueue,PUT-batch-signal,1048576,1,2.88145us/op
PUT-pipelined,1048576,2,256,23.6898,354.103
gpu-enqueue,PUT-pipelined,1048576,2,2.75212us/op
PUT-batch-signal,1048576,2,256,23.8736,351.376
gpu-enqueue,PUT-batch-signal,1048576,2,2.8777us/op
PUT-pipelined,1048576,3,256,23.6445,354.781
gpu-enqueue,PUT-pipelined,1048576,3,2.75225us/op
PUT-batch-signal,1048576,3,256,23.8445,351.805
gpu-enqueue,PUT-batch-signal,1048576,3,2.87879us/op
PUT-pipelined,1048576,4,256,23.6514,354.677
gpu-enqueue,PUT-pipelined,1048576,4,2.75287us/op
PUT-batch-signal,1048576,4,256,23.8599,351.578
gpu-enqueue,PUT-batch-signal,1048576,4,2.87539us/op
PUT-pipelined,1048576,5,256,23.624,355.088
gpu-enqueue,PUT-pipelined,1048576,5,2.75212us/op
PUT-batch-signal,1048576,5,256,23.9049,350.916
gpu-enqueue,PUT-batch-signal,1048576,5,2.88364us/op
