host=pool0-0321 cuda_visible=0 commit=8e9e25ee dirty=0
backend_param,efa_proxy_rx_thread=rail
backend_param,device_proxy=true
backend_param,efa_proxy_rx_flush=0
backend_param,proxy_channel_count=1
backend_param,proxy_thread_count=1
backend_param,efa_proxy_ordering=receiver
backend_param,proxy_max_peers=1
backend,LIBFABRIC
pipeline_window,32
pipeline_channels,1
proxy_workers,1
engine_progress_thread,1
ordering_rounds,0
minimum_size,1
put_only,0
counter_memory,gpu
device_proxy,1
host_xfer,0
test,size_B,trial,iterations,mean_us,payload_Gbit_s
PUT-ordered-signal-pingpong,8,1,1000,57.815,0.00110698
gpu-enqueue,PUT-ordered-signal-pingpong,8,1,3.16435us/op
PUT-ordered-signal-pingpong,8,2,1000,57.6884,0.00110941
gpu-enqueue,PUT-ordered-signal-pingpong,8,2,3.16461us/op
PUT-ordered-signal-pingpong,8,3,1000,57.9223,0.00110493
gpu-enqueue,PUT-ordered-signal-pingpong,8,3,3.16182us/op
PUT-ordered-signal-pingpong,8,4,1000,57.6828,0.00110952
gpu-enqueue,PUT-ordered-signal-pingpong,8,4,3.16069us/op
PUT-ordered-signal-pingpong,8,5,1000,57.5382,0.0011123
gpu-enqueue,PUT-ordered-signal-pingpong,8,5,3.15893us/op
PUT-target,8,1,1000,38.4708,0.0016636
gpu-enqueue,PUT-target,8,1,3.45514us/op
PUT-ordered-signal,8,1,1000,48.2193,0.00132727
gpu-enqueue,PUT-ordered-signal,8,1,3.25501us/op
PUT-target,8,2,1000,37.8184,0.0016923
gpu-enqueue,PUT-target,8,2,3.44032us/op
PUT-ordered-signal,8,2,1000,47.9717,0.00133412
gpu-enqueue,PUT-ordered-signal,8,2,3.27371us/op
PUT-target,8,3,1000,38.3227,0.00167003
gpu-enqueue,PUT-target,8,3,3.5375us/op
PUT-ordered-signal,8,3,1000,49.0823,0.00130393
gpu-enqueue,PUT-ordered-signal,8,3,3.34146us/op
PUT-target,8,4,1000,38.4266,0.00166551
gpu-enqueue,PUT-target,8,4,3.5375us/op
PUT-ordered-signal,8,4,1000,48.8364,0.0013105
gpu-enqueue,PUT-ordered-signal,8,4,3.3441us/op
PUT-target,8,5,1000,38.4014,0.0016666
gpu-enqueue,PUT-target,8,5,3.53811us/op
PUT-ordered-signal,8,5,1000,48.7769,0.0013121
gpu-enqueue,PUT-ordered-signal,8,5,3.34274us/op
PUT-target,64,1,1000,38.4644,0.013311
gpu-enqueue,PUT-target,64,1,3.53616us/op
PUT-ordered-signal,64,1,1000,48.746,0.0105034
gpu-enqueue,PUT-ordered-signal,64,1,3.34304us/op
PUT-target,64,2,1000,38.548,0.0132821
gpu-enqueue,PUT-target,64,2,3.53859us/op
PUT-ordered-signal,64,2,1000,48.7373,0.0105053
gpu-enqueue,PUT-ordered-signal,64,2,3.34546us/op
PUT-target,64,3,1000,38.5429,0.0132839
gpu-enqueue,PUT-target,64,3,3.53315us/op
PUT-ordered-signal,64,3,1000,48.79,0.0104939
gpu-enqueue,PUT-ordered-signal,64,3,3.34282us/op
PUT-target,64,4,1000,38.5735,0.0132733
gpu-enqueue,PUT-target,64,4,3.53318us/op
PUT-ordered-signal,64,4,1000,48.6944,0.0105145
gpu-enqueue,PUT-ordered-signal,64,4,3.34397us/op
PUT-target,64,5,1000,38.5211,0.0132914
gpu-enqueue,PUT-target,64,5,3.53862us/op
PUT-ordered-signal,64,5,1000,48.7046,0.0105123
gpu-enqueue,PUT-ordered-signal,64,5,3.34216us/op
PUT-target,128,1,1000,38.6257,0.0265108
gpu-enqueue,PUT-target,128,1,3.53786us/op
PUT-ordered-signal,128,1,1000,48.7198,0.0210181
gpu-enqueue,PUT-ordered-signal,128,1,3.34205us/op
PUT-target,128,2,1000,38.5412,0.026569
gpu-enqueue,PUT-target,128,2,3.53459us/op
PUT-ordered-signal,128,2,1000,48.7694,0.0209968
gpu-enqueue,PUT-ordered-signal,128,2,3.34312us/op
PUT-target,128,3,1000,38.4843,0.0266083
gpu-enqueue,PUT-target,128,3,3.53261us/op
PUT-ordered-signal,128,3,1000,48.7872,0.0209891
gpu-enqueue,PUT-ordered-signal,128,3,3.34478us/op
PUT-target,128,4,1000,38.5498,0.0265631
gpu-enqueue,PUT-target,128,4,3.53142us/op
PUT-ordered-signal,128,4,1000,48.7013,0.0210261
gpu-enqueue,PUT-ordered-signal,128,4,3.34133us/op
PUT-target,128,5,1000,38.5736,0.0265467
gpu-enqueue,PUT-target,128,5,3.53629us/op
PUT-ordered-signal,128,5,1000,48.7165,0.0210196
gpu-enqueue,PUT-ordered-signal,128,5,3.34186us/op
PUT-target,8192,1,500,41.7386,1.57015
gpu-enqueue,PUT-target,8192,1,3.5351us/op
PUT-ordered-signal,8192,1,500,49.1951,1.33216
gpu-enqueue,PUT-ordered-signal,8192,1,3.34448us/op
PUT-target,8192,2,500,41.4004,1.58298
gpu-enqueue,PUT-target,8192,2,3.53101us/op
PUT-ordered-signal,8192,2,500,49.2764,1.32997
gpu-enqueue,PUT-ordered-signal,8192,2,3.34166us/op
PUT-target,8192,3,500,41.6404,1.57385
gpu-enqueue,PUT-target,8192,3,3.56333us/op
PUT-ordered-signal,8192,3,500,49.1309,1.33391
gpu-enqueue,PUT-ordered-signal,8192,3,3.34157us/op
PUT-target,8192,4,500,41.4466,1.58122
gpu-enqueue,PUT-target,8192,4,3.5303us/op
PUT-ordered-signal,8192,4,500,49.1306,1.33391
gpu-enqueue,PUT-ordered-signal,8192,4,3.33898us/op
PUT-target,8192,5,500,41.5025,1.57909
gpu-enqueue,PUT-target,8192,5,3.54278us/op
PUT-ordered-signal,8192,5,500,49.4451,1.32543
gpu-enqueue,PUT-ordered-signal,8192,5,3.35171us/op
PUT-target,65536,1,200,52.0392,10.0749
gpu-enqueue,PUT-target,65536,1,3.52944us/op
PUT-ordered-signal,65536,1,200,60.5746,8.65525
gpu-enqueue,PUT-ordered-signal,65536,1,3.33312us/op
PUT-target,65536,2,200,52.1296,10.0574
gpu-enqueue,PUT-target,65536,2,3.52864us/op
PUT-ordered-signal,65536,2,200,60.2219,8.70593
gpu-enqueue,PUT-ordered-signal,65536,2,3.3468us/op
PUT-target,65536,3,200,51.7677,10.1277
gpu-enqueue,PUT-target,65536,3,3.5264us/op
PUT-ordered-signal,65536,3,200,60.3915,8.68148
gpu-enqueue,PUT-ordered-signal,65536,3,3.34512us/op
PUT-target,65536,4,200,51.6165,10.1574
gpu-enqueue,PUT-target,65536,4,3.52368us/op
PUT-ordered-signal,65536,4,200,60.587,8.65347
gpu-enqueue,PUT-ordered-signal,65536,4,3.33304us/op
PUT-target,65536,5,200,51.8338,10.1148
gpu-enqueue,PUT-target,65536,5,3.53456us/op
PUT-ordered-signal,65536,5,200,60.515,8.66376
gpu-enqueue,PUT-ordered-signal,65536,5,3.34128us/op
PUT-pipelined,8192,1,8192,4.22881,15.4975
gpu-enqueue,PUT-pipelined,8192,1,2.87129us/op
PUT-batch-signal,8192,1,8192,4.27691,15.3232
gpu-enqueue,PUT-batch-signal,8192,1,2.83021us/op
PUT-pipelined,8192,2,8192,4.1164,15.9207
gpu-enqueue,PUT-pipelined,8192,2,2.78854us/op
PUT-batch-signal,8192,2,8192,4.26901,15.3516
gpu-enqueue,PUT-batch-signal,8192,2,2.82374us/op
PUT-pipelined,8192,3,8192,4.12455,15.8892
gpu-enqueue,PUT-pipelined,8192,3,2.79095us/op
PUT-batch-signal,8192,3,8192,4.2763,15.3254
gpu-enqueue,PUT-batch-signal,8192,3,2.82305us/op
PUT-pipelined,8192,4,8192,4.11866,15.912
gpu-enqueue,PUT-pipelined,8192,4,2.78902us/op
PUT-batch-signal,8192,4,8192,4.26759,15.3567
gpu-enqueue,PUT-batch-signal,8192,4,2.82648us/op
PUT-pipelined,8192,5,8192,4.11652,15.9202
gpu-enqueue,PUT-pipelined,8192,5,2.78872us/op
PUT-batch-signal,8192,5,8192,4.27151,15.3426
gpu-enqueue,PUT-batch-signal,8192,5,2.82353us/op
PUT-pipelined,65536,1,2048,4.47114,117.26
gpu-enqueue,PUT-pipelined,65536,1,2.78136us/op
PUT-batch-signal,65536,1,2048,4.62853,113.273
gpu-enqueue,PUT-batch-signal,65536,1,2.8055us/op
PUT-pipelined,65536,2,2048,4.4957,116.62
gpu-enqueue,PUT-pipelined,65536,2,2.77309us/op
PUT-batch-signal,65536,2,2048,4.63461,113.125
gpu-enqueue,PUT-batch-signal,65536,2,2.80291us/op
PUT-pipelined,65536,3,2048,4.45611,117.656
gpu-enqueue,PUT-pipelined,65536,3,2.77108us/op
PUT-batch-signal,65536,3,2048,4.63083,113.217
gpu-enqueue,PUT-batch-signal,65536,3,2.80695us/op
PUT-pipelined,65536,4,2048,4.47322,117.206
gpu-enqueue,PUT-pipelined,65536,4,2.77178us/op
PUT-batch-signal,65536,4,2048,4.63866,113.026
gpu-enqueue,PUT-batch-signal,65536,4,2.80439us/op
PUT-pipelined,65536,5,2048,4.48453,116.91
gpu-enqueue,PUT-pipelined,65536,5,2.7737us/op
PUT-batch-signal,65536,5,2048,4.61391,113.632
gpu-enqueue,PUT-batch-signal,65536,5,2.80459us/op
PUT-pipelined,1048576,1,256,23.5655,355.97
gpu-enqueue,PUT-pipelined,1048576,1,2.75175us/op
PUT-batch-signal,1048576,1,256,23.7631,353.009
gpu-enqueue,PUT-batch-signal,1048576,1,2.79055us/op
PUT-pipelined,1048576,2,256,23.6239,355.09
gpu-enqueue,PUT-pipelined,1048576,2,2.75025us/op
PUT-batch-signal,1048576,2,256,23.8502,351.72
gpu-enqueue,PUT-batch-signal,1048576,2,2.78873us/op
PUT-pipelined,1048576,3,256,23.6185,355.171
gpu-enqueue,PUT-pipelined,1048576,3,2.74812us/op
PUT-batch-signal,1048576,3,256,23.8375,351.908
gpu-enqueue,PUT-batch-signal,1048576,3,2.78291us/op
PUT-pipelined,1048576,4,256,23.6399,354.85
gpu-enqueue,PUT-pipelined,1048576,4,2.75475us/op
PUT-batch-signal,1048576,4,256,23.7455,353.271
gpu-enqueue,PUT-batch-signal,1048576,4,2.78339us/op
PUT-pipelined,1048576,5,256,23.726,353.562
gpu-enqueue,PUT-pipelined,1048576,5,2.75475us/op
PUT-batch-signal,1048576,5,256,23.8235,352.115
gpu-enqueue,PUT-batch-signal,1048576,5,2.79079us/op
