host=pool0-0321 cuda_visible=0 commit=8e9e25ee dirty=0
backend_param,efa_proxy_rx_thread=rail
backend_param,device_proxy=true
backend_param,efa_proxy_rx_flush=0
backend_param,proxy_channel_count=4
backend_param,proxy_thread_count=4
backend_param,efa_proxy_ordering=receiver
backend_param,proxy_max_peers=1
backend,LIBFABRIC
pipeline_window,32
pipeline_channels,4
proxy_workers,4
engine_progress_thread,1
ordering_rounds,0
minimum_size,1
put_only,1
counter_memory,gpu
device_proxy,1
host_xfer,1
test,size_B,trial,iterations,mean_us,payload_Gbit_s
HOST-write,65536,1,400,47.9223,175.046
HOST-write,65536,2,400,46.8801,178.938
HOST-write,65536,3,400,47.5784,176.311
HOST-write,65536,4,400,46.7347,179.494
HOST-write,65536,5,400,47.3086,177.317
HOST-write,1048576,1,400,42.1346,199.091
HOST-write,1048576,2,400,42.0465,199.508
HOST-write,1048576,3,400,42.3235,198.202
HOST-write,1048576,4,400,42.2532,198.532
HOST-write,1048576,5,400,42.1058,199.227
