host=pool0-0321 cuda_visible=0 commit=8e9e25ee dirty=0
backend_param,efa_proxy_rx_thread=rail
backend_param,device_proxy=true
backend_param,efa_proxy_rx_flush=0
backend_param,proxy_channel_count=4
backend_param,proxy_thread_count=4
backend_param,efa_proxy_ordering=receiver
backend_param,proxy_max_peers=1
backend,LIBFABRIC
pipeline_window,32
pipeline_channels,4
proxy_workers,4
engine_progress_thread,1
ordering_rounds,0
minimum_size,1
put_only,1
counter_memory,gpu
device_proxy,1
host_xfer,1
test,size_B,trial,iterations,mean_us,payload_Gbit_s
HOST-write,65536,1,400,47.1549,177.895
HOST-write,65536,2,400,47.6768,175.947
HOST-write,65536,3,400,47.0653,178.233
HOST-write,65536,4,400,47.1504,177.912
HOST-write,65536,5,400,47.4634,176.738
HOST-write,1048576,1,400,42.2345,198.62
HOST-write,1048576,2,400,41.7422,200.962
HOST-write,1048576,3,400,42.4104,197.796
HOST-write,1048576,4,400,41.8033,200.668
HOST-write,1048576,5,400,43.1986,194.187
