host=pool0-0321 cuda_visible=0 commit=8e9e25ee dirty=0
backend_param,efa_proxy_rx_thread=rail
backend_param,device_proxy=true
backend_param,efa_proxy_rx_flush=0
backend_param,proxy_channel_count=4
backend_param,proxy_thread_count=4
backend_param,efa_proxy_ordering=receiver
backend_param,proxy_max_peers=1
backend,LIBFABRIC
pipeline_window,32
pipeline_channels,4
proxy_workers,4
engine_progress_thread,1
ordering_rounds,0
minimum_size,1
put_only,1
counter_memory,gpu
device_proxy,1
host_xfer,0
test,size_B,trial,iterations,mean_us,payload_Gbit_s
PUT-target,8,1,1000,38.266,0.0016725
gpu-enqueue,PUT-target,8,1,3.51142us/op
PUT-target,8,2,1000,38.2051,0.00167517
gpu-enqueue,PUT-target,8,2,3.51562us/op
PUT-target,8,3,1000,38.2268,0.00167422
gpu-enqueue,PUT-target,8,3,3.51382us/op
PUT-target,8,4,1000,38.2831,0.00167176
gpu-enqueue,PUT-target,8,4,3.5184us/op
PUT-target,8,5,1000,38.1862,0.001676
gpu-enqueue,PUT-target,8,5,3.51133us/op
PUT-target,64,1,1000,38.2636,0.0133808
gpu-enqueue,PUT-target,64,1,3.51251us/op
PUT-target,64,2,1000,38.3534,0.0133495
gpu-enqueue,PUT-target,64,2,3.51235us/op
PUT-target,64,3,1000,38.2146,0.013398
gpu-enqueue,PUT-target,64,3,3.51274us/op
PUT-target,64,4,1000,38.3316,0.0133571
gpu-enqueue,PUT-target,64,4,3.51136us/op
PUT-target,64,5,1000,38.0117,0.0134695
gpu-enqueue,PUT-target,64,5,3.46502us/op
PUT-target,128,1,1000,37.7062,0.0271574
gpu-enqueue,PUT-target,128,1,3.42467us/op
PUT-target,128,2,1000,37.671,0.0271827
gpu-enqueue,PUT-target,128,2,3.42003us/op
PUT-target,128,3,1000,37.6834,0.0271738
gpu-enqueue,PUT-target,128,3,3.41942us/op
PUT-target,128,4,1000,37.6925,0.0271672
gpu-enqueue,PUT-target,128,4,3.42291us/op
PUT-target,128,5,1000,37.7207,0.0271469
gpu-enqueue,PUT-target,128,5,3.42352us/op
PUT-target,8192,1,500,40.5612,1.61573
gpu-enqueue,PUT-target,8192,1,3.4256us/op
PUT-target,8192,2,500,40.4607,1.61974
gpu-enqueue,PUT-target,8192,2,3.42061us/op
PUT-target,8192,3,500,40.5452,1.61637
gpu-enqueue,PUT-target,8192,3,3.41517us/op
PUT-target,8192,4,500,40.4449,1.62038
gpu-enqueue,PUT-target,8192,4,3.416us/op
PUT-target,8192,5,500,40.4262,1.62113
gpu-enqueue,PUT-target,8192,5,3.41875us/op
PUT-target,65536,1,200,50.9597,10.2883
gpu-enqueue,PUT-target,65536,1,3.42336us/op
PUT-target,65536,2,200,50.7016,10.3407
gpu-enqueue,PUT-target,65536,2,3.41376us/op
PUT-target,65536,3,200,50.8645,10.3075
gpu-enqueue,PUT-target,65536,3,3.41296us/op
PUT-target,65536,4,200,50.9928,10.2816
gpu-enqueue,PUT-target,65536,4,3.4104us/op
PUT-target,65536,5,200,50.9434,10.2916
gpu-enqueue,PUT-target,65536,5,3.40928us/op
PUT-pipelined,8192,1,32768,1.11469,58.7931
gpu-enqueue,PUT-pipelined,8192,1,2.88011us/op
PUT-pipelined,8192,2,32768,1.12445,58.2826
gpu-enqueue,PUT-pipelined,8192,2,2.88214us/op
PUT-pipelined,8192,3,32768,1.1197,58.5301
gpu-enqueue,PUT-pipelined,8192,3,2.87945us/op
PUT-pipelined,8192,4,32768,1.12548,58.2294
gpu-enqueue,PUT-pipelined,8192,4,2.88423us/op
PUT-pipelined,8192,5,32768,1.11812,58.6126
gpu-enqueue,PUT-pipelined,8192,5,2.87781us/op
PUT-pipelined,65536,1,8192,1.83089,286.357
gpu-enqueue,PUT-pipelined,65536,1,2.86333us/op
PUT-pipelined,65536,2,8192,1.82184,287.779
gpu-enqueue,PUT-pipelined,65536,2,2.85779us/op
PUT-pipelined,65536,3,8192,1.82189,287.771
gpu-enqueue,PUT-pipelined,65536,3,2.85457us/op
PUT-pipelined,65536,4,8192,1.82985,286.519
gpu-enqueue,PUT-pipelined,65536,4,2.85858us/op
PUT-pipelined,65536,5,8192,1.82487,287.301
gpu-enqueue,PUT-pipelined,65536,5,2.859us/op
PUT-pipelined,1048576,1,1024,21.5252,389.711
gpu-enqueue,PUT-pipelined,1048576,1,3.37956us/op
PUT-pipelined,1048576,2,1024,21.526,389.696
gpu-enqueue,PUT-pipelined,1048576,2,3.38691us/op
PUT-pipelined,1048576,3,1024,21.5252,389.711
gpu-enqueue,PUT-pipelined,1048576,3,3.37778us/op
PUT-pipelined,1048576,4,1024,21.5282,389.656
gpu-enqueue,PUT-pipelined,1048576,4,3.38031us/op
PUT-pipelined,1048576,5,1024,21.5258,389.699
gpu-enqueue,PUT-pipelined,1048576,5,3.39997us/op
