host=pool0-0321 cuda_visible=0 commit=8e9e25ee dirty=0
backend_param,efa_proxy_rx_thread=rail
backend_param,device_proxy=true
backend_param,efa_proxy_rx_flush=0
backend_param,proxy_channel_count=4
backend_param,proxy_thread_count=4
backend_param,efa_proxy_ordering=receiver
backend_param,proxy_max_peers=1
backend,LIBFABRIC
pipeline_window,32
pipeline_channels,4
proxy_workers,4
engine_progress_thread,1
ordering_rounds,0
minimum_size,1
put_only,1
counter_memory,gpu
device_proxy,1
host_xfer,0
test,size_B,trial,iterations,mean_us,payload_Gbit_s
HOST-concurrent,1048576,1,13568,44.3437,189.172
PUT-pipelined,16384,1,262144,2.29473,57.1186
gpu-enqueue,PUT-pipelined,16384,1,3.12604us/op
HOST-concurrent,1048576,2,14216,42.6227,196.811
PUT-pipelined,16384,2,262144,2.31028,56.7342
gpu-enqueue,PUT-pipelined,16384,2,3.12605us/op
HOST-concurrent,1048576,3,14592,42.2343,198.621
PUT-pipelined,16384,3,262144,2.35063,55.7603
gpu-enqueue,PUT-pipelined,16384,3,3.11733us/op
HOST-concurrent,1048576,4,14400,42.4734,197.502
PUT-pipelined,16384,4,262144,2.33203,56.2052
gpu-enqueue,PUT-pipelined,16384,4,3.11918us/op
HOST-concurrent,1048576,5,14816,42.0292,199.59
PUT-pipelined,16384,5,262144,2.37527,55.1819
gpu-enqueue,PUT-pipelined,16384,5,3.10988us/op
