host=pool0-0321 cuda_visible=0 commit=8e9e25ee dirty=0
backend_param,efa_proxy_rx_thread=rail
backend_param,device_proxy=true
backend_param,efa_proxy_rx_flush=0
backend_param,proxy_channel_count=4
backend_param,proxy_thread_count=4
backend_param,efa_proxy_ordering=receiver
backend_param,proxy_max_peers=1
backend,LIBFABRIC
pipeline_window,32
pipeline_channels,4
proxy_workers,4
engine_progress_thread,1
ordering_rounds,0
minimum_size,1
put_only,1
counter_memory,gpu
device_proxy,1
host_xfer,0
test,size_B,trial,iterations,mean_us,payload_Gbit_s
PUT-target,8,1,1000,37.22,0.0017195
gpu-enqueue,PUT-target,8,1,3.4111us/op
PUT-target,8,2,1000,37.1175,0.00172425
gpu-enqueue,PUT-target,8,2,3.4135us/op
PUT-target,8,3,1000,37.2304,0.00171903
gpu-enqueue,PUT-target,8,3,3.41226us/op
PUT-target,8,4,1000,37.3061,0.00171554
gpu-enqueue,PUT-target,8,4,3.4151us/op
PUT-target,8,5,1000,37.2155,0.00171971
gpu-enqueue,PUT-target,8,5,3.41328us/op
PUT-target,64,1,1000,37.1252,0.0137912
gpu-enqueue,PUT-target,64,1,3.41389us/op
PUT-target,64,2,1000,37.5545,0.0136335
gpu-enqueue,PUT-target,64,2,3.45862us/op
PUT-target,64,3,1000,37.8632,0.0135224
gpu-enqueue,PUT-target,64,3,3.50736us/op
PUT-target,64,4,1000,37.8625,0.0135226
gpu-enqueue,PUT-target,64,4,3.49722us/op
PUT-target,64,5,1000,37.7243,0.0135721
gpu-enqueue,PUT-target,64,5,3.49814us/op
PUT-target,128,1,1000,37.7722,0.0271099
gpu-enqueue,PUT-target,128,1,3.49734us/op
PUT-target,128,2,1000,37.8049,0.0270864
gpu-enqueue,PUT-target,128,2,3.49626us/op
PUT-target,128,3,1000,37.7733,0.0271091
gpu-enqueue,PUT-target,128,3,3.49773us/op
PUT-target,128,4,1000,37.9221,0.0270027
gpu-enqueue,PUT-target,128,4,3.49606us/op
PUT-target,128,5,1000,37.804,0.0270871
gpu-enqueue,PUT-target,128,5,3.49664us/op
PUT-target,8192,1,500,40.7114,1.60977
gpu-enqueue,PUT-target,8192,1,3.50413us/op
PUT-target,8192,2,500,40.729,1.60908
gpu-enqueue,PUT-target,8192,2,3.50253us/op
PUT-target,8192,3,500,40.9046,1.60217
gpu-enqueue,PUT-target,8192,3,3.50323us/op
PUT-target,8192,4,500,40.8634,1.60378
gpu-enqueue,PUT-target,8192,4,3.50746us/op
PUT-target,8192,5,500,40.7078,1.60991
gpu-enqueue,PUT-target,8192,5,3.50739us/op
PUT-target,65536,1,200,51.1179,10.2564
gpu-enqueue,PUT-target,65536,1,3.49888us/op
PUT-target,65536,2,200,51.0416,10.2718
gpu-enqueue,PUT-target,65536,2,3.50128us/op
PUT-target,65536,3,200,50.9947,10.2812
gpu-enqueue,PUT-target,65536,3,3.49872us/op
PUT-target,65536,4,200,51.1968,10.2406
gpu-enqueue,PUT-target,65536,4,3.49872us/op
PUT-target,65536,5,200,51.089,10.2623
gpu-enqueue,PUT-target,65536,5,3.50448us/op
PUT-pipelined,8192,1,32768,1.11275,58.8955
gpu-enqueue,PUT-pipelined,8192,1,2.87221us/op
PUT-pipelined,8192,2,32768,1.13661,57.6593
gpu-enqueue,PUT-pipelined,8192,2,2.88583us/op
PUT-pipelined,8192,3,32768,1.11327,58.8678
gpu-enqueue,PUT-pipelined,8192,3,2.86817us/op
PUT-pipelined,8192,4,32768,1.1132,58.872
gpu-enqueue,PUT-pipelined,8192,4,2.87083us/op
PUT-pipelined,8192,5,32768,1.11574,58.7377
gpu-enqueue,PUT-pipelined,8192,5,2.87052us/op
PUT-pipelined,65536,1,8192,1.8208,287.944
gpu-enqueue,PUT-pipelined,65536,1,2.83908us/op
PUT-pipelined,65536,2,8192,1.82764,286.866
gpu-enqueue,PUT-pipelined,65536,2,2.85346us/op
PUT-pipelined,65536,3,8192,1.82159,287.818
gpu-enqueue,PUT-pipelined,65536,3,2.8515us/op
PUT-pipelined,65536,4,8192,1.82612,287.104
gpu-enqueue,PUT-pipelined,65536,4,2.85514us/op
PUT-pipelined,65536,5,8192,1.82531,287.232
gpu-enqueue,PUT-pipelined,65536,5,2.8507us/op
PUT-pipelined,1048576,1,1024,21.5257,389.701
gpu-enqueue,PUT-pipelined,1048576,1,3.37625us/op
PUT-pipelined,1048576,2,1024,21.5274,389.672
gpu-enqueue,PUT-pipelined,1048576,2,3.3505us/op
PUT-pipelined,1048576,3,1024,21.5337,389.557
gpu-enqueue,PUT-pipelined,1048576,3,3.39159us/op
PUT-pipelined,1048576,4,1024,21.5252,389.711
gpu-enqueue,PUT-pipelined,1048576,4,3.36244us/op
PUT-pipelined,1048576,5,1024,21.5213,389.781
gpu-enqueue,PUT-pipelined,1048576,5,3.37688us/op
