host=pool0-0321 cuda_visible=0 commit=8e9e25ee dirty=0
backend_param,efa_proxy_rx_thread=rail
backend_param,device_proxy=true
backend_param,efa_proxy_rx_flush=0
backend_param,proxy_channel_count=4
backend_param,proxy_thread_count=4
backend_param,efa_proxy_ordering=receiver
backend_param,proxy_max_peers=1
backend,LIBFABRIC
pipeline_window,32
pipeline_channels,4
proxy_workers,4
engine_progress_thread,1
ordering_rounds,0
minimum_size,1
put_only,1
counter_memory,gpu
device_proxy,1
host_xfer,0
test,size_B,trial,iterations,mean_us,payload_Gbit_s
PUT-target,8,1,1000,37.6698,0.00169897
gpu-enqueue,PUT-target,8,1,3.50771us/op
PUT-target,8,2,1000,37.626,0.00170095
gpu-enqueue,PUT-target,8,2,3.50822us/op
PUT-target,8,3,1000,37.7188,0.00169677
gpu-enqueue,PUT-target,8,3,3.50685us/op
PUT-target,8,4,1000,37.5389,0.0017049
gpu-enqueue,PUT-target,8,4,3.50832us/op
PUT-target,8,5,1000,37.6165,0.00170138
gpu-enqueue,PUT-target,8,5,3.50358us/op
PUT-target,64,1,1000,37.7549,0.0135612
gpu-enqueue,PUT-target,64,1,3.50688us/op
PUT-target,64,2,1000,37.5962,0.0136184
gpu-enqueue,PUT-target,64,2,3.50755us/op
PUT-target,64,3,1000,37.7115,0.0135768
gpu-enqueue,PUT-target,64,3,3.52291us/op
PUT-target,64,4,1000,37.744,0.0135651
gpu-enqueue,PUT-target,64,4,3.51002us/op
PUT-target,64,5,1000,37.7527,0.0135619
gpu-enqueue,PUT-target,64,5,3.51094us/op
PUT-target,128,1,1000,37.8534,0.0270517
gpu-enqueue,PUT-target,128,1,3.50669us/op
PUT-target,128,2,1000,37.7691,0.0271121
gpu-enqueue,PUT-target,128,2,3.51104us/op
PUT-target,128,3,1000,37.8645,0.0270438
gpu-enqueue,PUT-target,128,3,3.50755us/op
PUT-target,128,4,1000,37.8972,0.0270205
gpu-enqueue,PUT-target,128,4,3.50797us/op
PUT-target,128,5,1000,37.9249,0.0270007
gpu-enqueue,PUT-target,128,5,3.50672us/op
PUT-target,8192,1,500,40.9671,1.59972
gpu-enqueue,PUT-target,8192,1,3.51258us/op
PUT-target,8192,2,500,41.0764,1.59547
gpu-enqueue,PUT-target,8192,2,3.50758us/op
PUT-target,8192,3,500,40.7066,1.60996
gpu-enqueue,PUT-target,8192,3,3.50592us/op
PUT-target,8192,4,500,40.8808,1.6031
gpu-enqueue,PUT-target,8192,4,3.50842us/op
PUT-target,8192,5,500,40.9834,1.59909
gpu-enqueue,PUT-target,8192,5,3.50694us/op
PUT-target,65536,1,200,51.1179,10.2564
gpu-enqueue,PUT-target,65536,1,3.50208us/op
PUT-target,65536,2,200,51.2302,10.234
gpu-enqueue,PUT-target,65536,2,3.5856us/op
PUT-target,65536,3,200,51.1802,10.244
gpu-enqueue,PUT-target,65536,3,3.504us/op
PUT-target,65536,4,200,51.2778,10.2245
gpu-enqueue,PUT-target,65536,4,3.5088us/op
PUT-target,65536,5,200,51.1454,10.2509
gpu-enqueue,PUT-target,65536,5,3.50032us/op
PUT-pipelined,8192,1,32768,1.11787,58.6255
gpu-enqueue,PUT-pipelined,8192,1,2.89417us/op
PUT-pipelined,8192,2,32768,1.12043,58.4917
gpu-enqueue,PUT-pipelined,8192,2,2.88664us/op
PUT-pipelined,8192,3,32768,1.12046,58.4902
gpu-enqueue,PUT-pipelined,8192,3,2.88427us/op
PUT-pipelined,8192,4,32768,1.11971,58.5292
gpu-enqueue,PUT-pipelined,8192,4,2.88513us/op
PUT-pipelined,8192,5,32768,1.11775,58.6321
gpu-enqueue,PUT-pipelined,8192,5,2.88462us/op
PUT-pipelined,65536,1,8192,1.81966,288.125
gpu-enqueue,PUT-pipelined,65536,1,2.85862us/op
PUT-pipelined,65536,2,8192,1.82277,287.633
gpu-enqueue,PUT-pipelined,65536,2,2.86972us/op
PUT-pipelined,65536,3,8192,1.82361,287.5
gpu-enqueue,PUT-pipelined,65536,3,2.85691us/op
PUT-pipelined,65536,4,8192,1.82092,287.924
gpu-enqueue,PUT-pipelined,65536,4,2.85763us/op
PUT-pipelined,65536,5,8192,1.82225,287.715
gpu-enqueue,PUT-pipelined,65536,5,2.87615us/op
PUT-pipelined,1048576,1,1024,21.5182,389.838
gpu-enqueue,PUT-pipelined,1048576,1,3.39588us/op
PUT-pipelined,1048576,2,1024,21.5254,389.707
gpu-enqueue,PUT-pipelined,1048576,2,3.38891us/op
PUT-pipelined,1048576,3,1024,21.528,389.66
gpu-enqueue,PUT-pipelined,1048576,3,3.39769us/op
PUT-pipelined,1048576,4,1024,21.5293,389.637
gpu-enqueue,PUT-pipelined,1048576,4,3.39884us/op
PUT-pipelined,1048576,5,1024,21.5312,389.603
gpu-enqueue,PUT-pipelined,1048576,5,3.39406us/op
