host=pool0-0321 cuda_visible=0 commit=8e9e25ee dirty=0
backend_param,efa_proxy_rx_thread=rail
backend_param,device_proxy=true
backend_param,efa_proxy_rx_flush=0
backend_param,proxy_channel_count=1
backend_param,proxy_thread_count=1
backend_param,efa_proxy_ordering=receiver
backend_param,proxy_max_peers=1
backend,LIBFABRIC
pipeline_window,32
pipeline_channels,1
proxy_workers,1
engine_progress_thread,1
ordering_rounds,0
minimum_size,1
put_only,0
counter_memory,gpu
device_proxy,1
host_xfer,0
test,size_B,trial,iterations,mean_us,payload_Gbit_s
PUT-ordered-signal-pingpong,8,1,1000,58.504,0.00109394
gpu-enqueue,PUT-ordered-signal-pingpong,8,1,3.23461us/op
PUT-ordered-signal-pingpong,8,2,1000,58.2656,0.00109842
gpu-enqueue,PUT-ordered-signal-pingpong,8,2,3.23074us/op
PUT-ordered-signal-pingpong,8,3,1000,58.2436,0.00109883
gpu-enqueue,PUT-ordered-signal-pingpong,8,3,3.23136us/op
PUT-ordered-signal-pingpong,8,4,1000,58.2264,0.00109916
gpu-enqueue,PUT-ordered-signal-pingpong,8,4,3.2276us/op
PUT-ordered-signal-pingpong,8,5,1000,58.2044,0.00109957
gpu-enqueue,PUT-ordered-signal-pingpong,8,5,3.23133us/op
PUT-target,8,1,1000,39.003,0.0016409
gpu-enqueue,PUT-target,8,1,3.52192us/op
PUT-ordered-signal,8,1,1000,49.0388,0.00130509
gpu-enqueue,PUT-ordered-signal,8,1,3.3475us/op
PUT-target,8,2,1000,38.3386,0.00166934
gpu-enqueue,PUT-target,8,2,3.52563us/op
PUT-ordered-signal,8,2,1000,48.602,0.00131682
gpu-enqueue,PUT-ordered-signal,8,2,3.34845us/op
PUT-target,8,3,1000,38.399,0.00166671
gpu-enqueue,PUT-target,8,3,3.52253us/op
PUT-ordered-signal,8,3,1000,48.5267,0.00131886
gpu-enqueue,PUT-ordered-signal,8,3,3.31614us/op
PUT-target,8,4,1000,37.7103,0.00169715
gpu-enqueue,PUT-target,8,4,3.44074us/op
PUT-ordered-signal,8,4,1000,47.7817,0.00133943
gpu-enqueue,PUT-ordered-signal,8,4,3.25227us/op
PUT-target,8,5,1000,37.7875,0.00169368
gpu-enqueue,PUT-target,8,5,3.44541us/op
PUT-ordered-signal,8,5,1000,47.8413,0.00133776
gpu-enqueue,PUT-ordered-signal,8,5,3.25243us/op
PUT-target,64,1,1000,37.8559,0.013525
gpu-enqueue,PUT-target,64,1,3.4479us/op
PUT-ordered-signal,64,1,1000,47.9302,0.0106822
gpu-enqueue,PUT-ordered-signal,64,1,3.25285us/op
PUT-target,64,2,1000,37.9747,0.0134827
gpu-enqueue,PUT-target,64,2,3.44896us/op
PUT-ordered-signal,64,2,1000,47.9127,0.0106861
gpu-enqueue,PUT-ordered-signal,64,2,3.25318us/op
PUT-target,64,3,1000,37.7731,0.0135546
gpu-enqueue,PUT-target,64,3,3.44371us/op
PUT-ordered-signal,64,3,1000,47.8507,0.0107
gpu-enqueue,PUT-ordered-signal,64,3,3.25283us/op
PUT-target,64,4,1000,37.7862,0.0135499
gpu-enqueue,PUT-target,64,4,3.44582us/op
PUT-ordered-signal,64,4,1000,47.944,0.0106791
gpu-enqueue,PUT-ordered-signal,64,4,3.25643us/op
PUT-target,64,5,1000,37.8719,0.0135192
gpu-enqueue,PUT-target,64,5,3.44547us/op
PUT-ordered-signal,64,5,1000,47.9232,0.0106838
gpu-enqueue,PUT-ordered-signal,64,5,3.25331us/op
PUT-target,128,1,1000,37.933,0.026995
gpu-enqueue,PUT-target,128,1,3.44541us/op
PUT-ordered-signal,128,1,1000,47.7705,0.0214358
gpu-enqueue,PUT-ordered-signal,128,1,3.25366us/op
PUT-target,128,2,1000,37.8046,0.0270866
gpu-enqueue,PUT-target,128,2,3.4449us/op
PUT-ordered-signal,128,2,1000,47.8761,0.0213886
gpu-enqueue,PUT-ordered-signal,128,2,3.25448us/op
PUT-target,128,3,1000,37.954,0.02698
gpu-enqueue,PUT-target,128,3,3.44285us/op
PUT-ordered-signal,128,3,1000,48.0298,0.0213201
gpu-enqueue,PUT-ordered-signal,128,3,3.25371us/op
PUT-target,128,4,1000,37.9604,0.0269755
gpu-enqueue,PUT-target,128,4,3.44502us/op
PUT-ordered-signal,128,4,1000,47.8524,0.0213991
gpu-enqueue,PUT-ordered-signal,128,4,3.25162us/op
PUT-target,128,5,1000,37.8977,0.0270201
gpu-enqueue,PUT-target,128,5,3.44662us/op
PUT-ordered-signal,128,5,1000,48.1596,0.0212626
gpu-enqueue,PUT-ordered-signal,128,5,3.30043us/op
PUT-target,8192,1,500,40.9646,1.59982
gpu-enqueue,PUT-target,8192,1,3.44205us/op
PUT-ordered-signal,8192,1,500,48.5009,1.35123
gpu-enqueue,PUT-ordered-signal,8192,1,3.2575us/op
PUT-target,8192,2,500,41.0019,1.59836
gpu-enqueue,PUT-target,8192,2,3.44678us/op
PUT-ordered-signal,8192,2,500,48.3939,1.35422
gpu-enqueue,PUT-ordered-signal,8192,2,3.25501us/op
PUT-target,8192,3,500,40.8447,1.60452
gpu-enqueue,PUT-target,8192,3,3.44294us/op
PUT-ordered-signal,8192,3,500,48.4828,1.35174
gpu-enqueue,PUT-ordered-signal,8192,3,3.25427us/op
PUT-target,8192,4,500,40.8771,1.60324
gpu-enqueue,PUT-target,8192,4,3.4464us/op
PUT-ordered-signal,8192,4,500,48.412,1.35371
gpu-enqueue,PUT-ordered-signal,8192,4,3.2545us/op
PUT-target,8192,5,500,41.1813,1.5914
gpu-enqueue,PUT-target,8192,5,3.44333us/op
PUT-ordered-signal,8192,5,500,48.3069,1.35666
gpu-enqueue,PUT-ordered-signal,8192,5,3.25482us/op
PUT-target,65536,1,200,51.2658,10.2269
gpu-enqueue,PUT-target,65536,1,3.44992us/op
PUT-ordered-signal,65536,1,200,60.1904,8.71049
gpu-enqueue,PUT-ordered-signal,65536,1,3.25872us/op
PUT-target,65536,2,200,51.4029,10.1996
gpu-enqueue,PUT-target,65536,2,3.44464us/op
PUT-ordered-signal,65536,2,200,59.7834,8.7698
gpu-enqueue,PUT-ordered-signal,65536,2,3.25536us/op
PUT-target,65536,3,200,51.0992,10.2602
gpu-enqueue,PUT-target,65536,3,3.44656us/op
PUT-ordered-signal,65536,3,200,59.7786,8.7705
gpu-enqueue,PUT-ordered-signal,65536,3,3.25056us/op
PUT-target,65536,4,200,51.1664,10.2467
gpu-enqueue,PUT-target,65536,4,3.45072us/op
PUT-ordered-signal,65536,4,200,59.7898,8.76886
gpu-enqueue,PUT-ordered-signal,65536,4,3.25648us/op
PUT-target,65536,5,200,51.1227,10.2555
gpu-enqueue,PUT-target,65536,5,3.44688us/op
PUT-ordered-signal,65536,5,200,59.879,8.75578
gpu-enqueue,PUT-ordered-signal,65536,5,3.25392us/op
PUT-pipelined,8192,1,8192,4.12489,15.8879
gpu-enqueue,PUT-pipelined,8192,1,2.78837us/op
PUT-batch-signal,8192,1,8192,4.27548,15.3283
gpu-enqueue,PUT-batch-signal,8192,1,2.82028us/op
PUT-pipelined,8192,2,8192,4.126,15.8837
gpu-enqueue,PUT-pipelined,8192,2,2.79174us/op
PUT-batch-signal,8192,2,8192,4.27539,15.3287
gpu-enqueue,PUT-batch-signal,8192,2,2.82176us/op
PUT-pipelined,8192,3,8192,4.12389,15.8918
gpu-enqueue,PUT-pipelined,8192,3,2.78943us/op
PUT-batch-signal,8192,3,8192,4.27328,15.3362
gpu-enqueue,PUT-batch-signal,8192,3,2.82186us/op
PUT-pipelined,8192,4,8192,4.11505,15.9259
gpu-enqueue,PUT-pipelined,8192,4,2.78907us/op
PUT-batch-signal,8192,4,8192,4.27617,15.3259
gpu-enqueue,PUT-batch-signal,8192,4,2.82189us/op
PUT-pipelined,8192,5,8192,4.12024,15.9059
gpu-enqueue,PUT-pipelined,8192,5,2.79018us/op
PUT-batch-signal,8192,5,8192,4.27231,15.3397
gpu-enqueue,PUT-batch-signal,8192,5,2.82146us/op
PUT-pipelined,65536,1,2048,4.4692,117.311
gpu-enqueue,PUT-pipelined,65536,1,2.77075us/op
PUT-batch-signal,65536,1,2048,4.65164,112.71
gpu-enqueue,PUT-batch-signal,65536,1,2.80691us/op
PUT-pipelined,65536,2,2048,4.44708,117.895
gpu-enqueue,PUT-pipelined,65536,2,2.77363us/op
PUT-batch-signal,65536,2,2048,4.61298,113.655
gpu-enqueue,PUT-batch-signal,65536,2,2.80827us/op
PUT-pipelined,65536,3,2048,4.46811,117.34
gpu-enqueue,PUT-pipelined,65536,3,2.77467us/op
PUT-batch-signal,65536,3,2048,4.63391,113.142
gpu-enqueue,PUT-batch-signal,65536,3,2.80695us/op
PUT-pipelined,65536,4,2048,4.45536,117.676
gpu-enqueue,PUT-pipelined,65536,4,2.77231us/op
PUT-batch-signal,65536,4,2048,4.64316,112.916
gpu-enqueue,PUT-batch-signal,65536,4,2.80723us/op
PUT-pipelined,65536,5,2048,4.45181,117.77
gpu-enqueue,PUT-pipelined,65536,5,2.7725us/op
PUT-batch-signal,65536,5,2048,4.64952,112.762
gpu-enqueue,PUT-batch-signal,65536,5,2.80817us/op
PUT-pipelined,1048576,1,256,23.7261,353.56
gpu-enqueue,PUT-pipelined,1048576,1,2.75663us/op
PUT-batch-signal,1048576,1,256,23.7656,352.972
gpu-enqueue,PUT-batch-signal,1048576,1,2.8us/op
PUT-pipelined,1048576,2,256,23.5936,355.546
gpu-enqueue,PUT-pipelined,1048576,2,2.753us/op
PUT-batch-signal,1048576,2,256,23.788,352.64
gpu-enqueue,PUT-batch-signal,1048576,2,2.79576us/op
PUT-pipelined,1048576,3,256,23.6269,355.045
gpu-enqueue,PUT-pipelined,1048576,3,2.75212us/op
PUT-batch-signal,1048576,3,256,23.8275,352.056
gpu-enqueue,PUT-batch-signal,1048576,3,2.796us/op
PUT-pipelined,1048576,4,256,23.5897,355.604
gpu-enqueue,PUT-pipelined,1048576,4,2.75312us/op
PUT-batch-signal,1048576,4,256,23.8009,352.45
gpu-enqueue,PUT-batch-signal,1048576,4,2.796us/op
PUT-pipelined,1048576,5,256,23.5865,355.653
gpu-enqueue,PUT-pipelined,1048576,5,2.75137us/op
PUT-batch-signal,1048576,5,256,23.7974,352.501
gpu-enqueue,PUT-batch-signal,1048576,5,2.80594us/op
