host=pool0-0321 cuda_visible=0 commit=8e9e25ee dirty=0
backend_param,efa_proxy_rx_thread=rail
backend_param,device_proxy=true
backend_param,efa_proxy_rx_flush=0
backend_param,proxy_channel_count=4
backend_param,proxy_thread_count=4
backend_param,efa_proxy_ordering=receiver
backend_param,proxy_max_peers=1
backend,LIBFABRIC
pipeline_window,32
pipeline_channels,4
proxy_workers,4
engine_progress_thread,1
ordering_rounds,0
minimum_size,1
put_only,1
counter_memory,gpu
device_proxy,1
host_xfer,0
test,size_B,trial,iterations,mean_us,payload_Gbit_s
HOST-concurrent,1048576,1,12968,45.3512,184.97
PUT-pipelined,16384,1,262144,2.24326,58.4292
gpu-enqueue,PUT-pipelined,16384,1,3.14549us/op
HOST-concurrent,1048576,2,13936,42.6812,196.541
PUT-pipelined,16384,2,262144,2.2678,57.7971
gpu-enqueue,PUT-pipelined,16384,2,3.12767us/op
HOST-concurrent,1048576,3,13920,42.638,196.74
PUT-pipelined,16384,3,262144,2.26383,57.8984
gpu-enqueue,PUT-pipelined,16384,3,3.11997us/op
HOST-concurrent,1048576,4,14080,42.3636,198.015
PUT-pipelined,16384,4,262144,2.27423,57.6335
gpu-enqueue,PUT-pipelined,16384,4,3.11407us/op
HOST-concurrent,1048576,5,13800,42.6747,196.571
PUT-pipelined,16384,5,262144,2.24566,58.3668
gpu-enqueue,PUT-pipelined,16384,5,3.12019us/op
