host=pool0-0321 cuda_visible=0 commit=8e9e25ee dirty=0
backend_param,efa_proxy_rx_thread=rail
backend_param,device_proxy=true
backend_param,proxy_channel_count=4
backend_param,proxy_thread_count=4
backend_param,efa_proxy_ordering=receiver
backend_param,proxy_max_peers=1
backend,LIBFABRIC
pipeline_window,32
pipeline_channels,4
proxy_workers,4
engine_progress_thread,1
ordering_rounds,0
minimum_size,1
put_only,1
counter_memory,gpu
device_proxy,1
host_xfer,0
test,size_B,trial,iterations,mean_us,payload_Gbit_s
PUT-target,8,1,1000,37.8497,0.0016909
gpu-enqueue,PUT-target,8,1,3.51549us/op
PUT-target,8,2,1000,37.6604,0.0016994
gpu-enqueue,PUT-target,8,2,3.47882us/op
PUT-target,8,3,1000,37.2468,0.00171827
gpu-enqueue,PUT-target,8,3,3.40506us/op
PUT-target,8,4,1000,37.2627,0.00171754
gpu-enqueue,PUT-target,8,4,3.41475us/op
PUT-target,8,5,1000,37.2313,0.00171898
gpu-enqueue,PUT-target,8,5,3.40915us/op
PUT-target,64,1,1000,37.3232,0.013718
gpu-enqueue,PUT-target,64,1,3.40915us/op
PUT-target,64,2,1000,37.2259,0.0137539
gpu-enqueue,PUT-target,64,2,3.40768us/op
PUT-target,64,3,1000,37.3059,0.0137244
gpu-enqueue,PUT-target,64,3,3.40458us/op
PUT-target,64,4,1000,37.2194,0.0137563
gpu-enqueue,PUT-target,64,4,3.42589us/op
PUT-target,64,5,1000,37.2643,0.0137397
gpu-enqueue,PUT-target,64,5,3.40758us/op
PUT-target,128,1,1000,37.3383,0.0274249
gpu-enqueue,PUT-target,128,1,3.40624us/op
PUT-target,128,2,1000,37.3333,0.0274286
gpu-enqueue,PUT-target,128,2,3.40291us/op
PUT-target,128,3,1000,37.3377,0.0274253
gpu-enqueue,PUT-target,128,3,3.40579us/op
PUT-target,128,4,1000,37.2666,0.0274777
gpu-enqueue,PUT-target,128,4,3.40589us/op
PUT-target,128,5,1000,37.3012,0.0274522
gpu-enqueue,PUT-target,128,5,3.40858us/op
PUT-target,8192,1,500,40.1564,1.63202
gpu-enqueue,PUT-target,8192,1,3.41594us/op
PUT-target,8192,2,500,40.2147,1.62965
gpu-enqueue,PUT-target,8192,2,3.40339us/op
PUT-target,8192,3,500,40.0922,1.63463
gpu-enqueue,PUT-target,8192,3,3.41005us/op
PUT-target,8192,4,500,40.309,1.62584
gpu-enqueue,PUT-target,8192,4,3.40422us/op
PUT-target,8192,5,500,40.2528,1.62811
gpu-enqueue,PUT-target,8192,5,3.40806us/op
PUT-target,65536,1,200,50.643,10.3526
gpu-enqueue,PUT-target,65536,1,3.40624us/op
PUT-target,65536,2,200,50.3491,10.4131
gpu-enqueue,PUT-target,65536,2,3.40912us/op
PUT-target,65536,3,200,50.4762,10.3868
gpu-enqueue,PUT-target,65536,3,3.4us/op
PUT-target,65536,4,200,50.2189,10.4401
gpu-enqueue,PUT-target,65536,4,3.40464us/op
PUT-target,65536,5,200,50.3522,10.4124
gpu-enqueue,PUT-target,65536,5,3.40432us/op
PUT-pipelined,8192,1,32768,1.12271,58.3731
gpu-enqueue,PUT-pipelined,8192,1,2.87468us/op
PUT-pipelined,8192,2,32768,1.12695,58.1532
gpu-enqueue,PUT-pipelined,8192,2,2.87495us/op
PUT-pipelined,8192,3,32768,1.12449,58.2808
gpu-enqueue,PUT-pipelined,8192,3,2.87484us/op
PUT-pipelined,8192,4,32768,1.11849,58.5932
gpu-enqueue,PUT-pipelined,8192,4,2.87267us/op
PUT-pipelined,8192,5,32768,1.12769,58.1155
gpu-enqueue,PUT-pipelined,8192,5,2.87647us/op
PUT-pipelined,65536,1,8192,1.82465,287.336
gpu-enqueue,PUT-pipelined,65536,1,2.84548us/op
PUT-pipelined,65536,2,8192,1.84799,283.707
gpu-enqueue,PUT-pipelined,65536,2,2.88477us/op
PUT-pipelined,65536,3,8192,1.82637,287.066
gpu-enqueue,PUT-pipelined,65536,3,2.84233us/op
PUT-pipelined,65536,4,8192,1.82422,287.404
gpu-enqueue,PUT-pipelined,65536,4,2.84314us/op
PUT-pipelined,65536,5,8192,1.82517,287.255
gpu-enqueue,PUT-pipelined,65536,5,2.84954us/op
PUT-pipelined,1048576,1,1024,21.5391,389.46
gpu-enqueue,PUT-pipelined,1048576,1,3.37331us/op
PUT-pipelined,1048576,2,1024,21.5234,389.744
gpu-enqueue,PUT-pipelined,1048576,2,3.37178us/op
PUT-pipelined,1048576,3,1024,21.5233,389.745
gpu-enqueue,PUT-pipelined,1048576,3,3.38488us/op
PUT-pipelined,1048576,4,1024,21.5227,389.755
gpu-enqueue,PUT-pipelined,1048576,4,3.37887us/op
PUT-pipelined,1048576,5,1024,21.5214,389.78
gpu-enqueue,PUT-pipelined,1048576,5,3.38212us/op
