host=pool0-0321 cuda_visible=0 commit=8e9e25ee dirty=0
backend_param,efa_proxy_rx_thread=rail
backend_param,device_proxy=true
backend_param,proxy_channel_count=4
backend_param,proxy_thread_count=4
backend_param,efa_proxy_ordering=receiver
backend_param,proxy_max_peers=1
backend,LIBFABRIC
pipeline_window,32
pipeline_channels,4
proxy_workers,4
engine_progress_thread,1
ordering_rounds,0
minimum_size,1
put_only,1
counter_memory,gpu
device_proxy,1
host_xfer,0
test,size_B,trial,iterations,mean_us,payload_Gbit_s
PUT-target,8,1,1000,38.13,0.00167847
gpu-enqueue,PUT-target,8,1,3.49722us/op
PUT-target,8,2,1000,38.2134,0.0016748
gpu-enqueue,PUT-target,8,2,3.50195us/op
PUT-target,8,3,1000,38.0524,0.00168189
gpu-enqueue,PUT-target,8,3,3.4968us/op
PUT-target,8,4,1000,37.5533,0.00170424
gpu-enqueue,PUT-target,8,4,3.40602us/op
PUT-target,8,5,1000,37.4978,0.00170677
gpu-enqueue,PUT-target,8,5,3.40896us/op
PUT-target,64,1,1000,37.5177,0.0136469
gpu-enqueue,PUT-target,64,1,3.40579us/op
PUT-target,64,2,1000,37.4445,0.0136736
gpu-enqueue,PUT-target,64,2,3.40634us/op
PUT-target,64,3,1000,37.3973,0.0136908
gpu-enqueue,PUT-target,64,3,3.40765us/op
PUT-target,64,4,1000,37.5023,0.0136525
gpu-enqueue,PUT-target,64,4,3.40774us/op
PUT-target,64,5,1000,37.5686,0.0136284
gpu-enqueue,PUT-target,64,5,3.40659us/op
PUT-target,128,1,1000,37.5688,0.0272566
gpu-enqueue,PUT-target,128,1,3.40611us/op
PUT-target,128,2,1000,37.5844,0.0272453
gpu-enqueue,PUT-target,128,2,3.4081us/op
PUT-target,128,3,1000,37.6337,0.0272096
gpu-enqueue,PUT-target,128,3,3.40669us/op
PUT-target,128,4,1000,37.5483,0.0272715
gpu-enqueue,PUT-target,128,4,3.40726us/op
PUT-target,128,5,1000,37.5161,0.027295
gpu-enqueue,PUT-target,128,5,3.4096us/op
PUT-target,8192,1,500,40.4442,1.6204
gpu-enqueue,PUT-target,8192,1,3.4144us/op
PUT-target,8192,2,500,40.4214,1.62132
gpu-enqueue,PUT-target,8192,2,3.40845us/op
PUT-target,8192,3,500,40.3565,1.62392
gpu-enqueue,PUT-target,8192,3,3.41267us/op
PUT-target,8192,4,500,40.3548,1.624
gpu-enqueue,PUT-target,8192,4,3.4041us/op
PUT-target,8192,5,500,40.5544,1.616
gpu-enqueue,PUT-target,8192,5,3.40736us/op
PUT-target,65536,1,200,50.5922,10.363
gpu-enqueue,PUT-target,65536,1,3.3936us/op
PUT-target,65536,2,200,50.9061,10.2991
gpu-enqueue,PUT-target,65536,2,3.39104us/op
PUT-target,65536,3,200,50.6467,10.3519
gpu-enqueue,PUT-target,65536,3,3.40976us/op
PUT-target,65536,4,200,50.6826,10.3445
gpu-enqueue,PUT-target,65536,4,3.40224us/op
PUT-target,65536,5,200,50.9957,10.281
gpu-enqueue,PUT-target,65536,5,3.40592us/op
PUT-pipelined,8192,1,32768,1.10783,59.1571
gpu-enqueue,PUT-pipelined,8192,1,2.86255us/op
PUT-pipelined,8192,2,32768,1.11461,58.7973
gpu-enqueue,PUT-pipelined,8192,2,2.86416us/op
PUT-pipelined,8192,3,32768,1.11998,58.5154
gpu-enqueue,PUT-pipelined,8192,3,2.86612us/op
PUT-pipelined,8192,4,32768,1.23716,52.9731
gpu-enqueue,PUT-pipelined,8192,4,2.89395us/op
PUT-pipelined,8192,5,32768,1.12173,58.4239
gpu-enqueue,PUT-pipelined,8192,5,2.86669us/op
PUT-pipelined,65536,1,8192,1.82371,287.484
gpu-enqueue,PUT-pipelined,65536,1,2.83491us/op
PUT-pipelined,65536,2,8192,1.82451,287.358
gpu-enqueue,PUT-pipelined,65536,2,2.82943us/op
PUT-pipelined,65536,3,8192,1.81879,288.263
gpu-enqueue,PUT-pipelined,65536,3,2.83802us/op
PUT-pipelined,65536,4,8192,1.81867,288.281
gpu-enqueue,PUT-pipelined,65536,4,2.83696us/op
PUT-pipelined,65536,5,8192,1.82161,287.816
gpu-enqueue,PUT-pipelined,65536,5,2.84074us/op
PUT-pipelined,1048576,1,1024,21.5236,389.74
gpu-enqueue,PUT-pipelined,1048576,1,3.37841us/op
PUT-pipelined,1048576,2,1024,21.5273,389.673
gpu-enqueue,PUT-pipelined,1048576,2,3.36359us/op
PUT-pipelined,1048576,3,1024,21.5359,389.517
gpu-enqueue,PUT-pipelined,1048576,3,3.34369us/op
PUT-pipelined,1048576,4,1024,21.5237,389.738
gpu-enqueue,PUT-pipelined,1048576,4,3.36453us/op
PUT-pipelined,1048576,5,1024,21.5242,389.729
gpu-enqueue,PUT-pipelined,1048576,5,3.36137us/op
