host=pool0-0321 cuda_visible=0 commit=8e9e25ee dirty=0
backend_param,efa_proxy_rx_thread=rail
backend_param,device_proxy=true
backend_param,proxy_channel_count=4
backend_param,proxy_thread_count=4
backend_param,efa_proxy_ordering=receiver
backend_param,proxy_max_peers=1
backend,LIBFABRIC
pipeline_window,32
pipeline_channels,4
proxy_workers,4
engine_progress_thread,1
ordering_rounds,0
minimum_size,1
put_only,1
counter_memory,gpu
device_proxy,1
host_xfer,0
test,size_B,trial,iterations,mean_us,payload_Gbit_s
HOST-concurrent,1048576,1,13328,44.0405,190.475
PUT-pipelined,16384,1,262144,2.2389,58.5431
gpu-enqueue,PUT-pipelined,16384,1,3.11119us/op
HOST-concurrent,1048576,2,13568,42.8819,195.621
PUT-pipelined,16384,2,262144,2.21912,59.065
gpu-enqueue,PUT-pipelined,16384,2,3.0886us/op
HOST-concurrent,1048576,3,14432,41.5605,201.841
PUT-pipelined,16384,3,262144,2.28684,57.3158
gpu-enqueue,PUT-pipelined,16384,3,3.09376us/op
HOST-concurrent,1048576,4,14512,41.5023,202.124
PUT-pipelined,16384,4,262144,2.29744,57.0512
gpu-enqueue,PUT-pipelined,16384,4,3.08871us/op
HOST-concurrent,1048576,5,14424,41.5658,201.815
PUT-pipelined,16384,5,262144,2.28677,57.3176
gpu-enqueue,PUT-pipelined,16384,5,3.0849us/op
