host=pool0-0321 cuda_visible=0 commit=8e9e25ee dirty=0
backend_param,efa_proxy_rx_thread=rail
backend_param,device_proxy=true
backend_param,proxy_channel_count=1
backend_param,proxy_thread_count=1
backend_param,efa_proxy_ordering=receiver
backend_param,proxy_max_peers=1
backend,LIBFABRIC
pipeline_window,32
pipeline_channels,1
proxy_workers,1
engine_progress_thread,1
ordering_rounds,0
minimum_size,1
put_only,0
counter_memory,gpu
device_proxy,1
host_xfer,0
test,size_B,trial,iterations,mean_us,payload_Gbit_s
PUT-ordered-signal-pingpong,8,1,1000,58.6624,0.00109099
gpu-enqueue,PUT-ordered-signal-pingpong,8,1,3.23491us/op
PUT-ordered-signal-pingpong,8,2,1000,58.4052,0.00109579
gpu-enqueue,PUT-ordered-signal-pingpong,8,2,3.23173us/op
PUT-ordered-signal-pingpong,8,3,1000,58.707,0.00109016
gpu-enqueue,PUT-ordered-signal-pingpong,8,3,3.23275us/op
PUT-ordered-signal-pingpong,8,4,1000,58.7184,0.00108995
gpu-enqueue,PUT-ordered-signal-pingpong,8,4,3.23134us/op
PUT-ordered-signal-pingpong,8,5,1000,58.6263,0.00109166
gpu-enqueue,PUT-ordered-signal-pingpong,8,5,3.23438us/op
PUT-target,8,1,1000,39.3625,0.00162591
gpu-enqueue,PUT-target,8,1,3.52154us/op
PUT-ordered-signal,8,1,1000,49.6066,0.00129015
gpu-enqueue,PUT-ordered-signal,8,1,3.33434us/op
PUT-target,8,2,1000,38.9881,0.00164153
gpu-enqueue,PUT-target,8,2,3.52499us/op
PUT-ordered-signal,8,2,1000,49.2226,0.00130022
gpu-enqueue,PUT-ordered-signal,8,2,3.33458us/op
PUT-target,8,3,1000,38.9556,0.0016429
gpu-enqueue,PUT-target,8,3,3.5271us/op
PUT-ordered-signal,8,3,1000,49.1976,0.00130088
gpu-enqueue,PUT-ordered-signal,8,3,3.33898us/op
PUT-target,8,4,1000,38.952,0.00164305
gpu-enqueue,PUT-target,8,4,3.52208us/op
PUT-ordered-signal,8,4,1000,49.3096,0.00129792
gpu-enqueue,PUT-ordered-signal,8,4,3.33152us/op
PUT-target,8,5,1000,38.7758,0.00165052
gpu-enqueue,PUT-target,8,5,3.52304us/op
PUT-ordered-signal,8,5,1000,49.2458,0.0012996
gpu-enqueue,PUT-ordered-signal,8,5,3.33752us/op
PUT-target,64,1,1000,38.9942,0.0131302
gpu-enqueue,PUT-target,64,1,3.53117us/op
PUT-ordered-signal,64,1,1000,49.322,0.0103808
gpu-enqueue,PUT-ordered-signal,64,1,3.33374us/op
PUT-target,64,2,1000,38.9288,0.0131522
gpu-enqueue,PUT-target,64,2,3.5241us/op
PUT-ordered-signal,64,2,1000,49.2811,0.0103894
gpu-enqueue,PUT-ordered-signal,64,2,3.33613us/op
PUT-target,64,3,1000,38.8756,0.0131702
gpu-enqueue,PUT-target,64,3,3.53482us/op
PUT-ordered-signal,64,3,1000,49.1633,0.0104143
gpu-enqueue,PUT-ordered-signal,64,3,3.33429us/op
PUT-target,64,4,1000,38.7983,0.0131965
gpu-enqueue,PUT-target,64,4,3.52346us/op
PUT-ordered-signal,64,4,1000,49.3797,0.0103686
gpu-enqueue,PUT-ordered-signal,64,4,3.33704us/op
PUT-target,64,5,1000,38.7775,0.0132035
gpu-enqueue,PUT-target,64,5,3.52291us/op
PUT-ordered-signal,64,5,1000,49.1657,0.0104138
gpu-enqueue,PUT-ordered-signal,64,5,3.33378us/op
PUT-target,128,1,1000,39.0206,0.0262425
gpu-enqueue,PUT-target,128,1,3.52445us/op
PUT-ordered-signal,128,1,1000,49.2906,0.0207748
gpu-enqueue,PUT-ordered-signal,128,1,3.33856us/op
PUT-target,128,2,1000,38.9786,0.0262708
gpu-enqueue,PUT-target,128,2,3.52621us/op
PUT-ordered-signal,128,2,1000,49.3399,0.020754
gpu-enqueue,PUT-ordered-signal,128,2,3.33531us/op
PUT-target,128,3,1000,38.9504,0.0262898
gpu-enqueue,PUT-target,128,3,3.52026us/op
PUT-ordered-signal,128,3,1000,49.4068,0.0207259
gpu-enqueue,PUT-ordered-signal,128,3,3.34235us/op
PUT-target,128,4,1000,39.1318,0.0261679
gpu-enqueue,PUT-target,128,4,3.52672us/op
PUT-ordered-signal,128,4,1000,49.2734,0.020782
gpu-enqueue,PUT-ordered-signal,128,4,3.33379us/op
PUT-target,128,5,1000,39.0088,0.0262505
gpu-enqueue,PUT-target,128,5,3.52653us/op
PUT-ordered-signal,128,5,1000,49.3113,0.020766
gpu-enqueue,PUT-ordered-signal,128,5,3.33581us/op
PUT-target,8192,1,500,41.9046,1.56393
gpu-enqueue,PUT-target,8192,1,3.52102us/op
PUT-ordered-signal,8192,1,500,49.6342,1.32038
gpu-enqueue,PUT-ordered-signal,8192,1,3.33597us/op
PUT-target,8192,2,500,42.0263,1.5594
gpu-enqueue,PUT-target,8192,2,3.52384us/op
PUT-ordered-signal,8192,2,500,49.654,1.31985
gpu-enqueue,PUT-ordered-signal,8192,2,3.33747us/op
PUT-target,8192,3,500,41.8584,1.56566
gpu-enqueue,PUT-target,8192,3,3.52186us/op
PUT-ordered-signal,8192,3,500,49.8662,1.31424
gpu-enqueue,PUT-ordered-signal,8192,3,3.33757us/op
PUT-target,8192,4,500,42.4797,1.54276
gpu-enqueue,PUT-target,8192,4,3.52198us/op
PUT-ordered-signal,8192,4,500,49.6138,1.32092
gpu-enqueue,PUT-ordered-signal,8192,4,3.33549us/op
PUT-target,8192,5,500,41.6957,1.57177
gpu-enqueue,PUT-target,8192,5,3.5239us/op
PUT-ordered-signal,8192,5,500,49.7343,1.31772
gpu-enqueue,PUT-ordered-signal,8192,5,3.34723us/op
PUT-target,65536,1,200,52.3571,10.0137
gpu-enqueue,PUT-target,65536,1,3.5272us/op
PUT-ordered-signal,65536,1,200,61.023,8.59164
gpu-enqueue,PUT-ordered-signal,65536,1,3.328us/op
PUT-target,65536,2,200,52.0637,10.0701
gpu-enqueue,PUT-target,65536,2,3.524us/op
PUT-ordered-signal,65536,2,200,60.9317,8.60452
gpu-enqueue,PUT-ordered-signal,65536,2,3.34024us/op
PUT-target,65536,3,200,52.0216,10.0783
gpu-enqueue,PUT-target,65536,3,3.5232us/op
PUT-ordered-signal,65536,3,200,61.1392,8.57532
gpu-enqueue,PUT-ordered-signal,65536,3,3.33152us/op
PUT-target,65536,4,200,52.3354,10.0179
gpu-enqueue,PUT-target,65536,4,3.524us/op
PUT-ordered-signal,65536,4,200,61.0005,8.59482
gpu-enqueue,PUT-ordered-signal,65536,4,3.32648us/op
PUT-target,65536,5,200,52.3269,10.0195
gpu-enqueue,PUT-target,65536,5,3.53136us/op
PUT-ordered-signal,65536,5,200,61.1064,8.57992
gpu-enqueue,PUT-ordered-signal,65536,5,3.33176us/op
PUT-pipelined,8192,1,8192,4.13343,15.8551
gpu-enqueue,PUT-pipelined,8192,1,2.79086us/op
PUT-batch-signal,8192,1,8192,4.27892,15.316
gpu-enqueue,PUT-batch-signal,8192,1,2.81175us/op
PUT-pipelined,8192,2,8192,4.13267,15.858
gpu-enqueue,PUT-pipelined,8192,2,2.78889us/op
PUT-batch-signal,8192,2,8192,4.26904,15.3515
gpu-enqueue,PUT-batch-signal,8192,2,2.81106us/op
PUT-pipelined,8192,3,8192,4.1327,15.8579
gpu-enqueue,PUT-pipelined,8192,3,2.79129us/op
PUT-batch-signal,8192,3,8192,4.2796,15.3136
gpu-enqueue,PUT-batch-signal,8192,3,2.80961us/op
PUT-pipelined,8192,4,8192,4.13607,15.845
gpu-enqueue,PUT-pipelined,8192,4,2.78886us/op
PUT-batch-signal,8192,4,8192,4.28249,15.3033
gpu-enqueue,PUT-batch-signal,8192,4,2.81133us/op
PUT-pipelined,8192,5,8192,4.12566,15.885
gpu-enqueue,PUT-pipelined,8192,5,2.78871us/op
PUT-batch-signal,8192,5,8192,4.27431,15.3325
gpu-enqueue,PUT-batch-signal,8192,5,2.8089us/op
PUT-pipelined,65536,1,2048,4.47522,117.154
gpu-enqueue,PUT-pipelined,65536,1,2.77142us/op
PUT-batch-signal,65536,1,2048,4.65055,112.737
gpu-enqueue,PUT-batch-signal,65536,1,2.79361us/op
PUT-pipelined,65536,2,2048,4.48289,116.953
gpu-enqueue,PUT-pipelined,65536,2,2.77998us/op
PUT-batch-signal,65536,2,2048,4.6577,112.564
gpu-enqueue,PUT-batch-signal,65536,2,2.79555us/op
PUT-pipelined,65536,3,2048,4.48331,116.942
gpu-enqueue,PUT-pipelined,65536,3,2.77137us/op
PUT-batch-signal,65536,3,2048,4.63864,113.026
gpu-enqueue,PUT-batch-signal,65536,3,2.7917us/op
PUT-pipelined,65536,4,2048,4.4857,116.88
gpu-enqueue,PUT-pipelined,65536,4,2.77278us/op
PUT-batch-signal,65536,4,2048,4.64138,112.96
gpu-enqueue,PUT-batch-signal,65536,4,2.79314us/op
PUT-pipelined,65536,5,2048,4.48653,116.858
gpu-enqueue,PUT-pipelined,65536,5,2.77263us/op
PUT-batch-signal,65536,5,2048,4.64075,112.975
gpu-enqueue,PUT-batch-signal,65536,5,2.79155us/op
PUT-pipelined,1048576,1,256,23.648,354.728
gpu-enqueue,PUT-pipelined,1048576,1,2.75137us/op
PUT-batch-signal,1048576,1,256,23.8424,351.836
gpu-enqueue,PUT-batch-signal,1048576,1,2.78133us/op
PUT-pipelined,1048576,2,256,23.6239,355.09
gpu-enqueue,PUT-pipelined,1048576,2,2.75062us/op
PUT-batch-signal,1048576,2,256,23.8186,352.187
gpu-enqueue,PUT-batch-signal,1048576,2,2.7777us/op
PUT-pipelined,1048576,3,256,23.713,353.756
gpu-enqueue,PUT-pipelined,1048576,3,2.75588us/op
PUT-batch-signal,1048576,3,256,23.8439,351.814
gpu-enqueue,PUT-batch-signal,1048576,3,2.77552us/op
PUT-pipelined,1048576,4,256,23.6009,355.436
gpu-enqueue,PUT-pipelined,1048576,4,2.75263us/op
PUT-batch-signal,1048576,4,256,23.8129,352.272
gpu-enqueue,PUT-batch-signal,1048576,4,2.77406us/op
PUT-pipelined,1048576,5,256,23.636,354.908
gpu-enqueue,PUT-pipelined,1048576,5,2.757us/op
PUT-batch-signal,1048576,5,256,23.906,350.9
gpu-enqueue,PUT-batch-signal,1048576,5,2.78048us/op
