host=pool0-0321 cuda_visible=0 commit=8e9e25ee dirty=0
backend_param,efa_proxy_rx_thread=rail
backend_param,device_proxy=true
backend_param,proxy_channel_count=4
backend_param,proxy_thread_count=4
backend_param,efa_proxy_ordering=receiver
backend_param,proxy_max_peers=1
backend,LIBFABRIC
pipeline_window,32
pipeline_channels,4
proxy_workers,4
engine_progress_thread,1
ordering_rounds,0
minimum_size,1
put_only,1
counter_memory,gpu
device_proxy,1
host_xfer,0
test,size_B,trial,iterations,mean_us,payload_Gbit_s
HOST-concurrent,1048576,1,13632,43.7344,191.808
PUT-pipelined,16384,1,262144,2.27366,57.6481
gpu-enqueue,PUT-pipelined,16384,1,3.13987us/op
HOST-concurrent,1048576,2,14496,41.6757,201.283
PUT-pipelined,16384,2,262144,2.3043,56.8815
gpu-enqueue,PUT-pipelined,16384,2,3.13136us/op
HOST-concurrent,1048576,3,14528,41.9963,199.746
PUT-pipelined,16384,3,262144,2.32699,56.3268
gpu-enqueue,PUT-pipelined,16384,3,3.13583us/op
HOST-concurrent,1048576,4,14816,41.4914,202.177
PUT-pipelined,16384,4,262144,2.34379,55.923
gpu-enqueue,PUT-pipelined,16384,4,3.11705us/op
HOST-concurrent,1048576,5,14560,41.8908,200.249
PUT-pipelined,16384,5,262144,2.32647,56.3395
gpu-enqueue,PUT-pipelined,16384,5,3.12758us/op
