host=pool0-0321 cuda_visible=0 commit=8e9e25ee dirty=0
backend_param,efa_proxy_rx_thread=rail
backend_param,device_proxy=true
backend_param,proxy_channel_count=4
backend_param,proxy_thread_count=4
backend_param,efa_proxy_ordering=receiver
backend_param,proxy_max_peers=1
backend,LIBFABRIC
pipeline_window,32
pipeline_channels,4
proxy_workers,4
engine_progress_thread,1
ordering_rounds,0
minimum_size,1
put_only,1
counter_memory,gpu
device_proxy,1
host_xfer,0
test,size_B,trial,iterations,mean_us,payload_Gbit_s
PUT-target,8,1,1000,38.1879,0.00167592
gpu-enqueue,PUT-target,8,1,3.51382us/op
PUT-target,8,2,1000,38.0499,0.001682
gpu-enqueue,PUT-target,8,2,3.51024us/op
PUT-target,8,3,1000,38.1051,0.00167956
gpu-enqueue,PUT-target,8,3,3.51382us/op
PUT-target,8,4,1000,38.2818,0.00167181
gpu-enqueue,PUT-target,8,4,3.51488us/op
PUT-target,8,5,1000,38.089,0.00168027
gpu-enqueue,PUT-target,8,5,3.5129us/op
PUT-target,64,1,1000,38.1035,0.0134371
gpu-enqueue,PUT-target,64,1,3.51446us/op
PUT-target,64,2,1000,38.2188,0.0133965
gpu-enqueue,PUT-target,64,2,3.51568us/op
PUT-target,64,3,1000,38.1937,0.0134053
gpu-enqueue,PUT-target,64,3,3.51507us/op
PUT-target,64,4,1000,38.1406,0.013424
gpu-enqueue,PUT-target,64,4,3.5127us/op
PUT-target,64,5,1000,38.1472,0.0134217
gpu-enqueue,PUT-target,64,5,3.5144us/op
PUT-target,128,1,1000,38.2407,0.0267777
gpu-enqueue,PUT-target,128,1,3.51549us/op
PUT-target,128,2,1000,38.0626,0.026903
gpu-enqueue,PUT-target,128,2,3.51555us/op
PUT-target,128,3,1000,38.1712,0.0268265
gpu-enqueue,PUT-target,128,3,3.51283us/op
PUT-target,128,4,1000,38.3161,0.0267251
gpu-enqueue,PUT-target,128,4,3.51178us/op
PUT-target,128,5,1000,38.2236,0.0267897
gpu-enqueue,PUT-target,128,5,3.52022us/op
PUT-target,8192,1,500,41.1663,1.59198
gpu-enqueue,PUT-target,8192,1,3.51571us/op
PUT-target,8192,2,500,41.1174,1.59388
gpu-enqueue,PUT-target,8192,2,3.51277us/op
PUT-target,8192,3,500,41.0687,1.59576
gpu-enqueue,PUT-target,8192,3,3.51334us/op
PUT-target,8192,4,500,41.1457,1.59278
gpu-enqueue,PUT-target,8192,4,3.50989us/op
PUT-target,8192,5,500,40.9368,1.60091
gpu-enqueue,PUT-target,8192,5,3.51782us/op
PUT-target,65536,1,200,51.3259,10.2149
gpu-enqueue,PUT-target,65536,1,3.51408us/op
PUT-target,65536,2,200,51.5261,10.1752
gpu-enqueue,PUT-target,65536,2,3.50928us/op
PUT-target,65536,3,200,51.5874,10.1631
gpu-enqueue,PUT-target,65536,3,3.51552us/op
PUT-target,65536,4,200,51.3435,10.2114
gpu-enqueue,PUT-target,65536,4,3.51296us/op
PUT-target,65536,5,200,51.3154,10.217
gpu-enqueue,PUT-target,65536,5,3.51888us/op
PUT-pipelined,8192,1,32768,1.11061,59.0088
gpu-enqueue,PUT-pipelined,8192,1,2.87037us/op
PUT-pipelined,8192,2,32768,1.11896,58.5687
gpu-enqueue,PUT-pipelined,8192,2,2.87212us/op
PUT-pipelined,8192,3,32768,1.11516,58.7683
gpu-enqueue,PUT-pipelined,8192,3,2.86825us/op
PUT-pipelined,8192,4,32768,1.16512,56.2483
gpu-enqueue,PUT-pipelined,8192,4,2.90469us/op
PUT-pipelined,8192,5,32768,1.11758,58.6409
gpu-enqueue,PUT-pipelined,8192,5,2.86767us/op
PUT-pipelined,65536,1,8192,1.82453,287.355
gpu-enqueue,PUT-pipelined,65536,1,2.85036us/op
PUT-pipelined,65536,2,8192,1.82252,287.673
gpu-enqueue,PUT-pipelined,65536,2,2.84085us/op
PUT-pipelined,65536,3,8192,1.81946,288.156
gpu-enqueue,PUT-pipelined,65536,3,2.84591us/op
PUT-pipelined,65536,4,8192,1.81864,288.286
gpu-enqueue,PUT-pipelined,65536,4,2.8365us/op
PUT-pipelined,65536,5,8192,1.82448,287.363
gpu-enqueue,PUT-pipelined,65536,5,2.84002us/op
PUT-pipelined,1048576,1,1024,21.5243,389.727
gpu-enqueue,PUT-pipelined,1048576,1,3.36769us/op
PUT-pipelined,1048576,2,1024,21.5245,389.723
gpu-enqueue,PUT-pipelined,1048576,2,3.37459us/op
PUT-pipelined,1048576,3,1024,21.5267,389.683
gpu-enqueue,PUT-pipelined,1048576,3,3.37681us/op
PUT-pipelined,1048576,4,1024,21.5342,389.548
gpu-enqueue,PUT-pipelined,1048576,4,3.39109us/op
PUT-pipelined,1048576,5,1024,21.5192,389.82
gpu-enqueue,PUT-pipelined,1048576,5,3.39128us/op
