host=pool0-0321 cuda_visible=0 commit=8e9e25ee dirty=0
backend_param,efa_proxy_rx_thread=rail
backend_param,device_proxy=true
backend_param,proxy_channel_count=1
backend_param,proxy_thread_count=1
backend_param,efa_proxy_ordering=receiver
backend_param,proxy_max_peers=1
backend,LIBFABRIC
pipeline_window,32
pipeline_channels,1
proxy_workers,1
engine_progress_thread,1
ordering_rounds,0
minimum_size,1
put_only,0
counter_memory,gpu
device_proxy,1
host_xfer,0
test,size_B,trial,iterations,mean_us,payload_Gbit_s
PUT-ordered-signal-pingpong,8,1,1000,58.8958,0.00108666
gpu-enqueue,PUT-ordered-signal-pingpong,8,1,3.23824us/op
PUT-ordered-signal-pingpong,8,2,1000,58.579,0.00109254
gpu-enqueue,PUT-ordered-signal-pingpong,8,2,3.23614us/op
PUT-ordered-signal-pingpong,8,3,1000,58.7271,0.00108979
gpu-enqueue,PUT-ordered-signal-pingpong,8,3,3.23835us/op
PUT-ordered-signal-pingpong,8,4,1000,58.7414,0.00108952
gpu-enqueue,PUT-ordered-signal-pingpong,8,4,3.23662us/op
PUT-ordered-signal-pingpong,8,5,1000,58.7558,0.00108925
gpu-enqueue,PUT-ordered-signal-pingpong,8,5,3.2395us/op
PUT-target,8,1,1000,39.0125,0.0016405
gpu-enqueue,PUT-target,8,1,3.53082us/op
PUT-ordered-signal,8,1,1000,49.1431,0.00130232
gpu-enqueue,PUT-ordered-signal,8,1,3.36392us/op
PUT-target,8,2,1000,38.575,0.0016591
gpu-enqueue,PUT-target,8,2,3.54435us/op
PUT-ordered-signal,8,2,1000,48.9539,0.00130735
gpu-enqueue,PUT-ordered-signal,8,2,3.36091us/op
PUT-target,8,3,1000,38.3234,0.00167
gpu-enqueue,PUT-target,8,3,3.53693us/op
PUT-ordered-signal,8,3,1000,48.9532,0.00130737
gpu-enqueue,PUT-ordered-signal,8,3,3.36622us/op
PUT-target,8,4,1000,38.4219,0.00166572
gpu-enqueue,PUT-target,8,4,3.53066us/op
PUT-ordered-signal,8,4,1000,48.9602,0.00130718
gpu-enqueue,PUT-ordered-signal,8,4,3.36622us/op
PUT-target,8,5,1000,38.5811,0.00165885
gpu-enqueue,PUT-target,8,5,3.54144us/op
PUT-ordered-signal,8,5,1000,48.9206,0.00130824
gpu-enqueue,PUT-ordered-signal,8,5,3.36507us/op
PUT-target,64,1,1000,38.6764,0.0132381
gpu-enqueue,PUT-target,64,1,3.53133us/op
PUT-ordered-signal,64,1,1000,49.0556,0.0104371
gpu-enqueue,PUT-ordered-signal,64,1,3.36573us/op
PUT-target,64,2,1000,38.6488,0.0132475
gpu-enqueue,PUT-target,64,2,3.5401us/op
PUT-ordered-signal,64,2,1000,48.8276,0.0104859
gpu-enqueue,PUT-ordered-signal,64,2,3.36347us/op
PUT-target,64,3,1000,38.6138,0.0132595
gpu-enqueue,PUT-target,64,3,3.54106us/op
PUT-ordered-signal,64,3,1000,48.9263,0.0104647
gpu-enqueue,PUT-ordered-signal,64,3,3.36475us/op
PUT-target,64,4,1000,38.571,0.0132742
gpu-enqueue,PUT-target,64,4,3.53923us/op
PUT-ordered-signal,64,4,1000,49.0071,0.0104475
gpu-enqueue,PUT-ordered-signal,64,4,3.36925us/op
PUT-target,64,5,1000,38.5485,0.013282
gpu-enqueue,PUT-target,64,5,3.5345us/op
PUT-ordered-signal,64,5,1000,48.8929,0.0104719
gpu-enqueue,PUT-ordered-signal,64,5,3.36333us/op
PUT-target,128,1,1000,38.6752,0.0264769
gpu-enqueue,PUT-target,128,1,3.53597us/op
PUT-ordered-signal,128,1,1000,48.9148,0.0209344
gpu-enqueue,PUT-ordered-signal,128,1,3.36154us/op
PUT-target,128,2,1000,38.4767,0.0266135
gpu-enqueue,PUT-target,128,2,3.54186us/op
PUT-ordered-signal,128,2,1000,48.8564,0.0209594
gpu-enqueue,PUT-ordered-signal,128,2,3.36445us/op
PUT-target,128,3,1000,38.7029,0.0264579
gpu-enqueue,PUT-target,128,3,3.53859us/op
PUT-ordered-signal,128,3,1000,48.8823,0.0209483
gpu-enqueue,PUT-ordered-signal,128,3,3.36762us/op
PUT-target,128,4,1000,38.7209,0.0264456
gpu-enqueue,PUT-target,128,4,3.53862us/op
PUT-ordered-signal,128,4,1000,49.0259,0.0208869
gpu-enqueue,PUT-ordered-signal,128,4,3.3643us/op
PUT-target,128,5,1000,38.5976,0.0265301
gpu-enqueue,PUT-target,128,5,3.54us/op
PUT-ordered-signal,128,5,1000,48.9395,0.0209238
gpu-enqueue,PUT-ordered-signal,128,5,3.36325us/op
PUT-target,8192,1,500,41.6816,1.5723
gpu-enqueue,PUT-target,8192,1,3.5239us/op
PUT-ordered-signal,8192,1,500,49.6445,1.32011
gpu-enqueue,PUT-ordered-signal,8192,1,3.36534us/op
PUT-target,8192,2,500,41.6871,1.57209
gpu-enqueue,PUT-target,8192,2,3.55187us/op
PUT-ordered-signal,8192,2,500,48.7697,1.34379
gpu-enqueue,PUT-ordered-signal,8192,2,3.29174us/op
PUT-target,8192,3,500,41.0491,1.59653
gpu-enqueue,PUT-target,8192,3,3.43264us/op
PUT-ordered-signal,8192,3,500,48.8029,1.34287
gpu-enqueue,PUT-ordered-signal,8192,3,3.2761us/op
PUT-target,8192,4,500,41.1309,1.59335
gpu-enqueue,PUT-target,8192,4,3.43315us/op
PUT-ordered-signal,8192,4,500,48.8866,1.34057
gpu-enqueue,PUT-ordered-signal,8192,4,3.27584us/op
PUT-target,8192,5,500,41.1431,1.59288
gpu-enqueue,PUT-target,8192,5,3.43501us/op
PUT-ordered-signal,8192,5,500,48.8664,1.34113
gpu-enqueue,PUT-ordered-signal,8192,5,3.27558us/op
PUT-target,65536,1,200,51.5061,10.1791
gpu-enqueue,PUT-target,65536,1,3.43456us/op
PUT-ordered-signal,65536,1,200,60.1408,8.71768
gpu-enqueue,PUT-ordered-signal,65536,1,3.2752us/op
PUT-target,65536,2,200,51.2997,10.2201
gpu-enqueue,PUT-target,65536,2,3.43536us/op
PUT-ordered-signal,65536,2,200,60.5253,8.6623
gpu-enqueue,PUT-ordered-signal,65536,2,3.272us/op
PUT-target,65536,3,200,51.5245,10.1755
gpu-enqueue,PUT-target,65536,3,3.43552us/op
PUT-ordered-signal,65536,3,200,60.4741,8.66963
gpu-enqueue,PUT-ordered-signal,65536,3,3.28888us/op
PUT-target,65536,4,200,51.567,10.1671
gpu-enqueue,PUT-target,65536,4,3.43968us/op
PUT-ordered-signal,65536,4,200,60.2154,8.70688
gpu-enqueue,PUT-ordered-signal,65536,4,3.28096us/op
PUT-target,65536,5,200,51.7525,10.1307
gpu-enqueue,PUT-target,65536,5,3.43712us/op
PUT-ordered-signal,65536,5,200,60.4518,8.67282
gpu-enqueue,PUT-ordered-signal,65536,5,3.2732us/op
PUT-pipelined,8192,1,8192,4.11293,15.9342
gpu-enqueue,PUT-pipelined,8192,1,2.77869us/op
PUT-batch-signal,8192,1,8192,4.32276,15.1607
gpu-enqueue,PUT-batch-signal,8192,1,2.86257us/op
PUT-pipelined,8192,2,8192,4.10893,15.9496
gpu-enqueue,PUT-pipelined,8192,2,2.77956us/op
PUT-batch-signal,8192,2,8192,4.32545,15.1512
gpu-enqueue,PUT-batch-signal,8192,2,2.86367us/op
PUT-pipelined,8192,3,8192,4.10687,15.9577
gpu-enqueue,PUT-pipelined,8192,3,2.77905us/op
PUT-batch-signal,8192,3,8192,4.3283,15.1413
gpu-enqueue,PUT-batch-signal,8192,3,2.86299us/op
PUT-pipelined,8192,4,8192,4.11472,15.9272
gpu-enqueue,PUT-pipelined,8192,4,2.7809us/op
PUT-batch-signal,8192,4,8192,4.32174,15.1643
gpu-enqueue,PUT-batch-signal,8192,4,2.86106us/op
PUT-pipelined,8192,5,8192,4.11473,15.9272
gpu-enqueue,PUT-pipelined,8192,5,2.7786us/op
PUT-batch-signal,8192,5,8192,4.3196,15.1718
gpu-enqueue,PUT-batch-signal,8192,5,2.86119us/op
PUT-pipelined,65536,1,2048,4.46217,117.496
gpu-enqueue,PUT-pipelined,65536,1,2.76439us/op
PUT-batch-signal,65536,1,2048,4.69155,111.752
gpu-enqueue,PUT-batch-signal,65536,1,2.84445us/op
PUT-pipelined,65536,2,2048,4.47597,117.134
gpu-enqueue,PUT-pipelined,65536,2,2.76487us/op
PUT-batch-signal,65536,2,2048,4.67575,112.129
gpu-enqueue,PUT-batch-signal,65536,2,2.84512us/op
PUT-pipelined,65536,3,2048,4.4677,117.351
gpu-enqueue,PUT-pipelined,65536,3,2.76459us/op
PUT-batch-signal,65536,3,2048,4.69453,111.681
gpu-enqueue,PUT-batch-signal,65536,3,2.83941us/op
PUT-pipelined,65536,4,2048,4.44992,117.82
gpu-enqueue,PUT-pipelined,65536,4,2.76337us/op
PUT-batch-signal,65536,4,2048,4.67148,112.232
gpu-enqueue,PUT-batch-signal,65536,4,2.84626us/op
PUT-pipelined,65536,5,2048,4.45733,117.624
gpu-enqueue,PUT-pipelined,65536,5,2.76436us/op
PUT-batch-signal,65536,5,2048,4.68386,111.935
gpu-enqueue,PUT-batch-signal,65536,5,2.84515us/op
PUT-pipelined,1048576,1,256,23.6094,355.308
gpu-enqueue,PUT-pipelined,1048576,1,2.74987us/op
PUT-batch-signal,1048576,1,256,23.8599,351.578
gpu-enqueue,PUT-batch-signal,1048576,1,2.82158us/op
PUT-pipelined,1048576,2,256,23.5978,355.483
gpu-enqueue,PUT-pipelined,1048576,2,2.7505us/op
PUT-batch-signal,1048576,2,256,23.9241,350.634
gpu-enqueue,PUT-batch-signal,1048576,2,2.82497us/op
PUT-pipelined,1048576,3,256,23.6101,355.297
gpu-enqueue,PUT-pipelined,1048576,3,2.749us/op
PUT-batch-signal,1048576,3,256,23.818,352.196
gpu-enqueue,PUT-batch-signal,1048576,3,2.82945us/op
PUT-pipelined,1048576,4,256,23.6277,355.032
gpu-enqueue,PUT-pipelined,1048576,4,2.74613us/op
PUT-batch-signal,1048576,4,256,23.8726,351.39
gpu-enqueue,PUT-batch-signal,1048576,4,2.82473us/op
PUT-pipelined,1048576,5,256,23.6075,355.337
gpu-enqueue,PUT-pipelined,1048576,5,2.74538us/op
PUT-batch-signal,1048576,5,256,23.7997,352.466
gpu-enqueue,PUT-batch-signal,1048576,5,2.82655us/op
