host=pool0-0321 cuda_visible=0 commit=8e9e25ee dirty=0
backend_param,efa_proxy_rx_thread=rail
backend_param,device_proxy=true
backend_param,proxy_channel_count=1
backend_param,proxy_thread_count=1
backend_param,efa_proxy_ordering=receiver
backend_param,proxy_max_peers=1
backend,LIBFABRIC
pipeline_window,32
pipeline_channels,1
proxy_workers,1
engine_progress_thread,1
ordering_rounds,0
minimum_size,1
put_only,0
counter_memory,gpu
device_proxy,1
host_xfer,0
test,size_B,trial,iterations,mean_us,payload_Gbit_s
PUT-ordered-signal-pingpong,8,1,1000,59.1641,0.00108174
gpu-enqueue,PUT-ordered-signal-pingpong,8,1,3.25891us/op
PUT-ordered-signal-pingpong,8,2,1000,58.9296,0.00108604
gpu-enqueue,PUT-ordered-signal-pingpong,8,2,3.26042us/op
PUT-ordered-signal-pingpong,8,3,1000,58.977,0.00108517
gpu-enqueue,PUT-ordered-signal-pingpong,8,3,3.2616us/op
PUT-ordered-signal-pingpong,8,4,1000,58.8871,0.00108683
gpu-enqueue,PUT-ordered-signal-pingpong,8,4,3.25974us/op
PUT-ordered-signal-pingpong,8,5,1000,58.9653,0.00108538
gpu-enqueue,PUT-ordered-signal-pingpong,8,5,3.2672us/op
PUT-target,8,1,1000,39.3739,0.00162544
gpu-enqueue,PUT-target,8,1,3.57699us/op
PUT-ordered-signal,8,1,1000,49.5547,0.0012915
gpu-enqueue,PUT-ordered-signal,8,1,3.36643us/op
PUT-target,8,2,1000,38.9359,0.00164373
gpu-enqueue,PUT-target,8,2,3.57427us/op
PUT-ordered-signal,8,2,1000,49.2186,0.00130032
gpu-enqueue,PUT-ordered-signal,8,2,3.36738us/op
PUT-target,8,3,1000,38.9005,0.00164522
gpu-enqueue,PUT-target,8,3,3.58051us/op
PUT-ordered-signal,8,3,1000,49.3457,0.00129697
gpu-enqueue,PUT-ordered-signal,8,3,3.36674us/op
PUT-target,8,4,1000,38.8098,0.00164907
gpu-enqueue,PUT-target,8,4,3.56736us/op
PUT-ordered-signal,8,4,1000,49.2731,0.00129888
gpu-enqueue,PUT-ordered-signal,8,4,3.3655us/op
PUT-target,8,5,1000,38.8232,0.0016485
gpu-enqueue,PUT-target,8,5,3.56602us/op
PUT-ordered-signal,8,5,1000,49.2156,0.0013004
gpu-enqueue,PUT-ordered-signal,8,5,3.3647us/op
PUT-target,64,1,1000,39.0684,0.0131052
gpu-enqueue,PUT-target,64,1,3.57728us/op
PUT-ordered-signal,64,1,1000,49.2507,0.0103958
gpu-enqueue,PUT-ordered-signal,64,1,3.36526us/op
PUT-target,64,2,1000,38.9247,0.0131536
gpu-enqueue,PUT-target,64,2,3.57645us/op
PUT-ordered-signal,64,2,1000,49.2279,0.0104006
gpu-enqueue,PUT-ordered-signal,64,2,3.36459us/op
PUT-target,64,3,1000,38.895,0.0131636
gpu-enqueue,PUT-target,64,3,3.5841us/op
PUT-ordered-signal,64,3,1000,49.2735,0.010391
gpu-enqueue,PUT-ordered-signal,64,3,3.36824us/op
PUT-target,64,4,1000,38.7853,0.0132009
gpu-enqueue,PUT-target,64,4,3.58358us/op
PUT-ordered-signal,64,4,1000,49.2503,0.0103959
gpu-enqueue,PUT-ordered-signal,64,4,3.36509us/op
PUT-target,64,5,1000,38.833,0.0131847
gpu-enqueue,PUT-target,64,5,3.57334us/op
PUT-ordered-signal,64,5,1000,49.8332,0.0102743
gpu-enqueue,PUT-ordered-signal,64,5,3.3632us/op
PUT-target,128,1,1000,38.9354,0.0263
gpu-enqueue,PUT-target,128,1,3.58618us/op
PUT-ordered-signal,128,1,1000,49.8581,0.0205383
gpu-enqueue,PUT-ordered-signal,128,1,3.36566us/op
PUT-target,128,2,1000,38.922,0.026309
gpu-enqueue,PUT-target,128,2,3.58304us/op
PUT-ordered-signal,128,2,1000,50.0586,0.020456
gpu-enqueue,PUT-ordered-signal,128,2,3.36562us/op
PUT-target,128,3,1000,38.9511,0.0262893
gpu-enqueue,PUT-target,128,3,3.56742us/op
PUT-ordered-signal,128,3,1000,49.7934,0.020565
gpu-enqueue,PUT-ordered-signal,128,3,3.36309us/op
PUT-target,128,4,1000,38.8759,0.0263402
gpu-enqueue,PUT-target,128,4,3.5703us/op
PUT-ordered-signal,128,4,1000,49.9162,0.0205144
gpu-enqueue,PUT-ordered-signal,128,4,3.36422us/op
PUT-target,128,5,1000,38.9932,0.026261
gpu-enqueue,PUT-target,128,5,3.58269us/op
PUT-ordered-signal,128,5,1000,49.974,0.0204906
gpu-enqueue,PUT-ordered-signal,128,5,3.36522us/op
PUT-target,8192,1,500,41.2683,1.58805
gpu-enqueue,PUT-target,8192,1,3.48058us/op
PUT-ordered-signal,8192,1,500,49.1132,1.33439
gpu-enqueue,PUT-ordered-signal,8192,1,3.28835us/op
PUT-target,8192,2,500,41.223,1.58979
gpu-enqueue,PUT-target,8192,2,3.47034us/op
PUT-ordered-signal,8192,2,500,48.8544,1.34146
gpu-enqueue,PUT-ordered-signal,8192,2,3.28365us/op
PUT-target,8192,3,500,41.1875,1.59116
gpu-enqueue,PUT-target,8192,3,3.46982us/op
PUT-ordered-signal,8192,3,500,48.9507,1.33882
gpu-enqueue,PUT-ordered-signal,8192,3,3.28822us/op
PUT-target,8192,4,500,41.1409,1.59297
gpu-enqueue,PUT-target,8192,4,3.46854us/op
PUT-ordered-signal,8192,4,500,49.1069,1.33456
gpu-enqueue,PUT-ordered-signal,8192,4,3.28621us/op
PUT-target,8192,5,500,41.2252,1.58971
gpu-enqueue,PUT-target,8192,5,3.46675us/op
PUT-ordered-signal,8192,5,500,49.0941,1.3349
gpu-enqueue,PUT-ordered-signal,8192,5,3.28774us/op
PUT-target,65536,1,200,51.7686,10.1275
gpu-enqueue,PUT-target,65536,1,3.464us/op
PUT-ordered-signal,65536,1,200,60.4611,8.67149
gpu-enqueue,PUT-ordered-signal,65536,1,3.28528us/op
PUT-target,65536,2,200,51.5126,10.1779
gpu-enqueue,PUT-target,65536,2,3.46128us/op
PUT-ordered-signal,65536,2,200,60.4611,8.67149
gpu-enqueue,PUT-ordered-signal,65536,2,3.29168us/op
PUT-target,65536,3,200,51.6931,10.1423
gpu-enqueue,PUT-target,65536,3,3.46384us/op
PUT-ordered-signal,65536,3,200,60.6219,8.64849
gpu-enqueue,PUT-ordered-signal,65536,3,3.28344us/op
PUT-target,65536,4,200,51.861,10.1095
gpu-enqueue,PUT-target,65536,4,3.46112us/op
PUT-ordered-signal,65536,4,200,60.8122,8.62143
gpu-enqueue,PUT-ordered-signal,65536,4,3.292us/op
PUT-target,65536,5,200,51.7861,10.1241
gpu-enqueue,PUT-target,65536,5,3.4648us/op
PUT-ordered-signal,65536,5,200,60.5771,8.65488
gpu-enqueue,PUT-ordered-signal,65536,5,3.29312us/op
PUT-pipelined,8192,1,8192,4.1557,15.7701
gpu-enqueue,PUT-pipelined,8192,1,2.81485us/op
PUT-batch-signal,8192,1,8192,4.32108,15.1666
gpu-enqueue,PUT-batch-signal,8192,1,2.85321us/op
PUT-pipelined,8192,2,8192,4.15422,15.7758
gpu-enqueue,PUT-pipelined,8192,2,2.81675us/op
PUT-batch-signal,8192,2,8192,4.32381,15.157
gpu-enqueue,PUT-batch-signal,8192,2,2.85529us/op
PUT-pipelined,8192,3,8192,4.15397,15.7767
gpu-enqueue,PUT-pipelined,8192,3,2.81527us/op
PUT-batch-signal,8192,3,8192,4.32987,15.1358
gpu-enqueue,PUT-batch-signal,8192,3,2.85847us/op
PUT-pipelined,8192,4,8192,4.14862,15.7971
gpu-enqueue,PUT-pipelined,8192,4,2.81295us/op
PUT-batch-signal,8192,4,8192,4.33641,15.113
gpu-enqueue,PUT-batch-signal,8192,4,2.85625us/op
PUT-pipelined,8192,5,8192,4.16061,15.7515
gpu-enqueue,PUT-pipelined,8192,5,2.81676us/op
PUT-batch-signal,8192,5,8192,4.32353,15.158
gpu-enqueue,PUT-batch-signal,8192,5,2.85597us/op
PUT-pipelined,65536,1,2048,4.49978,116.514
gpu-enqueue,PUT-pipelined,65536,1,2.79923us/op
PUT-batch-signal,65536,1,2048,4.6667,112.347
gpu-enqueue,PUT-batch-signal,65536,1,2.83447us/op
PUT-pipelined,65536,2,2048,4.51006,116.248
gpu-enqueue,PUT-pipelined,65536,2,2.79809us/op
PUT-batch-signal,65536,2,2048,4.67383,112.175
gpu-enqueue,PUT-batch-signal,65536,2,2.83633us/op
PUT-pipelined,65536,3,2048,4.49631,116.604
gpu-enqueue,PUT-pipelined,65536,3,2.79773us/op
PUT-batch-signal,65536,3,2048,4.69119,111.76
gpu-enqueue,PUT-batch-signal,65536,3,2.84506us/op
PUT-pipelined,65536,4,2048,4.49563,116.622
gpu-enqueue,PUT-pipelined,65536,4,2.79661us/op
PUT-batch-signal,65536,4,2048,4.68689,111.863
gpu-enqueue,PUT-batch-signal,65536,4,2.8357us/op
PUT-pipelined,65536,5,2048,4.50083,116.487
gpu-enqueue,PUT-pipelined,65536,5,2.79719us/op
PUT-batch-signal,65536,5,2048,4.68778,111.841
gpu-enqueue,PUT-batch-signal,65536,5,2.83515us/op
PUT-pipelined,1048576,1,256,23.6471,354.741
gpu-enqueue,PUT-pipelined,1048576,1,2.79312us/op
PUT-batch-signal,1048576,1,256,23.8319,351.991
gpu-enqueue,PUT-batch-signal,1048576,1,2.81527us/op
PUT-pipelined,1048576,2,256,23.5614,356.032
gpu-enqueue,PUT-pipelined,1048576,2,2.791us/op
PUT-batch-signal,1048576,2,256,23.835,351.945
gpu-enqueue,PUT-batch-signal,1048576,2,2.82291us/op
PUT-pipelined,1048576,3,256,23.683,354.204
gpu-enqueue,PUT-pipelined,1048576,3,2.793us/op
PUT-batch-signal,1048576,3,256,23.7615,353.034
gpu-enqueue,PUT-batch-signal,1048576,3,2.81455us/op
PUT-pipelined,1048576,4,256,23.6809,354.236
gpu-enqueue,PUT-pipelined,1048576,4,2.79287us/op
PUT-batch-signal,1048576,4,256,23.8855,351.201
gpu-enqueue,PUT-batch-signal,1048576,4,2.82752us/op
PUT-pipelined,1048576,5,256,23.6519,354.67
gpu-enqueue,PUT-pipelined,1048576,5,2.80088us/op
PUT-batch-signal,1048576,5,256,23.8436,351.818
gpu-enqueue,PUT-batch-signal,1048576,5,2.81782us/op
