host=pool0-0321 cuda_visible=0 commit=8e9e25ee dirty=0
backend_param,efa_proxy_rx_thread=rail
backend_param,device_proxy=true
backend_param,proxy_channel_count=4
backend_param,proxy_thread_count=4
backend_param,efa_proxy_ordering=receiver
backend_param,proxy_max_peers=1
backend,LIBFABRIC
pipeline_window,32
pipeline_channels,4
proxy_workers,4
engine_progress_thread,1
ordering_rounds,0
minimum_size,1
put_only,1
counter_memory,gpu
device_proxy,1
host_xfer,0
test,size_B,trial,iterations,mean_us,payload_Gbit_s
HOST-concurrent,1048576,1,11704,47.6317,176.114
PUT-pipelined,16384,1,262144,2.12646,61.6386
gpu-enqueue,PUT-pipelined,16384,1,3.16132us/op
HOST-concurrent,1048576,2,12200,45.0252,186.309
PUT-pipelined,16384,2,262144,2.09531,62.555
gpu-enqueue,PUT-pipelined,16384,2,3.13991us/op
HOST-concurrent,1048576,3,12144,45.2019,185.581
PUT-pipelined,16384,3,262144,2.09396,62.5953
gpu-enqueue,PUT-pipelined,16384,3,3.13984us/op
HOST-concurrent,1048576,4,12176,45.1653,185.731
PUT-pipelined,16384,4,262144,2.0966,62.5166
gpu-enqueue,PUT-pipelined,16384,4,3.14047us/op
HOST-concurrent,1048576,5,12160,45.1501,185.794
PUT-pipelined,16384,5,262144,2.09352,62.6086
gpu-enqueue,PUT-pipelined,16384,5,3.13826us/op
