host=pool0-0321 cuda_visible=0 commit=8e9e25ee dirty=0
backend_param,efa_proxy_rx_thread=rail
backend_param,device_proxy=true
backend_param,proxy_channel_count=4
backend_param,proxy_thread_count=4
backend_param,efa_proxy_ordering=receiver
backend_param,proxy_max_peers=1
backend,LIBFABRIC
pipeline_window,32
pipeline_channels,4
proxy_workers,4
engine_progress_thread,1
ordering_rounds,0
minimum_size,1
put_only,1
counter_memory,gpu
device_proxy,1
host_xfer,1
test,size_B,trial,iterations,mean_us,payload_Gbit_s
HOST-write,65536,1,400,46.9811,178.553
HOST-write,65536,2,400,46.4618,180.549
HOST-write,65536,3,400,46.7676,179.368
HOST-write,65536,4,400,46.5094,180.364
HOST-write,65536,5,400,47.104,178.087
HOST-write,1048576,1,400,42.2106,198.732
HOST-write,1048576,2,400,42.0908,199.298
HOST-write,1048576,3,400,42.3012,198.307
HOST-write,1048576,4,400,41.974,199.852
HOST-write,1048576,5,400,42.2299,198.641
