host=pool0-0321 cuda_visible=0 commit=8e9e25ee dirty=0
backend_param,efa_proxy_rx_thread=rail
backend_param,device_proxy=true
backend_param,proxy_channel_count=4
backend_param,proxy_thread_count=4
backend_param,efa_proxy_ordering=receiver
backend_param,proxy_max_peers=1
backend,LIBFABRIC
pipeline_window,32
pipeline_channels,4
proxy_workers,4
engine_progress_thread,1
ordering_rounds,0
minimum_size,1
put_only,1
counter_memory,gpu
device_proxy,1
host_xfer,1
test,size_B,trial,iterations,mean_us,payload_Gbit_s
HOST-write,65536,1,400,46.9787,178.562
HOST-write,65536,2,400,46.9904,178.517
HOST-write,65536,3,400,46.9114,178.818
HOST-write,65536,4,400,46.8873,178.91
HOST-write,65536,5,400,46.4818,180.471
HOST-write,1048576,1,400,41.3868,202.688
HOST-write,1048576,2,400,41.2907,203.16
HOST-write,1048576,3,400,41.6769,201.277
HOST-write,1048576,4,400,41.4211,202.52
HOST-write,1048576,5,400,41.1488,203.86
