host=pool0-0321 cuda_visible=0 commit=8e9e25ee dirty=0
backend_param,efa_proxy_rx_thread=rail
backend_param,device_proxy=true
backend_param,proxy_channel_count=4
backend_param,proxy_thread_count=4
backend_param,efa_proxy_ordering=receiver
backend_param,proxy_max_peers=1
backend,LIBFABRIC
pipeline_window,32
pipeline_channels,4
proxy_workers,4
engine_progress_thread,1
ordering_rounds,0
minimum_size,1
put_only,1
counter_memory,gpu
device_proxy,1
host_xfer,1
test,size_B,trial,iterations,mean_us,payload_Gbit_s
HOST-write,65536,1,400,46.6,180.013
HOST-write,65536,2,400,46.5683,180.136
HOST-write,65536,3,400,47.3279,177.244
HOST-write,65536,4,400,46.9244,178.769
HOST-write,65536,5,400,46.6465,179.833
HOST-write,1048576,1,400,41.3174,203.029
HOST-write,1048576,2,400,41.0686,204.259
HOST-write,1048576,3,400,41.2656,203.284
HOST-write,1048576,4,400,41.1383,203.912
HOST-write,1048576,5,400,41.1805,203.703
