host=pool0-0321 cuda_visible=0 commit=8e9e25ee dirty=0
backend_param,proxy_max_peers=1
backend_param,efa_proxy_ordering=sender
backend_param,proxy_thread_count=4
backend_param,proxy_channel_count=4
backend_param,device_proxy=true
backend,LIBFABRIC
pipeline_window,32
pipeline_channels,4
proxy_workers,4
engine_progress_thread,1
ordering_rounds,0
minimum_size,1
put_only,1
counter_memory,gpu
device_proxy,1
host_xfer,1
test,size_B,trial,iterations,mean_us,payload_Gbit_s
HOST-write,65536,1,400,46.3338,181.047
HOST-write,65536,2,400,46.2323,181.445
HOST-write,65536,3,400,46.5306,180.282
HOST-write,65536,4,400,46.6081,179.982
HOST-write,65536,5,400,46.4279,180.68
HOST-write,1048576,1,400,41.8544,200.423
HOST-write,1048576,2,400,42.2891,198.363
HOST-write,1048576,3,400,42.9351,195.379
HOST-write,1048576,4,400,42.0948,199.279
HOST-write,1048576,5,400,41.5236,202.02
