host=pool0-0321 cuda_visible=0 commit=8e9e25ee dirty=0
backend_param,proxy_max_peers=1
backend_param,efa_proxy_ordering=sender
backend_param,proxy_thread_count=4
backend_param,proxy_channel_count=4
backend_param,device_proxy=true
backend,LIBFABRIC
pipeline_window,32
pipeline_channels,4
proxy_workers,4
engine_progress_thread,1
ordering_rounds,0
minimum_size,1
put_only,1
counter_memory,gpu
device_proxy,1
host_xfer,1
test,size_B,trial,iterations,mean_us,payload_Gbit_s
HOST-write,65536,1,400,46.4583,180.562
HOST-write,65536,2,400,46.7581,179.404
HOST-write,65536,3,400,46.1918,181.604
HOST-write,65536,4,400,46.5604,180.166
HOST-write,65536,5,400,46.2901,181.218
HOST-write,1048576,1,400,42.0696,199.398
HOST-write,1048576,2,400,41.7246,201.047
HOST-write,1048576,3,400,41.5794,201.749
HOST-write,1048576,4,400,41.775,200.804
HOST-write,1048576,5,400,41.5982,201.658
