host=pool0-0321 cuda_visible=0 commit=8e9e25ee dirty=0
backend_param,proxy_max_peers=1
backend_param,efa_proxy_ordering=sender
backend_param,proxy_thread_count=1
backend_param,proxy_channel_count=1
backend_param,device_proxy=true
backend,LIBFABRIC
pipeline_window,32
pipeline_channels,1
proxy_workers,1
engine_progress_thread,1
ordering_rounds,0
minimum_size,1
put_only,0
counter_memory,gpu
device_proxy,1
host_xfer,0
test,size_B,trial,iterations,mean_us,payload_Gbit_s
PUT-ordered-signal-pingpong,8,1,1000,113.552,0.000563619
gpu-enqueue,PUT-ordered-signal-pingpong,8,1,3.16896us/op
PUT-ordered-signal-pingpong,8,2,1000,112.965,0.000566549
gpu-enqueue,PUT-ordered-signal-pingpong,8,2,3.1668us/op
PUT-ordered-signal-pingpong,8,3,1000,112.858,0.000567085
gpu-enqueue,PUT-ordered-signal-pingpong,8,3,3.16477us/op
PUT-ordered-signal-pingpong,8,4,1000,113.074,0.000566002
gpu-enqueue,PUT-ordered-signal-pingpong,8,4,3.16493us/op
PUT-ordered-signal-pingpong,8,5,1000,117.212,0.000546018
gpu-enqueue,PUT-ordered-signal-pingpong,8,5,3.17654us/op
PUT-target,8,1,1000,38.6964,0.0016539
gpu-enqueue,PUT-target,8,1,3.53341us/op
PUT-ordered-signal,8,1,1000,75.7909,0.000844428
gpu-enqueue,PUT-ordered-signal,8,1,3.29366us/op
PUT-target,8,2,1000,37.7951,0.00169334
gpu-enqueue,PUT-target,8,2,3.45104us/op
PUT-ordered-signal,8,2,1000,75.0785,0.000852442
gpu-enqueue,PUT-ordered-signal,8,2,3.2621us/op
PUT-target,8,3,1000,37.6726,0.00169885
gpu-enqueue,PUT-target,8,3,3.44934us/op
PUT-ordered-signal,8,3,1000,74.922,0.000854221
gpu-enqueue,PUT-ordered-signal,8,3,3.25941us/op
PUT-target,8,4,1000,37.6692,0.001699
gpu-enqueue,PUT-target,8,4,3.452us/op
PUT-ordered-signal,8,4,1000,74.7014,0.000856744
gpu-enqueue,PUT-ordered-signal,8,4,3.26534us/op
PUT-target,8,5,1000,37.606,0.00170186
gpu-enqueue,PUT-target,8,5,3.45418us/op
PUT-ordered-signal,8,5,1000,74.6607,0.000857212
gpu-enqueue,PUT-ordered-signal,8,5,3.25846us/op
PUT-target,64,1,1000,37.6827,0.0135872
gpu-enqueue,PUT-target,64,1,3.45462us/op
PUT-ordered-signal,64,1,1000,75.0849,0.00681895
gpu-enqueue,PUT-ordered-signal,64,1,3.25917us/op
PUT-target,64,2,1000,37.7371,0.0135676
gpu-enqueue,PUT-target,64,2,3.44966us/op
PUT-ordered-signal,64,2,1000,74.872,0.00683834
gpu-enqueue,PUT-ordered-signal,64,2,3.25995us/op
PUT-target,64,3,1000,37.6322,0.0136054
gpu-enqueue,PUT-target,64,3,3.4527us/op
PUT-ordered-signal,64,3,1000,75.0168,0.00682514
gpu-enqueue,PUT-ordered-signal,64,3,3.26403us/op
PUT-target,64,4,1000,37.74,0.0135665
gpu-enqueue,PUT-target,64,4,3.45309us/op
PUT-ordered-signal,64,4,1000,79.1116,0.00647187
gpu-enqueue,PUT-ordered-signal,64,4,3.26138us/op
PUT-target,64,5,1000,37.766,0.0135572
gpu-enqueue,PUT-target,64,5,3.45357us/op
PUT-ordered-signal,64,5,1000,74.7865,0.00684616
gpu-enqueue,PUT-ordered-signal,64,5,3.26672us/op
PUT-target,128,1,1000,38.4562,0.0266277
gpu-enqueue,PUT-target,128,1,3.53094us/op
PUT-ordered-signal,128,1,1000,75.8866,0.0134938
gpu-enqueue,PUT-ordered-signal,128,1,3.34544us/op
PUT-target,128,2,1000,38.458,0.0266264
gpu-enqueue,PUT-target,128,2,3.5328us/op
PUT-ordered-signal,128,2,1000,76.0936,0.0134571
gpu-enqueue,PUT-ordered-signal,128,2,3.34635us/op
PUT-target,128,3,1000,38.4559,0.0266279
gpu-enqueue,PUT-target,128,3,3.53594us/op
PUT-ordered-signal,128,3,1000,75.8273,0.0135044
gpu-enqueue,PUT-ordered-signal,128,3,3.34182us/op
PUT-target,128,4,1000,38.4353,0.0266422
gpu-enqueue,PUT-target,128,4,3.53376us/op
PUT-ordered-signal,128,4,1000,75.8979,0.0134918
gpu-enqueue,PUT-ordered-signal,128,4,3.34725us/op
PUT-target,128,5,1000,38.3314,0.0267144
gpu-enqueue,PUT-target,128,5,3.53203us/op
PUT-ordered-signal,128,5,1000,75.8158,0.0135064
gpu-enqueue,PUT-ordered-signal,128,5,3.35114us/op
PUT-target,8192,1,500,41.6559,1.57327
gpu-enqueue,PUT-target,8192,1,3.53792us/op
PUT-ordered-signal,8192,1,500,78.9773,0.829808
gpu-enqueue,PUT-ordered-signal,8192,1,3.34723us/op
PUT-target,8192,2,500,41.2773,1.5877
gpu-enqueue,PUT-target,8192,2,3.53466us/op
PUT-ordered-signal,8192,2,500,78.891,0.830716
gpu-enqueue,PUT-ordered-signal,8192,2,3.34429us/op
PUT-target,8192,3,500,41.2764,1.58774
gpu-enqueue,PUT-target,8192,3,3.53434us/op
PUT-ordered-signal,8192,3,500,78.5824,0.833978
gpu-enqueue,PUT-ordered-signal,8192,3,3.3448us/op
PUT-target,8192,4,500,41.3238,1.58592
gpu-enqueue,PUT-target,8192,4,3.53408us/op
PUT-ordered-signal,8192,4,500,78.7545,0.832156
gpu-enqueue,PUT-ordered-signal,8192,4,3.34618us/op
PUT-target,8192,5,500,49.6578,1.31975
gpu-enqueue,PUT-target,8192,5,3.53594us/op
PUT-ordered-signal,8192,5,500,78.556,0.834258
gpu-enqueue,PUT-ordered-signal,8192,5,3.35027us/op
PUT-target,65536,1,200,50.1944,10.4451
gpu-enqueue,PUT-target,65536,1,3.53376us/op
PUT-ordered-signal,65536,1,200,87.8658,5.96692
gpu-enqueue,PUT-ordered-signal,65536,1,3.34496us/op
PUT-target,65536,2,200,50.6981,10.3414
gpu-enqueue,PUT-target,65536,2,3.53296us/op
PUT-ordered-signal,65536,2,200,87.5318,5.98968
gpu-enqueue,PUT-ordered-signal,65536,2,3.35432us/op
PUT-target,65536,3,200,50.2522,10.4331
gpu-enqueue,PUT-target,65536,3,3.53424us/op
PUT-ordered-signal,65536,3,200,87.8782,5.96607
gpu-enqueue,PUT-ordered-signal,65536,3,3.34432us/op
PUT-target,65536,4,200,50.2888,10.4255
gpu-enqueue,PUT-target,65536,4,3.54us/op
PUT-ordered-signal,65536,4,200,87.9323,5.9624
gpu-enqueue,PUT-ordered-signal,65536,4,3.3488us/op
PUT-target,65536,5,200,50.4848,10.3851
gpu-enqueue,PUT-target,65536,5,3.53408us/op
PUT-ordered-signal,65536,5,200,87.8069,5.97092
gpu-enqueue,PUT-ordered-signal,65536,5,3.34432us/op
PUT-pipelined,8192,1,8192,4.11963,15.9082
gpu-enqueue,PUT-pipelined,8192,1,2.79725us/op
PUT-batch-signal,8192,1,8192,5.16111,12.6981
gpu-enqueue,PUT-batch-signal,8192,1,2.82927us/op
PUT-pipelined,8192,2,8192,4.12193,15.8993
gpu-enqueue,PUT-pipelined,8192,2,2.79659us/op
PUT-batch-signal,8192,2,8192,5.16369,12.6917
gpu-enqueue,PUT-batch-signal,8192,2,2.82855us/op
PUT-pipelined,8192,3,8192,4.12292,15.8955
gpu-enqueue,PUT-pipelined,8192,3,2.79666us/op
PUT-batch-signal,8192,3,8192,5.16783,12.6815
gpu-enqueue,PUT-batch-signal,8192,3,2.82812us/op
PUT-pipelined,8192,4,8192,4.121,15.9029
gpu-enqueue,PUT-pipelined,8192,4,2.79922us/op
PUT-batch-signal,8192,4,8192,5.15295,12.7181
gpu-enqueue,PUT-batch-signal,8192,4,2.82702us/op
PUT-pipelined,8192,5,8192,4.11949,15.9088
gpu-enqueue,PUT-pipelined,8192,5,2.79615us/op
PUT-batch-signal,8192,5,8192,5.16275,12.694
gpu-enqueue,PUT-batch-signal,8192,5,2.82842us/op
PUT-pipelined,65536,1,2048,4.43152,118.309
gpu-enqueue,PUT-pipelined,65536,1,2.78005us/op
PUT-batch-signal,65536,1,2048,5.46609,95.9164
gpu-enqueue,PUT-batch-signal,65536,1,2.80877us/op
PUT-pipelined,65536,2,2048,4.42631,118.448
gpu-enqueue,PUT-pipelined,65536,2,2.77955us/op
PUT-batch-signal,65536,2,2048,5.46134,95.9998
gpu-enqueue,PUT-batch-signal,65536,2,2.81038us/op
PUT-pipelined,65536,3,2048,4.42245,118.551
gpu-enqueue,PUT-pipelined,65536,3,2.7805us/op
PUT-batch-signal,65536,3,2048,5.51883,94.9999
gpu-enqueue,PUT-batch-signal,65536,3,2.82097us/op
PUT-pipelined,65536,4,2048,4.41644,118.713
gpu-enqueue,PUT-pipelined,65536,4,2.77914us/op
PUT-batch-signal,65536,4,2048,5.45992,96.0248
gpu-enqueue,PUT-batch-signal,65536,4,2.81205us/op
PUT-pipelined,65536,5,2048,4.41911,118.641
gpu-enqueue,PUT-pipelined,65536,5,2.78055us/op
PUT-batch-signal,65536,5,2048,5.48995,95.4995
gpu-enqueue,PUT-batch-signal,65536,5,2.81461us/op
PUT-pipelined,1048576,1,256,23.5805,355.743
gpu-enqueue,PUT-pipelined,1048576,1,2.76375us/op
PUT-batch-signal,1048576,1,256,24.5734,341.37
gpu-enqueue,PUT-batch-signal,1048576,1,2.79733us/op
PUT-pipelined,1048576,2,256,23.4411,357.859
gpu-enqueue,PUT-pipelined,1048576,2,2.76112us/op
PUT-batch-signal,1048576,2,256,24.6176,340.756
gpu-enqueue,PUT-batch-signal,1048576,2,2.80048us/op
PUT-pipelined,1048576,3,256,23.5,356.962
gpu-enqueue,PUT-pipelined,1048576,3,2.7585us/op
PUT-batch-signal,1048576,3,256,24.6789,339.91
gpu-enqueue,PUT-batch-signal,1048576,3,2.79636us/op
PUT-pipelined,1048576,4,256,23.4669,357.466
gpu-enqueue,PUT-pipelined,1048576,4,2.76363us/op
PUT-batch-signal,1048576,4,256,24.6814,339.876
gpu-enqueue,PUT-batch-signal,1048576,4,2.79588us/op
PUT-pipelined,1048576,5,256,23.5448,356.284
gpu-enqueue,PUT-pipelined,1048576,5,2.75875us/op
PUT-batch-signal,1048576,5,256,24.5824,341.245
gpu-enqueue,PUT-batch-signal,1048576,5,2.79164us/op
