host=pool0-0321 cuda_visible=0 commit=8e9e25ee dirty=0
backend_param,proxy_max_peers=1
backend_param,efa_proxy_ordering=sender
backend_param,proxy_thread_count=4
backend_param,proxy_channel_count=4
backend_param,device_proxy=true
backend,LIBFABRIC
pipeline_window,32
pipeline_channels,4
proxy_workers,4
engine_progress_thread,1
ordering_rounds,0
minimum_size,1
put_only,1
counter_memory,gpu
device_proxy,1
host_xfer,0
test,size_B,trial,iterations,mean_us,payload_Gbit_s
PUT-target,8,1,1000,37.9595,0.00168601
gpu-enqueue,PUT-target,8,1,3.50669us/op
PUT-target,8,2,1000,37.9557,0.00168617
gpu-enqueue,PUT-target,8,2,3.51018us/op
PUT-target,8,3,1000,37.8938,0.00168893
gpu-enqueue,PUT-target,8,3,3.50822us/op
PUT-target,8,4,1000,37.9805,0.00168507
gpu-enqueue,PUT-target,8,4,3.50758us/op
PUT-target,8,5,1000,37.9803,0.00168508
gpu-enqueue,PUT-target,8,5,3.50832us/op
PUT-target,64,1,1000,38.0196,0.0134667
gpu-enqueue,PUT-target,64,1,3.50755us/op
PUT-target,64,2,1000,37.9585,0.0134884
gpu-enqueue,PUT-target,64,2,3.50502us/op
PUT-target,64,3,1000,38.0658,0.0134504
gpu-enqueue,PUT-target,64,3,3.50883us/op
PUT-target,64,4,1000,37.9538,0.0134901
gpu-enqueue,PUT-target,64,4,3.50842us/op
PUT-target,64,5,1000,37.9504,0.0134913
gpu-enqueue,PUT-target,64,5,3.50762us/op
PUT-target,128,1,1000,37.9562,0.0269785
gpu-enqueue,PUT-target,128,1,3.50848us/op
PUT-target,128,2,1000,37.9067,0.0270137
gpu-enqueue,PUT-target,128,2,3.50877us/op
PUT-target,128,3,1000,37.9909,0.0269538
gpu-enqueue,PUT-target,128,3,3.50624us/op
PUT-target,128,4,1000,37.9427,0.0269881
gpu-enqueue,PUT-target,128,4,3.50122us/op
PUT-target,128,5,1000,37.9651,0.0269721
gpu-enqueue,PUT-target,128,5,3.5047us/op
PUT-target,8192,1,500,40.8824,1.60304
gpu-enqueue,PUT-target,8192,1,3.50413us/op
PUT-target,8192,2,500,40.8655,1.6037
gpu-enqueue,PUT-target,8192,2,3.50214us/op
PUT-target,8192,3,500,40.9268,1.6013
gpu-enqueue,PUT-target,8192,3,3.50099us/op
PUT-target,8192,4,500,41.1259,1.59355
gpu-enqueue,PUT-target,8192,4,3.50112us/op
PUT-target,8192,5,500,40.9096,1.60197
gpu-enqueue,PUT-target,8192,5,3.50086us/op
PUT-target,65536,1,200,50.2968,10.4239
gpu-enqueue,PUT-target,65536,1,3.49952us/op
PUT-target,65536,2,200,50.2254,10.4387
gpu-enqueue,PUT-target,65536,2,3.50816us/op
PUT-target,65536,3,200,50.0907,10.4668
gpu-enqueue,PUT-target,65536,3,3.50384us/op
PUT-target,65536,4,200,49.9942,10.487
gpu-enqueue,PUT-target,65536,4,3.50624us/op
PUT-target,65536,5,200,50.1003,10.4648
gpu-enqueue,PUT-target,65536,5,3.49504us/op
PUT-pipelined,8192,1,32768,1.1291,58.0429
gpu-enqueue,PUT-pipelined,8192,1,2.89181us/op
PUT-pipelined,8192,2,32768,1.11285,58.8901
gpu-enqueue,PUT-pipelined,8192,2,2.86732us/op
PUT-pipelined,8192,3,32768,1.11462,58.7966
gpu-enqueue,PUT-pipelined,8192,3,2.86779us/op
PUT-pipelined,8192,4,32768,1.11332,58.8654
gpu-enqueue,PUT-pipelined,8192,4,2.87198us/op
PUT-pipelined,8192,5,32768,1.1114,58.9673
gpu-enqueue,PUT-pipelined,8192,5,2.86951us/op
PUT-pipelined,65536,1,8192,1.80903,289.817
gpu-enqueue,PUT-pipelined,65536,1,2.85363us/op
PUT-pipelined,65536,2,8192,1.79395,292.253
gpu-enqueue,PUT-pipelined,65536,2,2.84305us/op
PUT-pipelined,65536,3,8192,1.798,291.595
gpu-enqueue,PUT-pipelined,65536,3,2.83932us/op
PUT-pipelined,65536,4,8192,1.7963,291.872
gpu-enqueue,PUT-pipelined,65536,4,2.83663us/op
PUT-pipelined,65536,5,8192,1.79579,291.955
gpu-enqueue,PUT-pipelined,65536,5,2.8385us/op
PUT-pipelined,1048576,1,1024,21.5292,389.638
gpu-enqueue,PUT-pipelined,1048576,1,3.38994us/op
PUT-pipelined,1048576,2,1024,21.5268,389.681
gpu-enqueue,PUT-pipelined,1048576,2,3.36972us/op
PUT-pipelined,1048576,3,1024,21.5212,389.784
gpu-enqueue,PUT-pipelined,1048576,3,3.3515us/op
PUT-pipelined,1048576,4,1024,21.5246,389.723
gpu-enqueue,PUT-pipelined,1048576,4,3.38228us/op
PUT-pipelined,1048576,5,1024,21.5219,389.771
gpu-enqueue,PUT-pipelined,1048576,5,3.38131us/op
