host=pool0-0321 cuda_visible=0 commit=8e9e25ee dirty=0
backend_param,proxy_max_peers=1
backend_param,efa_proxy_ordering=sender
backend_param,proxy_thread_count=1
backend_param,proxy_channel_count=1
backend_param,device_proxy=true
backend,LIBFABRIC
pipeline_window,32
pipeline_channels,1
proxy_workers,1
engine_progress_thread,1
ordering_rounds,0
minimum_size,1
put_only,0
counter_memory,gpu
device_proxy,1
host_xfer,0
test,size_B,trial,iterations,mean_us,payload_Gbit_s
PUT-ordered-signal-pingpong,8,1,1000,115.316,0.000554996
gpu-enqueue,PUT-ordered-signal-pingpong,8,1,3.23464us/op
PUT-ordered-signal-pingpong,8,2,1000,114.693,0.000558012
gpu-enqueue,PUT-ordered-signal-pingpong,8,2,3.23406us/op
PUT-ordered-signal-pingpong,8,3,1000,114.597,0.000558478
gpu-enqueue,PUT-ordered-signal-pingpong,8,3,3.23635us/op
PUT-ordered-signal-pingpong,8,4,1000,114.735,0.000557807
gpu-enqueue,PUT-ordered-signal-pingpong,8,4,3.23946us/op
PUT-ordered-signal-pingpong,8,5,1000,114.798,0.000557503
gpu-enqueue,PUT-ordered-signal-pingpong,8,5,3.23781us/op
PUT-target,8,1,1000,38.8778,0.00164619
gpu-enqueue,PUT-target,8,1,3.55286us/op
PUT-ordered-signal,8,1,1000,76.9748,0.000831441
gpu-enqueue,PUT-ordered-signal,8,1,3.37544us/op
PUT-target,8,2,1000,38.2408,0.0016736
gpu-enqueue,PUT-target,8,2,3.55443us/op
PUT-ordered-signal,8,2,1000,76.2744,0.000839075
gpu-enqueue,PUT-ordered-signal,8,2,3.3737us/op
PUT-target,8,3,1000,38.2477,0.0016733
gpu-enqueue,PUT-target,8,3,3.53658us/op
PUT-ordered-signal,8,3,1000,76.2949,0.00083885
gpu-enqueue,PUT-ordered-signal,8,3,3.3733us/op
PUT-target,8,4,1000,38.2638,0.0016726
gpu-enqueue,PUT-target,8,4,3.53923us/op
PUT-ordered-signal,8,4,1000,76.5353,0.000836215
gpu-enqueue,PUT-ordered-signal,8,4,3.37296us/op
PUT-target,8,5,1000,38.4282,0.00166545
gpu-enqueue,PUT-target,8,5,3.54208us/op
PUT-ordered-signal,8,5,1000,76.498,0.000836624
gpu-enqueue,PUT-ordered-signal,8,5,3.37648us/op
PUT-target,64,1,1000,38.3375,0.0133551
gpu-enqueue,PUT-target,64,1,3.53978us/op
PUT-ordered-signal,64,1,1000,76.646,0.00668006
gpu-enqueue,PUT-ordered-signal,64,1,3.37424us/op
PUT-target,64,2,1000,38.4924,0.0133013
gpu-enqueue,PUT-target,64,2,3.53837us/op
PUT-ordered-signal,64,2,1000,76.858,0.00666163
gpu-enqueue,PUT-ordered-signal,64,2,3.37506us/op
PUT-target,64,3,1000,38.4432,0.0133183
gpu-enqueue,PUT-target,64,3,3.54995us/op
PUT-ordered-signal,64,3,1000,76.035,0.00673374
gpu-enqueue,PUT-ordered-signal,64,3,3.37494us/op
PUT-target,64,4,1000,38.5149,0.0132936
gpu-enqueue,PUT-target,64,4,3.54038us/op
PUT-ordered-signal,64,4,1000,75.4138,0.00678921
gpu-enqueue,PUT-ordered-signal,64,4,3.31122us/op
PUT-target,64,5,1000,37.7761,0.0135535
gpu-enqueue,PUT-target,64,5,3.45584us/op
PUT-ordered-signal,64,5,1000,74.9292,0.00683311
gpu-enqueue,PUT-ordered-signal,64,5,3.28296us/op
PUT-target,128,1,1000,37.7969,0.0270921
gpu-enqueue,PUT-target,128,1,3.45658us/op
PUT-ordered-signal,128,1,1000,75.0061,0.0136522
gpu-enqueue,PUT-ordered-signal,128,1,3.28178us/op
PUT-target,128,2,1000,37.8026,0.0270881
gpu-enqueue,PUT-target,128,2,3.4625us/op
PUT-ordered-signal,128,2,1000,74.8833,0.0136746
gpu-enqueue,PUT-ordered-signal,128,2,3.28182us/op
PUT-target,128,3,1000,37.6722,0.0271819
gpu-enqueue,PUT-target,128,3,3.45616us/op
PUT-ordered-signal,128,3,1000,74.9855,0.013656
gpu-enqueue,PUT-ordered-signal,128,3,3.28261us/op
PUT-target,128,4,1000,37.7607,0.0271181
gpu-enqueue,PUT-target,128,4,3.45683us/op
PUT-ordered-signal,128,4,1000,74.936,0.013665
gpu-enqueue,PUT-ordered-signal,128,4,3.28019us/op
PUT-target,128,5,1000,37.7081,0.027156
gpu-enqueue,PUT-target,128,5,3.46432us/op
PUT-ordered-signal,128,5,1000,74.8664,0.0136777
gpu-enqueue,PUT-ordered-signal,128,5,3.28179us/op
PUT-target,8192,1,500,40.6449,1.6124
gpu-enqueue,PUT-target,8192,1,3.45587us/op
PUT-ordered-signal,8192,1,500,78.0513,0.839653
gpu-enqueue,PUT-ordered-signal,8192,1,3.28285us/op
PUT-target,8192,2,500,40.9158,1.60173
gpu-enqueue,PUT-target,8192,2,3.45626us/op
PUT-ordered-signal,8192,2,500,78.1565,0.838522
gpu-enqueue,PUT-ordered-signal,8192,2,3.28208us/op
PUT-target,8192,3,500,40.7354,1.60882
gpu-enqueue,PUT-target,8192,3,3.46502us/op
PUT-ordered-signal,8192,3,500,78.1635,0.838447
gpu-enqueue,PUT-ordered-signal,8192,3,3.28144us/op
PUT-target,8192,4,500,40.791,1.60663
gpu-enqueue,PUT-target,8192,4,3.4688us/op
PUT-ordered-signal,8192,4,500,78.3539,0.836411
gpu-enqueue,PUT-ordered-signal,8192,4,3.27965us/op
PUT-target,8192,5,500,40.9384,1.60085
gpu-enqueue,PUT-target,8192,5,3.45965us/op
PUT-ordered-signal,8192,5,500,78.3247,0.836722
gpu-enqueue,PUT-ordered-signal,8192,5,3.28051us/op
PUT-target,65536,1,200,50.3373,10.4155
gpu-enqueue,PUT-target,65536,1,3.5016us/op
PUT-ordered-signal,65536,1,200,87.9686,5.95994
gpu-enqueue,PUT-ordered-signal,65536,1,3.38528us/op
PUT-target,65536,2,200,50.6149,10.3584
gpu-enqueue,PUT-target,65536,2,3.53216us/op
PUT-ordered-signal,65536,2,200,87.9024,5.96443
gpu-enqueue,PUT-ordered-signal,65536,2,3.37848us/op
PUT-target,65536,3,200,50.7411,10.3326
gpu-enqueue,PUT-target,65536,3,3.53968us/op
PUT-ordered-signal,65536,3,200,87.7506,5.97475
gpu-enqueue,PUT-ordered-signal,65536,3,3.36784us/op
PUT-target,65536,4,200,50.4728,10.3875
gpu-enqueue,PUT-target,65536,4,3.52896us/op
PUT-ordered-signal,65536,4,200,87.7074,5.9777
gpu-enqueue,PUT-ordered-signal,65536,4,3.384us/op
PUT-target,65536,5,200,50.5027,10.3814
gpu-enqueue,PUT-target,65536,5,3.5416us/op
PUT-ordered-signal,65536,5,200,88.2478,5.94109
gpu-enqueue,PUT-ordered-signal,65536,5,3.3664us/op
PUT-pipelined,8192,1,8192,4.20809,15.5738
gpu-enqueue,PUT-pipelined,8192,1,2.87053us/op
PUT-batch-signal,8192,1,8192,5.28199,12.4074
gpu-enqueue,PUT-batch-signal,8192,1,2.92293us/op
PUT-pipelined,8192,2,8192,4.10682,15.9578
gpu-enqueue,PUT-pipelined,8192,2,2.78882us/op
PUT-batch-signal,8192,2,8192,5.19808,12.6077
gpu-enqueue,PUT-batch-signal,8192,2,2.8625us/op
PUT-pipelined,8192,3,8192,4.11353,15.9318
gpu-enqueue,PUT-pipelined,8192,3,2.79221us/op
PUT-batch-signal,8192,3,8192,5.20403,12.5933
gpu-enqueue,PUT-batch-signal,8192,3,2.86226us/op
PUT-pipelined,8192,4,8192,4.1107,15.9428
gpu-enqueue,PUT-pipelined,8192,4,2.78992us/op
PUT-batch-signal,8192,4,8192,5.19885,12.6059
gpu-enqueue,PUT-batch-signal,8192,4,2.86708us/op
PUT-pipelined,8192,5,8192,4.11139,15.9401
gpu-enqueue,PUT-pipelined,8192,5,2.78936us/op
PUT-batch-signal,8192,5,8192,5.2054,12.59
gpu-enqueue,PUT-batch-signal,8192,5,2.864us/op
PUT-pipelined,65536,1,2048,4.41631,118.716
gpu-enqueue,PUT-pipelined,65536,1,2.7757us/op
PUT-batch-signal,65536,1,2048,5.51123,95.1308
gpu-enqueue,PUT-batch-signal,65536,1,2.84782us/op
PUT-pipelined,65536,2,2048,4.4055,119.008
gpu-enqueue,PUT-pipelined,65536,2,2.7747us/op
PUT-batch-signal,65536,2,2048,5.51638,95.0421
gpu-enqueue,PUT-batch-signal,65536,2,2.84915us/op
PUT-pipelined,65536,3,2048,4.40511,119.018
gpu-enqueue,PUT-pipelined,65536,3,2.77314us/op
PUT-batch-signal,65536,3,2048,5.52398,94.9112
gpu-enqueue,PUT-batch-signal,65536,3,2.84448us/op
PUT-pipelined,65536,4,2048,4.42236,118.554
gpu-enqueue,PUT-pipelined,65536,4,2.77333us/op
PUT-batch-signal,65536,4,2048,5.52634,94.8707
gpu-enqueue,PUT-batch-signal,65536,4,2.84814us/op
PUT-pipelined,65536,5,2048,4.41606,118.723
gpu-enqueue,PUT-pipelined,65536,5,2.77233us/op
PUT-batch-signal,65536,5,2048,5.50564,95.2274
gpu-enqueue,PUT-batch-signal,65536,5,2.84629us/op
PUT-pipelined,1048576,1,256,23.586,355.66
gpu-enqueue,PUT-pipelined,1048576,1,2.751us/op
PUT-batch-signal,1048576,1,256,24.5817,341.253
gpu-enqueue,PUT-batch-signal,1048576,1,2.82667us/op
PUT-pipelined,1048576,2,256,23.4623,357.536
gpu-enqueue,PUT-pipelined,1048576,2,2.75225us/op
PUT-batch-signal,1048576,2,256,24.6714,340.014
gpu-enqueue,PUT-batch-signal,1048576,2,2.83188us/op
PUT-pipelined,1048576,3,256,23.566,355.962
gpu-enqueue,PUT-pipelined,1048576,3,2.752us/op
PUT-batch-signal,1048576,3,256,24.6459,340.366
gpu-enqueue,PUT-batch-signal,1048576,3,2.83261us/op
PUT-pipelined,1048576,4,256,23.4964,357.017
gpu-enqueue,PUT-pipelined,1048576,4,2.75488us/op
PUT-batch-signal,1048576,4,256,24.6701,340.031
gpu-enqueue,PUT-batch-signal,1048576,4,2.82776us/op
PUT-pipelined,1048576,5,256,23.4529,357.679
gpu-enqueue,PUT-pipelined,1048576,5,2.757us/op
PUT-batch-signal,1048576,5,256,24.6092,340.872
gpu-enqueue,PUT-batch-signal,1048576,5,2.83224us/op
