host=pool0-0321 cuda_visible=0 commit=8e9e25ee dirty=0
backend_param,proxy_max_peers=1
backend_param,efa_proxy_ordering=sender
backend_param,proxy_thread_count=4
backend_param,proxy_channel_count=4
backend_param,device_proxy=true
backend,LIBFABRIC
pipeline_window,32
pipeline_channels,4
proxy_workers,4
engine_progress_thread,1
ordering_rounds,0
minimum_size,1
put_only,1
counter_memory,gpu
device_proxy,1
host_xfer,0
test,size_B,trial,iterations,mean_us,payload_Gbit_s
HOST-concurrent,1048576,1,11912,46.6385,179.864
PUT-pipelined,16384,1,262144,2.11827,61.8769
gpu-enqueue,PUT-pipelined,16384,1,3.16622us/op
HOST-concurrent,1048576,2,12544,44.1665,189.932
PUT-pipelined,16384,2,262144,2.11265,62.0415
gpu-enqueue,PUT-pipelined,16384,2,3.15599us/op
HOST-concurrent,1048576,3,11976,45.212,185.539
PUT-pipelined,16384,3,262144,2.06472,63.4818
gpu-enqueue,PUT-pipelined,16384,3,3.16411us/op
HOST-concurrent,1048576,4,12136,44.9712,186.533
PUT-pipelined,16384,4,262144,2.08186,62.9592
gpu-enqueue,PUT-pipelined,16384,4,3.15876us/op
HOST-concurrent,1048576,5,12184,44.8008,187.242
PUT-pipelined,16384,5,262144,2.0815,62.9701
gpu-enqueue,PUT-pipelined,16384,5,3.15463us/op
