host=pool0-0321 cuda_visible=0 commit=8e9e25ee dirty=0
backend_param,proxy_max_peers=1
backend_param,efa_proxy_ordering=sender
backend_param,proxy_thread_count=4
backend_param,proxy_channel_count=4
backend_param,device_proxy=true
backend,LIBFABRIC
pipeline_window,32
pipeline_channels,4
proxy_workers,4
engine_progress_thread,1
ordering_rounds,0
minimum_size,1
put_only,1
counter_memory,gpu
device_proxy,1
host_xfer,1
test,size_B,trial,iterations,mean_us,payload_Gbit_s
HOST-write,65536,1,400,46.5328,180.273
HOST-write,65536,2,400,46.3784,180.873
HOST-write,65536,3,400,46.6745,179.726
HOST-write,65536,4,400,46.7949,179.263
HOST-write,65536,5,400,45.9414,182.594
HOST-write,1048576,1,400,41.0262,204.469
HOST-write,1048576,2,400,41.1433,203.887
HOST-write,1048576,3,400,41.6689,201.316
HOST-write,1048576,4,400,41.5981,201.658
HOST-write,1048576,5,400,41.522,202.028
