host=pool0-0321 cuda_visible=0 commit=8e9e25ee dirty=0
backend_param,proxy_max_peers=1
backend_param,efa_proxy_ordering=sender
backend_param,proxy_thread_count=4
backend_param,proxy_channel_count=4
backend_param,device_proxy=true
backend,LIBFABRIC
pipeline_window,32
pipeline_channels,4
proxy_workers,4
engine_progress_thread,1
ordering_rounds,0
minimum_size,1
put_only,1
counter_memory,gpu
device_proxy,1
host_xfer,0
test,size_B,trial,iterations,mean_us,payload_Gbit_s
HOST-concurrent,1048576,1,11152,48.3876,173.363
PUT-pipelined,16384,1,262144,2.05781,63.6948
gpu-enqueue,PUT-pipelined,16384,1,3.16525us/op
HOST-concurrent,1048576,2,14264,41.7792,200.785
PUT-pipelined,16384,2,262144,2.2728,57.6699
gpu-enqueue,PUT-pipelined,16384,2,3.10573us/op
HOST-concurrent,1048576,3,14344,41.9152,200.133
PUT-pipelined,16384,3,262144,2.29315,57.158
gpu-enqueue,PUT-pipelined,16384,3,3.10761us/op
HOST-concurrent,1048576,4,14480,41.8646,200.375
PUT-pipelined,16384,4,262144,2.31218,56.6877
gpu-enqueue,PUT-pipelined,16384,4,3.10807us/op
HOST-concurrent,1048576,5,14640,41.6936,201.197
PUT-pipelined,16384,5,262144,2.32725,56.3206
gpu-enqueue,PUT-pipelined,16384,5,3.10162us/op
