host=pool0-0321 cuda_visible=0 commit=8e9e25ee dirty=0
backend_param,proxy_max_peers=1
backend_param,efa_proxy_ordering=sender
backend_param,proxy_thread_count=4
backend_param,proxy_channel_count=4
backend_param,device_proxy=true
backend,LIBFABRIC
pipeline_window,32
pipeline_channels,4
proxy_workers,4
engine_progress_thread,1
ordering_rounds,0
minimum_size,1
put_only,1
counter_memory,gpu
device_proxy,1
host_xfer,0
test,size_B,trial,iterations,mean_us,payload_Gbit_s
PUT-target,8,1,1000,36.9965,0.00172989
gpu-enqueue,PUT-target,8,1,3.43619us/op
PUT-target,8,2,1000,36.8884,0.00173497
gpu-enqueue,PUT-target,8,2,3.42877us/op
PUT-target,8,3,1000,36.98,0.00173066
gpu-enqueue,PUT-target,8,3,3.42909us/op
PUT-target,8,4,1000,36.8362,0.00173742
gpu-enqueue,PUT-target,8,4,3.43395us/op
PUT-target,8,5,1000,36.867,0.00173597
gpu-enqueue,PUT-target,8,5,3.43098us/op
PUT-target,64,1,1000,37.0304,0.0138265
gpu-enqueue,PUT-target,64,1,3.43533us/op
PUT-target,64,2,1000,36.9468,0.0138578
gpu-enqueue,PUT-target,64,2,3.43155us/op
PUT-target,64,3,1000,36.9873,0.0138426
gpu-enqueue,PUT-target,64,3,3.43066us/op
PUT-target,64,4,1000,36.997,0.013839
gpu-enqueue,PUT-target,64,4,3.43587us/op
PUT-target,64,5,1000,36.894,0.0138776
gpu-enqueue,PUT-target,64,5,3.43405us/op
PUT-target,128,1,1000,36.9797,0.0276909
gpu-enqueue,PUT-target,128,1,3.43222us/op
PUT-target,128,2,1000,37.0434,0.0276433
gpu-enqueue,PUT-target,128,2,3.43392us/op
PUT-target,128,3,1000,37.0853,0.027612
gpu-enqueue,PUT-target,128,3,3.43408us/op
PUT-target,128,4,1000,36.999,0.0276764
gpu-enqueue,PUT-target,128,4,3.43187us/op
PUT-target,128,5,1000,37.1408,0.0275708
gpu-enqueue,PUT-target,128,5,3.4335us/op
PUT-target,8192,1,500,40.0508,1.63632
gpu-enqueue,PUT-target,8192,1,3.44186us/op
PUT-target,8192,2,500,40.2486,1.62828
gpu-enqueue,PUT-target,8192,2,3.45306us/op
PUT-target,8192,3,500,39.822,1.64573
gpu-enqueue,PUT-target,8192,3,3.43725us/op
PUT-target,8192,4,500,39.7884,1.64711
gpu-enqueue,PUT-target,8192,4,3.43725us/op
PUT-target,8192,5,500,39.8017,1.64656
gpu-enqueue,PUT-target,8192,5,3.44698us/op
PUT-target,65536,1,200,49.0989,10.6782
gpu-enqueue,PUT-target,65536,1,3.42784us/op
PUT-target,65536,2,200,49.0853,10.6812
gpu-enqueue,PUT-target,65536,2,3.42416us/op
PUT-target,65536,3,200,48.9869,10.7026
gpu-enqueue,PUT-target,65536,3,3.42128us/op
PUT-target,65536,4,200,48.8144,10.7404
gpu-enqueue,PUT-target,65536,4,3.42496us/op
PUT-target,65536,5,200,48.9373,10.7135
gpu-enqueue,PUT-target,65536,5,3.42672us/op
PUT-pipelined,8192,1,32768,1.11153,58.9604
gpu-enqueue,PUT-pipelined,8192,1,2.8934us/op
PUT-pipelined,8192,2,32768,1.12045,58.491
gpu-enqueue,PUT-pipelined,8192,2,2.89384us/op
PUT-pipelined,8192,3,32768,1.11671,58.6866
gpu-enqueue,PUT-pipelined,8192,3,2.89015us/op
PUT-pipelined,8192,4,32768,1.12068,58.4786
gpu-enqueue,PUT-pipelined,8192,4,2.8926us/op
PUT-pipelined,8192,5,32768,1.11927,58.5522
gpu-enqueue,PUT-pipelined,8192,5,2.89541us/op
PUT-pipelined,65536,1,8192,1.79735,291.7
gpu-enqueue,PUT-pipelined,65536,1,2.87053us/op
PUT-pipelined,65536,2,8192,1.79714,291.734
gpu-enqueue,PUT-pipelined,65536,2,2.86553us/op
PUT-pipelined,65536,3,8192,1.80474,290.506
gpu-enqueue,PUT-pipelined,65536,3,2.87138us/op
PUT-pipelined,65536,4,8192,1.79945,291.36
gpu-enqueue,PUT-pipelined,65536,4,2.86923us/op
PUT-pipelined,65536,5,8192,1.79868,291.485
gpu-enqueue,PUT-pipelined,65536,5,2.86996us/op
PUT-pipelined,1048576,1,1024,21.5191,389.821
gpu-enqueue,PUT-pipelined,1048576,1,3.40791us/op
PUT-pipelined,1048576,2,1024,21.5334,389.562
gpu-enqueue,PUT-pipelined,1048576,2,3.40391us/op
PUT-pipelined,1048576,3,1024,21.527,389.679
gpu-enqueue,PUT-pipelined,1048576,3,3.40384us/op
PUT-pipelined,1048576,4,1024,21.5189,389.824
gpu-enqueue,PUT-pipelined,1048576,4,3.40681us/op
PUT-pipelined,1048576,5,1024,21.5223,389.763
gpu-enqueue,PUT-pipelined,1048576,5,3.40713us/op
