host=pool0-0321 cuda_visible=0 commit=8e9e25ee dirty=0
backend_param,proxy_max_peers=1
backend_param,efa_proxy_ordering=sender
backend_param,proxy_thread_count=4
backend_param,proxy_channel_count=4
backend_param,device_proxy=true
backend,LIBFABRIC
pipeline_window,32
pipeline_channels,4
proxy_workers,4
engine_progress_thread,1
ordering_rounds,0
minimum_size,1
put_only,1
counter_memory,gpu
device_proxy,1
host_xfer,0
test,size_B,trial,iterations,mean_us,payload_Gbit_s
PUT-target,8,1,1000,37.232,0.00171895
gpu-enqueue,PUT-target,8,1,3.4545us/op
PUT-target,8,2,1000,36.9114,0.00173388
gpu-enqueue,PUT-target,8,2,3.41507us/op
PUT-target,8,3,1000,37.0019,0.00172964
gpu-enqueue,PUT-target,8,3,3.41616us/op
PUT-target,8,4,1000,36.8628,0.00173617
gpu-enqueue,PUT-target,8,4,3.41363us/op
PUT-target,8,5,1000,36.884,0.00173517
gpu-enqueue,PUT-target,8,5,3.41798us/op
PUT-target,64,1,1000,37.0497,0.0138193
gpu-enqueue,PUT-target,64,1,3.41757us/op
PUT-target,64,2,1000,37.044,0.0138214
gpu-enqueue,PUT-target,64,2,3.41443us/op
PUT-target,64,3,1000,37.096,0.013802
gpu-enqueue,PUT-target,64,3,3.41709us/op
PUT-target,64,4,1000,37.0021,0.013837
gpu-enqueue,PUT-target,64,4,3.41923us/op
PUT-target,64,5,1000,36.9376,0.0138612
gpu-enqueue,PUT-target,64,5,3.41562us/op
PUT-target,128,1,1000,37.0767,0.0276184
gpu-enqueue,PUT-target,128,1,3.4177us/op
PUT-target,128,2,1000,37.001,0.0276749
gpu-enqueue,PUT-target,128,2,3.4137us/op
PUT-target,128,3,1000,36.9094,0.0277436
gpu-enqueue,PUT-target,128,3,3.41744us/op
PUT-target,128,4,1000,37.0253,0.0276568
gpu-enqueue,PUT-target,128,4,3.41536us/op
PUT-target,128,5,1000,37.0104,0.0276679
gpu-enqueue,PUT-target,128,5,3.41504us/op
PUT-target,8192,1,500,39.9378,1.64095
gpu-enqueue,PUT-target,8192,1,3.42362us/op
PUT-target,8192,2,500,39.7853,1.64724
gpu-enqueue,PUT-target,8192,2,3.42682us/op
PUT-target,8192,3,500,39.8054,1.64641
gpu-enqueue,PUT-target,8192,3,3.41837us/op
PUT-target,8192,4,500,39.7742,1.6477
gpu-enqueue,PUT-target,8192,4,3.42131us/op
PUT-target,8192,5,500,39.8161,1.64597
gpu-enqueue,PUT-target,8192,5,3.42266us/op
PUT-target,65536,1,200,48.8048,10.7425
gpu-enqueue,PUT-target,65536,1,3.42368us/op
PUT-target,65536,2,200,48.9747,10.7053
gpu-enqueue,PUT-target,65536,2,3.41536us/op
PUT-target,65536,3,200,48.911,10.7192
gpu-enqueue,PUT-target,65536,3,3.41888us/op
PUT-target,65536,4,200,48.7075,10.764
gpu-enqueue,PUT-target,65536,4,3.42288us/op
PUT-target,65536,5,200,49.0016,10.6994
gpu-enqueue,PUT-target,65536,5,3.42704us/op
PUT-pipelined,8192,1,32768,1.11544,58.7535
gpu-enqueue,PUT-pipelined,8192,1,2.8797us/op
PUT-pipelined,8192,2,32768,1.11619,58.714
gpu-enqueue,PUT-pipelined,8192,2,2.87739us/op
PUT-pipelined,8192,3,32768,1.11746,58.6471
gpu-enqueue,PUT-pipelined,8192,3,2.87934us/op
PUT-pipelined,8192,4,32768,1.12091,58.4667
gpu-enqueue,PUT-pipelined,8192,4,2.88294us/op
PUT-pipelined,8192,5,32768,1.11975,58.5274
gpu-enqueue,PUT-pipelined,8192,5,2.87946us/op
PUT-pipelined,65536,1,8192,1.80286,290.809
gpu-enqueue,PUT-pipelined,65536,1,2.85896us/op
PUT-pipelined,65536,2,8192,1.79791,291.61
gpu-enqueue,PUT-pipelined,65536,2,2.85131us/op
PUT-pipelined,65536,3,8192,1.80077,291.147
gpu-enqueue,PUT-pipelined,65536,3,2.8529us/op
PUT-pipelined,65536,4,8192,1.80155,291.02
gpu-enqueue,PUT-pipelined,65536,4,2.85377us/op
PUT-pipelined,65536,5,8192,1.79579,291.953
gpu-enqueue,PUT-pipelined,65536,5,2.84902us/op
PUT-pipelined,1048576,1,1024,21.5233,389.745
gpu-enqueue,PUT-pipelined,1048576,1,3.33381us/op
PUT-pipelined,1048576,2,1024,21.5234,389.744
gpu-enqueue,PUT-pipelined,1048576,2,3.38581us/op
PUT-pipelined,1048576,3,1024,21.5216,389.777
gpu-enqueue,PUT-pipelined,1048576,3,3.39103us/op
PUT-pipelined,1048576,4,1024,21.5193,389.818
gpu-enqueue,PUT-pipelined,1048576,4,3.36397us/op
PUT-pipelined,1048576,5,1024,21.5331,389.569
gpu-enqueue,PUT-pipelined,1048576,5,3.39662us/op
