host=pool0-0321 cuda_visible=0 commit=8e9e25ee dirty=0
backend_param,proxy_max_peers=1
backend_param,efa_proxy_ordering=sender
backend_param,proxy_thread_count=1
backend_param,proxy_channel_count=1
backend_param,device_proxy=true
backend,LIBFABRIC
pipeline_window,32
pipeline_channels,1
proxy_workers,1
engine_progress_thread,1
ordering_rounds,0
minimum_size,1
put_only,0
counter_memory,gpu
device_proxy,1
host_xfer,0
test,size_B,trial,iterations,mean_us,payload_Gbit_s
PUT-ordered-signal-pingpong,8,1,1000,114.993,0.000556556
gpu-enqueue,PUT-ordered-signal-pingpong,8,1,3.23331us/op
PUT-ordered-signal-pingpong,8,2,1000,114.023,0.000561293
gpu-enqueue,PUT-ordered-signal-pingpong,8,2,3.23306us/op
PUT-ordered-signal-pingpong,8,3,1000,114.327,0.000559796
gpu-enqueue,PUT-ordered-signal-pingpong,8,3,3.23427us/op
PUT-ordered-signal-pingpong,8,4,1000,114.454,0.000559177
gpu-enqueue,PUT-ordered-signal-pingpong,8,4,3.23384us/op
PUT-ordered-signal-pingpong,8,5,1000,114.403,0.000559427
gpu-enqueue,PUT-ordered-signal-pingpong,8,5,3.23291us/op
PUT-target,8,1,1000,39.4301,0.00162312
gpu-enqueue,PUT-target,8,1,3.55846us/op
PUT-ordered-signal,8,1,1000,76.5118,0.000836472
gpu-enqueue,PUT-ordered-signal,8,1,3.3435us/op
PUT-target,8,2,1000,38.7151,0.0016531
gpu-enqueue,PUT-target,8,2,3.54358us/op
PUT-ordered-signal,8,2,1000,76.0243,0.000841836
gpu-enqueue,PUT-ordered-signal,8,2,3.3445us/op
PUT-target,8,3,1000,38.7017,0.00165368
gpu-enqueue,PUT-target,8,3,3.54707us/op
PUT-ordered-signal,8,3,1000,75.8661,0.000843591
gpu-enqueue,PUT-ordered-signal,8,3,3.34514us/op
PUT-target,8,4,1000,38.6092,0.00165764
gpu-enqueue,PUT-target,8,4,3.54234us/op
PUT-ordered-signal,8,4,1000,75.9163,0.000843034
gpu-enqueue,PUT-ordered-signal,8,4,3.34454us/op
PUT-target,8,5,1000,38.6422,0.00165622
gpu-enqueue,PUT-target,8,5,3.54221us/op
PUT-ordered-signal,8,5,1000,76.1124,0.000840861
gpu-enqueue,PUT-ordered-signal,8,5,3.34458us/op
PUT-target,64,1,1000,38.7816,0.0132021
gpu-enqueue,PUT-target,64,1,3.54493us/op
PUT-ordered-signal,64,1,1000,76.1344,0.00672495
gpu-enqueue,PUT-ordered-signal,64,1,3.34403us/op
PUT-target,64,2,1000,38.6829,0.0132358
gpu-enqueue,PUT-target,64,2,3.53658us/op
PUT-ordered-signal,64,2,1000,76.3839,0.00670299
gpu-enqueue,PUT-ordered-signal,64,2,3.34229us/op
PUT-target,64,3,1000,39.0443,0.0131133
gpu-enqueue,PUT-target,64,3,3.56355us/op
PUT-ordered-signal,64,3,1000,76.4916,0.00669355
gpu-enqueue,PUT-ordered-signal,64,3,3.33912us/op
PUT-target,64,4,1000,38.2025,0.0134023
gpu-enqueue,PUT-target,64,4,3.44461us/op
PUT-ordered-signal,64,4,1000,75.2114,0.00680748
gpu-enqueue,PUT-ordered-signal,64,4,3.26272us/op
PUT-target,64,5,1000,38.1267,0.0134289
gpu-enqueue,PUT-target,64,5,3.4456us/op
PUT-ordered-signal,64,5,1000,75.1972,0.00680876
gpu-enqueue,PUT-ordered-signal,64,5,3.26123us/op
PUT-target,128,1,1000,38.078,0.0268921
gpu-enqueue,PUT-target,128,1,3.44387us/op
PUT-ordered-signal,128,1,1000,75.0991,0.0136353
gpu-enqueue,PUT-ordered-signal,128,1,3.26525us/op
PUT-target,128,2,1000,38.0436,0.0269165
gpu-enqueue,PUT-target,128,2,3.4431us/op
PUT-ordered-signal,128,2,1000,75.1307,0.0136296
gpu-enqueue,PUT-ordered-signal,128,2,3.25842us/op
PUT-target,128,3,1000,37.9668,0.0269709
gpu-enqueue,PUT-target,128,3,3.44563us/op
PUT-ordered-signal,128,3,1000,75.3846,0.0135837
gpu-enqueue,PUT-ordered-signal,128,3,3.26096us/op
PUT-target,128,4,1000,37.993,0.0269524
gpu-enqueue,PUT-target,128,4,3.44506us/op
PUT-ordered-signal,128,4,1000,74.9307,0.013666
gpu-enqueue,PUT-ordered-signal,128,4,3.26014us/op
PUT-target,128,5,1000,37.9444,0.0269868
gpu-enqueue,PUT-target,128,5,3.44547us/op
PUT-ordered-signal,128,5,1000,74.8938,0.0136727
gpu-enqueue,PUT-ordered-signal,128,5,3.26059us/op
PUT-target,8192,1,500,40.9523,1.6003
gpu-enqueue,PUT-target,8192,1,3.44224us/op
PUT-ordered-signal,8192,1,500,78.1006,0.839123
gpu-enqueue,PUT-ordered-signal,8192,1,3.26106us/op
PUT-target,8192,2,500,41.0651,1.59591
gpu-enqueue,PUT-target,8192,2,3.44595us/op
PUT-ordered-signal,8192,2,500,78.3196,0.836777
gpu-enqueue,PUT-ordered-signal,8192,2,3.2615us/op
PUT-target,8192,3,500,41.0868,1.59506
gpu-enqueue,PUT-target,8192,3,3.44506us/op
PUT-ordered-signal,8192,3,500,78.2593,0.837421
gpu-enqueue,PUT-ordered-signal,8192,3,3.26122us/op
PUT-target,8192,4,500,41.05,1.59649
gpu-enqueue,PUT-target,8192,4,3.43923us/op
PUT-ordered-signal,8192,4,500,78.327,0.836698
gpu-enqueue,PUT-ordered-signal,8192,4,3.27875us/op
PUT-target,8192,5,500,41.7778,1.56868
gpu-enqueue,PUT-target,8192,5,3.53094us/op
PUT-ordered-signal,8192,5,500,78.9768,0.829813
gpu-enqueue,PUT-ordered-signal,8192,5,3.34378us/op
PUT-target,65536,1,200,50.893,10.3018
gpu-enqueue,PUT-target,65536,1,3.53312us/op
PUT-ordered-signal,65536,1,200,88.2024,5.94415
gpu-enqueue,PUT-ordered-signal,65536,1,3.34016us/op
PUT-target,65536,2,200,50.7581,10.3292
gpu-enqueue,PUT-target,65536,2,3.5304us/op
PUT-ordered-signal,65536,2,200,88.7357,5.90842
gpu-enqueue,PUT-ordered-signal,65536,2,3.34288us/op
PUT-target,65536,3,200,51.0922,10.2616
gpu-enqueue,PUT-target,65536,3,3.53392us/op
PUT-ordered-signal,65536,3,200,88.4416,5.92807
gpu-enqueue,PUT-ordered-signal,65536,3,3.33472us/op
PUT-target,65536,4,200,51.0446,10.2712
gpu-enqueue,PUT-target,65536,4,3.53952us/op
PUT-ordered-signal,65536,4,200,88.7362,5.90839
gpu-enqueue,PUT-ordered-signal,65536,4,3.3432us/op
PUT-target,65536,5,200,51.291,10.2218
gpu-enqueue,PUT-target,65536,5,3.5296us/op
PUT-ordered-signal,65536,5,200,88.3898,5.93155
gpu-enqueue,PUT-ordered-signal,65536,5,3.33712us/op
PUT-pipelined,8192,1,8192,4.13139,15.8629
gpu-enqueue,PUT-pipelined,8192,1,2.79024us/op
PUT-batch-signal,8192,1,8192,5.18244,12.6458
gpu-enqueue,PUT-batch-signal,8192,1,2.83809us/op
PUT-pipelined,8192,2,8192,4.12707,15.8796
gpu-enqueue,PUT-pipelined,8192,2,2.78967us/op
PUT-batch-signal,8192,2,8192,5.18689,12.6349
gpu-enqueue,PUT-batch-signal,8192,2,2.83908us/op
PUT-pipelined,8192,3,8192,4.12866,15.8734
gpu-enqueue,PUT-pipelined,8192,3,2.78988us/op
PUT-batch-signal,8192,3,8192,5.18875,12.6304
gpu-enqueue,PUT-batch-signal,8192,3,2.83876us/op
PUT-pipelined,8192,4,8192,4.13179,15.8614
gpu-enqueue,PUT-pipelined,8192,4,2.79034us/op
PUT-batch-signal,8192,4,8192,5.18902,12.6298
gpu-enqueue,PUT-batch-signal,8192,4,2.83849us/op
PUT-pipelined,8192,5,8192,4.12838,15.8745
gpu-enqueue,PUT-pipelined,8192,5,2.7893us/op
PUT-batch-signal,8192,5,8192,5.17839,12.6557
gpu-enqueue,PUT-batch-signal,8192,5,2.83984us/op
PUT-pipelined,65536,1,2048,4.42578,118.462
gpu-enqueue,PUT-pipelined,65536,1,2.77367us/op
PUT-batch-signal,65536,1,2048,5.50202,95.2902
gpu-enqueue,PUT-batch-signal,65536,1,2.81891us/op
PUT-pipelined,65536,2,2048,4.4312,118.317
gpu-enqueue,PUT-pipelined,65536,2,2.77445us/op
PUT-batch-signal,65536,2,2048,5.48941,95.5091
gpu-enqueue,PUT-batch-signal,65536,2,2.82015us/op
PUT-pipelined,65536,3,2048,4.43295,118.271
gpu-enqueue,PUT-pipelined,65536,3,2.77242us/op
PUT-batch-signal,65536,3,2048,5.49497,95.4124
gpu-enqueue,PUT-batch-signal,65536,3,2.81836us/op
PUT-pipelined,65536,4,2048,4.44313,118
gpu-enqueue,PUT-pipelined,65536,4,2.77309us/op
PUT-batch-signal,65536,4,2048,5.49447,95.4211
gpu-enqueue,PUT-batch-signal,65536,4,2.82676us/op
PUT-pipelined,65536,5,2048,4.42578,118.462
gpu-enqueue,PUT-pipelined,65536,5,2.77447us/op
PUT-batch-signal,65536,5,2048,5.52347,94.9201
gpu-enqueue,PUT-batch-signal,65536,5,2.81879us/op
PUT-pipelined,1048576,1,256,23.5192,356.67
gpu-enqueue,PUT-pipelined,1048576,1,2.7535us/op
PUT-batch-signal,1048576,1,256,24.6502,340.305
gpu-enqueue,PUT-batch-signal,1048576,1,2.80242us/op
PUT-pipelined,1048576,2,256,23.5709,355.889
gpu-enqueue,PUT-pipelined,1048576,2,2.76025us/op
PUT-batch-signal,1048576,2,256,24.59,341.139
gpu-enqueue,PUT-batch-signal,1048576,2,2.79915us/op
PUT-pipelined,1048576,3,256,23.4976,356.998
gpu-enqueue,PUT-pipelined,1048576,3,2.75438us/op
PUT-batch-signal,1048576,3,256,24.6935,339.709
gpu-enqueue,PUT-batch-signal,1048576,3,2.79915us/op
PUT-pipelined,1048576,4,256,23.554,356.144
gpu-enqueue,PUT-pipelined,1048576,4,2.75438us/op
PUT-batch-signal,1048576,4,256,24.6836,339.845
gpu-enqueue,PUT-batch-signal,1048576,4,2.80182us/op
PUT-pipelined,1048576,5,256,23.477,357.312
gpu-enqueue,PUT-pipelined,1048576,5,2.75612us/op
PUT-batch-signal,1048576,5,256,24.6731,339.99
gpu-enqueue,PUT-batch-signal,1048576,5,2.80339us/op
