host=pool0-0321 cuda_visible=0 commit=8e9e25ee dirty=0
backend_param,proxy_max_peers=1
backend_param,efa_proxy_ordering=sender
backend_param,proxy_thread_count=4
backend_param,proxy_channel_count=4
backend_param,device_proxy=true
backend,LIBFABRIC
pipeline_window,32
pipeline_channels,4
proxy_workers,4
engine_progress_thread,1
ordering_rounds,0
minimum_size,1
put_only,1
counter_memory,gpu
device_proxy,1
host_xfer,0
test,size_B,trial,iterations,mean_us,payload_Gbit_s
HOST-concurrent,1048576,1,12968,44.5702,188.211
PUT-pipelined,16384,1,262144,2.20471,59.4508
gpu-enqueue,PUT-pipelined,16384,1,3.12303us/op
HOST-concurrent,1048576,2,14128,41.7985,200.691
PUT-pipelined,16384,2,262144,2.25159,58.2132
gpu-enqueue,PUT-pipelined,16384,2,3.10104us/op
HOST-concurrent,1048576,3,14040,42.0356,199.56
PUT-pipelined,16384,3,262144,2.25123,58.2224
gpu-enqueue,PUT-pipelined,16384,3,3.10607us/op
HOST-concurrent,1048576,4,14088,42.0787,199.355
PUT-pipelined,16384,4,262144,2.26106,57.9692
gpu-enqueue,PUT-pipelined,16384,4,3.1063us/op
HOST-concurrent,1048576,5,14104,41.8666,200.365
PUT-pipelined,16384,5,262144,2.25189,58.2052
gpu-enqueue,PUT-pipelined,16384,5,3.10397us/op
