host=pool0-0101 cuda_visible=0 commit=5a762a8e dirty=0
backend,LIBFABRIC
pipeline_window,32
pipeline_channels,4
proxy_workers,4
engine_progress_thread,1
ordering_rounds,0
minimum_size,1
put_only,1
counter_memory,gpu
device_proxy,1
host_xfer,0
test,size_B,trial,iterations,mean_us,payload_Gbit_s
PUT-target,8,1,1000,38.0476,0.0016821
gpu-enqueue,PUT-target,8,1,3.56771us/op
PUT-target,8,2,1000,38.0018,0.00168413
gpu-enqueue,PUT-target,8,2,3.57053us/op
PUT-target,8,3,1000,38.1257,0.00167866
gpu-enqueue,PUT-target,8,3,3.56605us/op
PUT-target,8,4,1000,38.1954,0.0016756
gpu-enqueue,PUT-target,8,4,3.57098us/op
PUT-target,8,5,1000,38.0866,0.00168038
gpu-enqueue,PUT-target,8,5,3.57075us/op
PUT-target,64,1,1000,38.1848,0.0134085
gpu-enqueue,PUT-target,64,1,3.57405us/op
PUT-target,64,2,1000,38.0719,0.0134482
gpu-enqueue,PUT-target,64,2,3.56726us/op
PUT-target,64,3,1000,38.164,0.0134158
gpu-enqueue,PUT-target,64,3,3.56944us/op
PUT-target,64,4,1000,38.2596,0.0133823
gpu-enqueue,PUT-target,64,4,3.57747us/op
PUT-target,64,5,1000,38.1371,0.0134252
gpu-enqueue,PUT-target,64,5,3.57158us/op
PUT-target,128,1,1000,38.2135,0.0267968
gpu-enqueue,PUT-target,128,1,3.56454us/op
PUT-target,128,2,1000,38.0997,0.0268768
gpu-enqueue,PUT-target,128,2,3.5688us/op
PUT-target,128,3,1000,38.0973,0.0268785
gpu-enqueue,PUT-target,128,3,3.57405us/op
PUT-target,128,4,1000,38.2163,0.0267949
gpu-enqueue,PUT-target,128,4,3.5921us/op
PUT-target,128,5,1000,38.1938,0.0268107
gpu-enqueue,PUT-target,128,5,3.5704us/op
PUT-target,8192,1,500,40.9991,1.59847
gpu-enqueue,PUT-target,8192,1,3.56531us/op
PUT-target,8192,2,500,40.9359,1.60094
gpu-enqueue,PUT-target,8192,2,3.56947us/op
PUT-target,8192,3,500,41.0637,1.59596
gpu-enqueue,PUT-target,8192,3,3.56416us/op
PUT-target,8192,4,500,41.089,1.59498
gpu-enqueue,PUT-target,8192,4,3.56371us/op
PUT-target,8192,5,500,41.049,1.59653
gpu-enqueue,PUT-target,8192,5,3.56614us/op
PUT-target,65536,1,200,50.1658,10.4511
gpu-enqueue,PUT-target,65536,1,3.5736us/op
PUT-target,65536,2,200,50.1163,10.4614
gpu-enqueue,PUT-target,65536,2,3.57104us/op
PUT-target,65536,3,200,49.9696,10.4921
gpu-enqueue,PUT-target,65536,3,3.56064us/op
PUT-target,65536,4,200,50.2077,10.4424
gpu-enqueue,PUT-target,65536,4,3.56032us/op
PUT-target,65536,5,200,50.2786,10.4277
gpu-enqueue,PUT-target,65536,5,3.56896us/op
PUT-pipelined,8192,1,32768,1.10528,59.2936
gpu-enqueue,PUT-pipelined,8192,1,2.89415us/op
PUT-pipelined,8192,2,32768,1.19002,55.0712
gpu-enqueue,PUT-pipelined,8192,2,2.95593us/op
PUT-pipelined,8192,3,32768,1.11078,59.0001
gpu-enqueue,PUT-pipelined,8192,3,2.89156us/op
PUT-pipelined,8192,4,32768,1.10944,59.0711
gpu-enqueue,PUT-pipelined,8192,4,2.89101us/op
PUT-pipelined,8192,5,32768,1.11326,58.8684
gpu-enqueue,PUT-pipelined,8192,5,2.89248us/op
PUT-pipelined,65536,1,8192,1.79943,291.363
gpu-enqueue,PUT-pipelined,65536,1,2.86981us/op
PUT-pipelined,65536,2,8192,1.80464,290.521
gpu-enqueue,PUT-pipelined,65536,2,2.87298us/op
PUT-pipelined,65536,3,8192,1.80266,290.842
gpu-enqueue,PUT-pipelined,65536,3,2.86555us/op
PUT-pipelined,65536,4,8192,1.80725,290.102
gpu-enqueue,PUT-pipelined,65536,4,2.8731us/op
PUT-pipelined,65536,5,8192,1.80225,290.907
gpu-enqueue,PUT-pipelined,65536,5,2.87204us/op
PUT-pipelined,1048576,1,1024,21.52,389.805
gpu-enqueue,PUT-pipelined,1048576,1,3.37941us/op
PUT-pipelined,1048576,2,1024,21.5252,389.711
gpu-enqueue,PUT-pipelined,1048576,2,3.44478us/op
PUT-pipelined,1048576,3,1024,21.5257,389.702
gpu-enqueue,PUT-pipelined,1048576,3,3.42366us/op
PUT-pipelined,1048576,4,1024,21.5164,389.87
gpu-enqueue,PUT-pipelined,1048576,4,3.42963us/op
PUT-pipelined,1048576,5,1024,21.5199,389.807
gpu-enqueue,PUT-pipelined,1048576,5,3.44309us/op
