host=pool0-0101 cuda_visible=0 commit=5a762a8e dirty=0
backend,LIBFABRIC
pipeline_window,32
pipeline_channels,1
proxy_workers,1
engine_progress_thread,1
ordering_rounds,0
minimum_size,1
put_only,0
counter_memory,gpu
device_proxy,1
host_xfer,0
test,size_B,trial,iterations,mean_us,payload_Gbit_s
PUT-ordered-signal-pingpong,8,1,1000,117.264,0.000545777
gpu-enqueue,PUT-ordered-signal-pingpong,8,1,3.26578us/op
PUT-ordered-signal-pingpong,8,2,1000,116.94,0.000547291
gpu-enqueue,PUT-ordered-signal-pingpong,8,2,3.24842us/op
PUT-ordered-signal-pingpong,8,3,1000,116.83,0.000547806
gpu-enqueue,PUT-ordered-signal-pingpong,8,3,3.25122us/op
PUT-ordered-signal-pingpong,8,4,1000,117.127,0.000546414
gpu-enqueue,PUT-ordered-signal-pingpong,8,4,3.24954us/op
PUT-ordered-signal-pingpong,8,5,1000,116.777,0.000548052
gpu-enqueue,PUT-ordered-signal-pingpong,8,5,3.24962us/op
PUT-target,8,1,1000,39.2535,0.00163043
gpu-enqueue,PUT-target,8,1,3.55456us/op
PUT-ordered-signal,8,1,1000,77.9124,0.000821436
gpu-enqueue,PUT-ordered-signal,8,1,3.37096us/op
PUT-target,8,2,1000,38.5437,0.00166045
gpu-enqueue,PUT-target,8,2,3.55229us/op
PUT-ordered-signal,8,2,1000,77.2783,0.000828176
gpu-enqueue,PUT-ordered-signal,8,2,3.37222us/op
PUT-target,8,3,1000,38.6656,0.00165522
gpu-enqueue,PUT-target,8,3,3.55197us/op
PUT-ordered-signal,8,3,1000,77.1627,0.000829417
gpu-enqueue,PUT-ordered-signal,8,3,3.37702us/op
PUT-target,8,4,1000,38.5927,0.00165835
gpu-enqueue,PUT-target,8,4,3.55562us/op
PUT-ordered-signal,8,4,1000,77.3413,0.000827501
gpu-enqueue,PUT-ordered-signal,8,4,3.3748us/op
PUT-target,8,5,1000,38.7482,0.00165169
gpu-enqueue,PUT-target,8,5,3.55232us/op
PUT-ordered-signal,8,5,1000,77.3599,0.000827302
gpu-enqueue,PUT-ordered-signal,8,5,3.3725us/op
PUT-target,64,1,1000,38.8359,0.0131837
gpu-enqueue,PUT-target,64,1,3.55114us/op
PUT-ordered-signal,64,1,1000,77.5538,0.00660187
gpu-enqueue,PUT-ordered-signal,64,1,3.36915us/op
PUT-target,64,2,1000,38.7751,0.0132043
gpu-enqueue,PUT-target,64,2,3.56685us/op
PUT-ordered-signal,64,2,1000,77.5064,0.00660591
gpu-enqueue,PUT-ordered-signal,64,2,3.37336us/op
PUT-target,64,3,1000,38.7001,0.0132299
gpu-enqueue,PUT-target,64,3,3.55235us/op
PUT-ordered-signal,64,3,1000,77.3987,0.0066151
gpu-enqueue,PUT-ordered-signal,64,3,3.37168us/op
PUT-target,64,4,1000,38.8761,0.01317
gpu-enqueue,PUT-target,64,4,3.55187us/op
PUT-ordered-signal,64,4,1000,77.5059,0.00660595
gpu-enqueue,PUT-ordered-signal,64,4,3.37162us/op
PUT-target,64,5,1000,38.846,0.0131803
gpu-enqueue,PUT-target,64,5,3.55462us/op
PUT-ordered-signal,64,5,1000,77.5635,0.00660104
gpu-enqueue,PUT-ordered-signal,64,5,3.37179us/op
PUT-target,128,1,1000,38.8599,0.0263511
gpu-enqueue,PUT-target,128,1,3.5529us/op
PUT-ordered-signal,128,1,1000,77.356,0.0132375
gpu-enqueue,PUT-ordered-signal,128,1,3.36922us/op
PUT-target,128,2,1000,38.7035,0.0264576
gpu-enqueue,PUT-target,128,2,3.55482us/op
PUT-ordered-signal,128,2,1000,77.4143,0.0132275
gpu-enqueue,PUT-ordered-signal,128,2,3.37198us/op
PUT-target,128,3,1000,38.7121,0.0264517
gpu-enqueue,PUT-target,128,3,3.55184us/op
PUT-ordered-signal,128,3,1000,77.5751,0.0132001
gpu-enqueue,PUT-ordered-signal,128,3,3.36502us/op
PUT-target,128,4,1000,38.7536,0.0264234
gpu-enqueue,PUT-target,128,4,3.55357us/op
PUT-ordered-signal,128,4,1000,77.5753,0.0132001
gpu-enqueue,PUT-ordered-signal,128,4,3.3675us/op
PUT-target,128,5,1000,38.7863,0.0264011
gpu-enqueue,PUT-target,128,5,3.55331us/op
PUT-ordered-signal,128,5,1000,77.319,0.0132438
gpu-enqueue,PUT-ordered-signal,128,5,3.36714us/op
PUT-target,8192,1,500,41.9126,1.56363
gpu-enqueue,PUT-target,8192,1,3.5545us/op
PUT-ordered-signal,8192,1,500,80.4006,0.815119
gpu-enqueue,PUT-ordered-signal,8192,1,3.368us/op
PUT-target,8192,2,500,41.8427,1.56625
gpu-enqueue,PUT-target,8192,2,3.5559us/op
PUT-ordered-signal,8192,2,500,80.3618,0.815512
gpu-enqueue,PUT-ordered-signal,8192,2,3.36643us/op
PUT-target,8192,3,500,41.7297,1.57049
gpu-enqueue,PUT-target,8192,3,3.55386us/op
PUT-ordered-signal,8192,3,500,80.4094,0.815029
gpu-enqueue,PUT-ordered-signal,8192,3,3.36874us/op
PUT-target,8192,4,500,41.9196,1.56337
gpu-enqueue,PUT-target,8192,4,3.56045us/op
PUT-ordered-signal,8192,4,500,80.4024,0.8151
gpu-enqueue,PUT-ordered-signal,8192,4,3.36573us/op
PUT-target,8192,5,500,41.6084,1.57507
gpu-enqueue,PUT-target,8192,5,3.55424us/op
PUT-ordered-signal,8192,5,500,80.2793,0.81635
gpu-enqueue,PUT-ordered-signal,8192,5,3.36672us/op
PUT-target,65536,1,200,51.132,10.2536
gpu-enqueue,PUT-target,65536,1,3.55088us/op
PUT-ordered-signal,65536,1,200,89.8549,5.83483
gpu-enqueue,PUT-ordered-signal,65536,1,3.37136us/op
PUT-target,65536,2,200,51.0632,10.2674
gpu-enqueue,PUT-target,65536,2,3.55248us/op
PUT-ordered-signal,65536,2,200,89.7347,5.84264
gpu-enqueue,PUT-ordered-signal,65536,2,3.37608us/op
PUT-target,65536,3,200,50.8178,10.317
gpu-enqueue,PUT-target,65536,3,3.54896us/op
PUT-ordered-signal,65536,3,200,89.5283,5.85611
gpu-enqueue,PUT-ordered-signal,65536,3,3.37432us/op
PUT-target,65536,4,200,50.9394,10.2924
gpu-enqueue,PUT-target,65536,4,3.55296us/op
PUT-ordered-signal,65536,4,200,89.4674,5.8601
gpu-enqueue,PUT-ordered-signal,65536,4,3.3664us/op
PUT-target,65536,5,200,50.8462,10.3112
gpu-enqueue,PUT-target,65536,5,3.55424us/op
PUT-ordered-signal,65536,5,200,89.9536,5.82843
gpu-enqueue,PUT-ordered-signal,65536,5,3.36744us/op
PUT-pipelined,8192,1,8192,4.23961,15.458
gpu-enqueue,PUT-pipelined,8192,1,2.88374us/op
PUT-batch-signal,8192,1,8192,5.24399,12.4973
gpu-enqueue,PUT-batch-signal,8192,1,2.85303us/op
PUT-pipelined,8192,2,8192,4.1402,15.8292
gpu-enqueue,PUT-pipelined,8192,2,2.8063us/op
PUT-batch-signal,8192,2,8192,5.24755,12.4889
gpu-enqueue,PUT-batch-signal,8192,2,2.8498us/op
PUT-pipelined,8192,3,8192,4.13928,15.8327
gpu-enqueue,PUT-pipelined,8192,3,2.80129us/op
PUT-batch-signal,8192,3,8192,5.26172,12.4552
gpu-enqueue,PUT-batch-signal,8192,3,2.85467us/op
PUT-pipelined,8192,4,8192,4.13495,15.8493
gpu-enqueue,PUT-pipelined,8192,4,2.80111us/op
PUT-batch-signal,8192,4,8192,5.2554,12.4702
gpu-enqueue,PUT-batch-signal,8192,4,2.85219us/op
PUT-pipelined,8192,5,8192,4.14059,15.8277
gpu-enqueue,PUT-pipelined,8192,5,2.80125us/op
PUT-batch-signal,8192,5,8192,5.24852,12.4866
gpu-enqueue,PUT-batch-signal,8192,5,2.84895us/op
PUT-pipelined,65536,1,2048,4.44236,118.02
gpu-enqueue,PUT-pipelined,65536,1,2.78672us/op
PUT-batch-signal,65536,1,2048,5.58834,93.8181
gpu-enqueue,PUT-batch-signal,65536,1,2.84029us/op
PUT-pipelined,65536,2,2048,4.42959,118.36
gpu-enqueue,PUT-pipelined,65536,2,2.78678us/op
PUT-batch-signal,65536,2,2048,5.55623,94.3603
gpu-enqueue,PUT-batch-signal,65536,2,2.83221us/op
PUT-pipelined,65536,3,2048,4.43555,118.201
gpu-enqueue,PUT-pipelined,65536,3,2.78714us/op
PUT-batch-signal,65536,3,2048,5.54814,94.498
gpu-enqueue,PUT-batch-signal,65536,3,2.83395us/op
PUT-pipelined,65536,4,2048,4.43778,118.142
gpu-enqueue,PUT-pipelined,65536,4,2.78505us/op
PUT-batch-signal,65536,4,2048,5.53692,94.6894
gpu-enqueue,PUT-batch-signal,65536,4,2.83439us/op
PUT-pipelined,65536,5,2048,4.44342,117.992
gpu-enqueue,PUT-pipelined,65536,5,2.78678us/op
PUT-batch-signal,65536,5,2048,5.56381,94.2318
gpu-enqueue,PUT-batch-signal,65536,5,2.83626us/op
PUT-pipelined,1048576,1,256,23.6126,355.259
gpu-enqueue,PUT-pipelined,1048576,1,2.77088us/op
PUT-batch-signal,1048576,1,256,24.7384,339.093
gpu-enqueue,PUT-batch-signal,1048576,1,2.81879us/op
PUT-pipelined,1048576,2,256,23.4862,357.171
gpu-enqueue,PUT-pipelined,1048576,2,2.77113us/op
PUT-batch-signal,1048576,2,256,24.682,339.867
gpu-enqueue,PUT-batch-signal,1048576,2,2.81867us/op
PUT-pipelined,1048576,3,256,23.5057,356.875
gpu-enqueue,PUT-pipelined,1048576,3,2.76925us/op
PUT-batch-signal,1048576,3,256,24.6956,339.68
gpu-enqueue,PUT-batch-signal,1048576,3,2.82158us/op
PUT-pipelined,1048576,4,256,23.562,356.023
gpu-enqueue,PUT-pipelined,1048576,4,2.77013us/op
PUT-batch-signal,1048576,4,256,24.6776,339.928
gpu-enqueue,PUT-batch-signal,1048576,4,2.82024us/op
PUT-pipelined,1048576,5,256,23.5275,356.545
gpu-enqueue,PUT-pipelined,1048576,5,2.77325us/op
PUT-batch-signal,1048576,5,256,24.7108,339.472
gpu-enqueue,PUT-batch-signal,1048576,5,2.82558us/op
