host=pool0-0101 cuda_visible=0 commit=5a762a8e dirty=0
backend,LIBFABRIC
pipeline_window,32
pipeline_channels,4
proxy_workers,4
engine_progress_thread,1
ordering_rounds,0
minimum_size,1
put_only,1
counter_memory,gpu
device_proxy,1
host_xfer,1
test,size_B,trial,iterations,mean_us,payload_Gbit_s
HOST-write,65536,1,400,45.4298,184.65
HOST-write,65536,2,400,45.885,182.818
HOST-write,65536,3,400,46.1746,181.671
HOST-write,65536,4,400,46.6295,179.899
HOST-write,65536,5,400,45.748,183.366
HOST-write,1048576,1,400,41.7718,200.82
HOST-write,1048576,2,400,42.0208,199.63
HOST-write,1048576,3,400,42.1599,198.971
HOST-write,1048576,4,400,41.6962,201.184
HOST-write,1048576,5,400,42.3492,198.082
