host=pool0-0101 cuda_visible=0 commit=5a762a8e dirty=0
backend,LIBFABRIC
pipeline_window,32
pipeline_channels,4
proxy_workers,4
engine_progress_thread,1
ordering_rounds,0
minimum_size,1
put_only,1
counter_memory,gpu
device_proxy,1
host_xfer,0
test,size_B,trial,iterations,mean_us,payload_Gbit_s
PUT-target,8,1,1000,38.3679,0.00166806
gpu-enqueue,PUT-target,8,1,3.56656us/op
PUT-target,8,2,1000,38.201,0.00167535
gpu-enqueue,PUT-target,8,2,3.57107us/op
PUT-target,8,3,1000,38.1596,0.00167717
gpu-enqueue,PUT-target,8,3,3.56317us/op
PUT-target,8,4,1000,38.2147,0.00167475
gpu-enqueue,PUT-target,8,4,3.56502us/op
PUT-target,8,5,1000,38.0012,0.00168416
gpu-enqueue,PUT-target,8,5,3.56534us/op
PUT-target,64,1,1000,38.2749,0.0133769
gpu-enqueue,PUT-target,64,1,3.56342us/op
PUT-target,64,2,1000,38.1767,0.0134113
gpu-enqueue,PUT-target,64,2,3.57008us/op
PUT-target,64,3,1000,38.2777,0.0133759
gpu-enqueue,PUT-target,64,3,3.57728us/op
PUT-target,64,4,1000,38.1449,0.0134225
gpu-enqueue,PUT-target,64,4,3.57197us/op
PUT-target,64,5,1000,38.1468,0.0134218
gpu-enqueue,PUT-target,64,5,3.56512us/op
PUT-target,128,1,1000,38.1022,0.0268751
gpu-enqueue,PUT-target,128,1,3.56656us/op
PUT-target,128,2,1000,38.1038,0.026874
gpu-enqueue,PUT-target,128,2,3.5687us/op
PUT-target,128,3,1000,38.0284,0.0269273
gpu-enqueue,PUT-target,128,3,3.56448us/op
PUT-target,128,4,1000,38.1513,0.0268405
gpu-enqueue,PUT-target,128,4,3.57306us/op
PUT-target,128,5,1000,38.1832,0.0268181
gpu-enqueue,PUT-target,128,5,3.56576us/op
PUT-target,8192,1,500,41.0807,1.5953
gpu-enqueue,PUT-target,8192,1,3.55731us/op
PUT-target,8192,2,500,41.1203,1.59376
gpu-enqueue,PUT-target,8192,2,3.55674us/op
PUT-target,8192,3,500,41.1772,1.59156
gpu-enqueue,PUT-target,8192,3,3.56685us/op
PUT-target,8192,4,500,41.021,1.59762
gpu-enqueue,PUT-target,8192,4,3.55699us/op
PUT-target,8192,5,500,41.1663,1.59198
gpu-enqueue,PUT-target,8192,5,3.55533us/op
PUT-target,65536,1,200,50.3293,10.4172
gpu-enqueue,PUT-target,65536,1,3.55856us/op
PUT-target,65536,2,200,50.0323,10.479
gpu-enqueue,PUT-target,65536,2,3.55424us/op
PUT-target,65536,3,200,50.2283,10.4381
gpu-enqueue,PUT-target,65536,3,3.55728us/op
PUT-target,65536,4,200,50.2067,10.4426
gpu-enqueue,PUT-target,65536,4,3.56016us/op
PUT-target,65536,5,200,50.4387,10.3946
gpu-enqueue,PUT-target,65536,5,3.56464us/op
PUT-pipelined,8192,1,32768,1.10997,59.0431
gpu-enqueue,PUT-pipelined,8192,1,2.88434us/op
PUT-pipelined,8192,2,32768,1.11111,58.9826
gpu-enqueue,PUT-pipelined,8192,2,2.88104us/op
PUT-pipelined,8192,3,32768,1.1109,58.9936
gpu-enqueue,PUT-pipelined,8192,3,2.88062us/op
PUT-pipelined,8192,4,32768,1.11082,58.9979
gpu-enqueue,PUT-pipelined,8192,4,2.88191us/op
PUT-pipelined,8192,5,32768,1.11054,59.013
gpu-enqueue,PUT-pipelined,8192,5,2.88011us/op
PUT-pipelined,65536,1,8192,1.8093,289.774
gpu-enqueue,PUT-pipelined,65536,1,2.86722us/op
PUT-pipelined,65536,2,8192,1.80597,290.308
gpu-enqueue,PUT-pipelined,65536,2,2.86186us/op
PUT-pipelined,65536,3,8192,2.32638,225.367
gpu-enqueue,PUT-pipelined,65536,3,3.00128us/op
PUT-pipelined,65536,4,8192,1.80773,290.026
gpu-enqueue,PUT-pipelined,65536,4,2.85653us/op
PUT-pipelined,65536,5,8192,1.80065,291.166
gpu-enqueue,PUT-pipelined,65536,5,2.8584us/op
PUT-pipelined,1048576,1,1024,21.5218,389.773
gpu-enqueue,PUT-pipelined,1048576,1,3.44147us/op
PUT-pipelined,1048576,2,1024,21.5251,389.714
gpu-enqueue,PUT-pipelined,1048576,2,3.42681us/op
PUT-pipelined,1048576,3,1024,21.5283,389.655
gpu-enqueue,PUT-pipelined,1048576,3,3.43728us/op
PUT-pipelined,1048576,4,1024,21.5236,389.741
gpu-enqueue,PUT-pipelined,1048576,4,3.42072us/op
PUT-pipelined,1048576,5,1024,21.5173,389.853
gpu-enqueue,PUT-pipelined,1048576,5,3.39506us/op
