host=pool0-0101 cuda_visible=0 commit=5a762a8e dirty=0
backend,LIBFABRIC
pipeline_window,32
pipeline_channels,1
proxy_workers,1
engine_progress_thread,1
ordering_rounds,0
minimum_size,1
put_only,0
counter_memory,gpu
device_proxy,1
host_xfer,0
test,size_B,trial,iterations,mean_us,payload_Gbit_s
PUT-ordered-signal-pingpong,8,1,1000,118.656,0.000539372
gpu-enqueue,PUT-ordered-signal-pingpong,8,1,3.24757us/op
PUT-ordered-signal-pingpong,8,2,1000,117.261,0.000545792
gpu-enqueue,PUT-ordered-signal-pingpong,8,2,3.24493us/op
PUT-ordered-signal-pingpong,8,3,1000,117.207,0.00054604
gpu-enqueue,PUT-ordered-signal-pingpong,8,3,3.24675us/op
PUT-ordered-signal-pingpong,8,4,1000,116.823,0.000547836
gpu-enqueue,PUT-ordered-signal-pingpong,8,4,3.24733us/op
PUT-ordered-signal-pingpong,8,5,1000,116.795,0.000547967
gpu-enqueue,PUT-ordered-signal-pingpong,8,5,3.25714us/op
PUT-target,8,1,1000,39.2495,0.0016306
gpu-enqueue,PUT-target,8,1,3.54595us/op
PUT-ordered-signal,8,1,1000,78.2684,0.000817699
gpu-enqueue,PUT-ordered-signal,8,1,3.36248us/op
PUT-target,8,2,1000,38.7686,0.00165082
gpu-enqueue,PUT-target,8,2,3.54496us/op
PUT-ordered-signal,8,2,1000,77.6072,0.000824666
gpu-enqueue,PUT-ordered-signal,8,2,3.36074us/op
PUT-target,8,3,1000,38.747,0.00165174
gpu-enqueue,PUT-target,8,3,3.54176us/op
PUT-ordered-signal,8,3,1000,77.5707,0.000825054
gpu-enqueue,PUT-ordered-signal,8,3,3.36306us/op
PUT-target,8,4,1000,38.8301,0.00164821
gpu-enqueue,PUT-target,8,4,3.54451us/op
PUT-ordered-signal,8,4,1000,77.8544,0.000822047
gpu-enqueue,PUT-ordered-signal,8,4,3.37464us/op
PUT-target,8,5,1000,38.8286,0.00164827
gpu-enqueue,PUT-target,8,5,3.54566us/op
PUT-ordered-signal,8,5,1000,77.446,0.000826383
gpu-enqueue,PUT-ordered-signal,8,5,3.36306us/op
PUT-target,64,1,1000,38.8676,0.0131729
gpu-enqueue,PUT-target,64,1,3.5417us/op
PUT-ordered-signal,64,1,1000,77.6094,0.00659714
gpu-enqueue,PUT-ordered-signal,64,1,3.36157us/op
PUT-target,64,2,1000,38.8575,0.0131764
gpu-enqueue,PUT-target,64,2,3.54442us/op
PUT-ordered-signal,64,2,1000,77.6946,0.0065899
gpu-enqueue,PUT-ordered-signal,64,2,3.36413us/op
PUT-target,64,3,1000,38.9624,0.0131409
gpu-enqueue,PUT-target,64,3,3.54339us/op
PUT-ordered-signal,64,3,1000,77.375,0.00661712
gpu-enqueue,PUT-ordered-signal,64,3,3.36358us/op
PUT-target,64,4,1000,38.9691,0.0131386
gpu-enqueue,PUT-target,64,4,3.54547us/op
PUT-ordered-signal,64,4,1000,77.6627,0.00659261
gpu-enqueue,PUT-ordered-signal,64,4,3.36515us/op
PUT-target,64,5,1000,38.8511,0.0131785
gpu-enqueue,PUT-target,64,5,3.54144us/op
PUT-ordered-signal,64,5,1000,77.9765,0.00656608
gpu-enqueue,PUT-ordered-signal,64,5,3.36421us/op
PUT-target,128,1,1000,38.8941,0.0263279
gpu-enqueue,PUT-target,128,1,3.54358us/op
PUT-ordered-signal,128,1,1000,77.7396,0.0131722
gpu-enqueue,PUT-ordered-signal,128,1,3.36328us/op
PUT-target,128,2,1000,38.8824,0.0263358
gpu-enqueue,PUT-target,128,2,3.5504us/op
PUT-ordered-signal,128,2,1000,77.8735,0.0131495
gpu-enqueue,PUT-ordered-signal,128,2,3.36358us/op
PUT-target,128,3,1000,38.8822,0.026336
gpu-enqueue,PUT-target,128,3,3.54723us/op
PUT-ordered-signal,128,3,1000,77.9204,0.0131416
gpu-enqueue,PUT-ordered-signal,128,3,3.36021us/op
PUT-target,128,4,1000,38.7893,0.026399
gpu-enqueue,PUT-target,128,4,3.54685us/op
PUT-ordered-signal,128,4,1000,77.682,0.0131819
gpu-enqueue,PUT-ordered-signal,128,4,3.3615us/op
PUT-target,128,5,1000,38.7551,0.0264223
gpu-enqueue,PUT-target,128,5,3.54224us/op
PUT-ordered-signal,128,5,1000,77.6304,0.0131907
gpu-enqueue,PUT-ordered-signal,128,5,3.36414us/op
PUT-target,8192,1,500,42.0123,1.55992
gpu-enqueue,PUT-target,8192,1,3.53933us/op
PUT-ordered-signal,8192,1,500,80.7112,0.811982
gpu-enqueue,PUT-ordered-signal,8192,1,3.35747us/op
PUT-target,8192,2,500,41.7119,1.57116
gpu-enqueue,PUT-target,8192,2,3.54406us/op
PUT-ordered-signal,8192,2,500,80.3318,0.815817
gpu-enqueue,PUT-ordered-signal,8192,2,3.35834us/op
PUT-target,8192,3,500,41.9463,1.56238
gpu-enqueue,PUT-target,8192,3,3.54534us/op
PUT-ordered-signal,8192,3,500,80.6282,0.812817
gpu-enqueue,PUT-ordered-signal,8192,3,3.3568us/op
PUT-target,8192,4,500,41.9573,1.56197
gpu-enqueue,PUT-target,8192,4,3.53958us/op
PUT-ordered-signal,8192,4,500,80.7119,0.811974
gpu-enqueue,PUT-ordered-signal,8192,4,3.36061us/op
PUT-target,8192,5,500,41.6627,1.57301
gpu-enqueue,PUT-target,8192,5,3.54093us/op
PUT-ordered-signal,8192,5,500,80.5974,0.813128
gpu-enqueue,PUT-ordered-signal,8192,5,3.35722us/op
PUT-target,65536,1,200,50.9494,10.2904
gpu-enqueue,PUT-target,65536,1,3.54512us/op
PUT-ordered-signal,65536,1,200,89.6011,5.85136
gpu-enqueue,PUT-ordered-signal,65536,1,3.37288us/op
PUT-target,65536,2,200,51.1307,10.2539
gpu-enqueue,PUT-target,65536,2,3.54016us/op
PUT-ordered-signal,65536,2,200,89.6248,5.84981
gpu-enqueue,PUT-ordered-signal,65536,2,3.36248us/op
PUT-target,65536,3,200,51.2762,10.2248
gpu-enqueue,PUT-target,65536,3,3.53952us/op
PUT-ordered-signal,65536,3,200,89.8608,5.83445
gpu-enqueue,PUT-ordered-signal,65536,3,3.36064us/op
PUT-target,65536,4,200,51.2454,10.2309
gpu-enqueue,PUT-target,65536,4,3.54512us/op
PUT-ordered-signal,65536,4,200,90.0421,5.8227
gpu-enqueue,PUT-ordered-signal,65536,4,3.36528us/op
PUT-target,65536,5,200,51.0062,10.2789
gpu-enqueue,PUT-target,65536,5,3.54592us/op
PUT-ordered-signal,65536,5,200,89.9408,5.82926
gpu-enqueue,PUT-ordered-signal,65536,5,3.36352us/op
PUT-pipelined,8192,1,8192,4.25432,15.4046
gpu-enqueue,PUT-pipelined,8192,1,2.88401us/op
PUT-batch-signal,8192,1,8192,5.31646,12.327
gpu-enqueue,PUT-batch-signal,8192,1,2.90522us/op
PUT-pipelined,8192,2,8192,4.14085,15.8267
gpu-enqueue,PUT-pipelined,8192,2,2.80304us/op
PUT-batch-signal,8192,2,8192,5.24106,12.5043
gpu-enqueue,PUT-batch-signal,8192,2,2.84927us/op
PUT-pipelined,8192,3,8192,4.15036,15.7904
gpu-enqueue,PUT-pipelined,8192,3,2.80579us/op
PUT-batch-signal,8192,3,8192,5.24337,12.4988
gpu-enqueue,PUT-batch-signal,8192,3,2.84891us/op
PUT-pipelined,8192,4,8192,4.15413,15.7761
gpu-enqueue,PUT-pipelined,8192,4,2.80238us/op
PUT-batch-signal,8192,4,8192,5.23856,12.5103
gpu-enqueue,PUT-batch-signal,8192,4,2.85151us/op
PUT-pipelined,8192,5,8192,4.14961,15.7933
gpu-enqueue,PUT-pipelined,8192,5,2.80329us/op
PUT-batch-signal,8192,5,8192,5.24054,12.5056
gpu-enqueue,PUT-batch-signal,8192,5,2.84772us/op
PUT-pipelined,65536,1,2048,4.44656,117.909
gpu-enqueue,PUT-pipelined,65536,1,2.78825us/op
PUT-batch-signal,65536,1,2048,5.55228,94.4275
gpu-enqueue,PUT-batch-signal,65536,1,2.83508us/op
PUT-pipelined,65536,2,2048,4.45827,117.599
gpu-enqueue,PUT-pipelined,65536,2,2.78728us/op
PUT-batch-signal,65536,2,2048,5.57545,94.035
gpu-enqueue,PUT-batch-signal,65536,2,2.83682us/op
PUT-pipelined,65536,3,2048,4.43108,118.321
gpu-enqueue,PUT-pipelined,65536,3,2.78884us/op
PUT-batch-signal,65536,3,2048,5.57091,94.1118
gpu-enqueue,PUT-batch-signal,65536,3,2.835us/op
PUT-pipelined,65536,4,2048,4.43591,118.192
gpu-enqueue,PUT-pipelined,65536,4,2.78834us/op
PUT-batch-signal,65536,4,2048,5.55759,94.3372
gpu-enqueue,PUT-batch-signal,65536,4,2.83376us/op
PUT-pipelined,65536,5,2048,4.46447,117.436
gpu-enqueue,PUT-pipelined,65536,5,2.79725us/op
PUT-batch-signal,65536,5,2048,5.55206,94.4312
gpu-enqueue,PUT-batch-signal,65536,5,2.83285us/op
PUT-pipelined,1048576,1,256,23.5444,356.289
gpu-enqueue,PUT-pipelined,1048576,1,2.76963us/op
PUT-batch-signal,1048576,1,256,24.6535,340.26
gpu-enqueue,PUT-batch-signal,1048576,1,2.82436us/op
PUT-pipelined,1048576,2,256,23.5159,356.721
gpu-enqueue,PUT-pipelined,1048576,2,2.77513us/op
PUT-batch-signal,1048576,2,256,24.6777,339.926
gpu-enqueue,PUT-batch-signal,1048576,2,2.82509us/op
PUT-pipelined,1048576,3,256,23.5592,356.064
gpu-enqueue,PUT-pipelined,1048576,3,2.77038us/op
PUT-batch-signal,1048576,3,256,24.6665,340.081
gpu-enqueue,PUT-batch-signal,1048576,3,2.82us/op
PUT-pipelined,1048576,4,256,23.4716,357.394
gpu-enqueue,PUT-pipelined,1048576,4,2.772us/op
PUT-batch-signal,1048576,4,256,24.6755,339.957
gpu-enqueue,PUT-batch-signal,1048576,4,2.81248us/op
PUT-pipelined,1048576,5,256,23.5312,356.488
gpu-enqueue,PUT-pipelined,1048576,5,2.772us/op
PUT-batch-signal,1048576,5,256,24.6355,340.509
gpu-enqueue,PUT-batch-signal,1048576,5,2.81345us/op
