host=pool0-0101 cuda_visible=0 commit=5a762a8e dirty=0
backend,LIBFABRIC
pipeline_window,32
pipeline_channels,4
proxy_workers,4
engine_progress_thread,1
ordering_rounds,0
minimum_size,1
put_only,1
counter_memory,gpu
device_proxy,1
host_xfer,1
test,size_B,trial,iterations,mean_us,payload_Gbit_s
HOST-write,65536,1,400,46.184,181.634
HOST-write,65536,2,400,46.2102,181.532
HOST-write,65536,3,400,46.1891,181.614
HOST-write,65536,4,400,46.8694,178.978
HOST-write,65536,5,400,46.0631,182.111
HOST-write,1048576,1,400,41.8765,200.318
HOST-write,1048576,2,400,42.0641,199.424
HOST-write,1048576,3,400,42.0587,199.45
HOST-write,1048576,4,400,41.8792,200.305
HOST-write,1048576,5,400,41.7101,201.117
