host=pool0-0101 cuda_visible=0 commit=5a762a8e dirty=0
backend,LIBFABRIC
pipeline_window,32
pipeline_channels,1
proxy_workers,1
engine_progress_thread,1
ordering_rounds,0
minimum_size,1
put_only,0
counter_memory,gpu
device_proxy,1
host_xfer,0
test,size_B,trial,iterations,mean_us,payload_Gbit_s
PUT-ordered-signal-pingpong,8,1,1000,117.067,0.000546695
gpu-enqueue,PUT-ordered-signal-pingpong,8,1,3.24715us/op
PUT-ordered-signal-pingpong,8,2,1000,116.492,0.000549396
gpu-enqueue,PUT-ordered-signal-pingpong,8,2,3.24562us/op
PUT-ordered-signal-pingpong,8,3,1000,116.359,0.000550023
gpu-enqueue,PUT-ordered-signal-pingpong,8,3,3.2455us/op
PUT-ordered-signal-pingpong,8,4,1000,116.574,0.000549009
gpu-enqueue,PUT-ordered-signal-pingpong,8,4,3.2451us/op
PUT-ordered-signal-pingpong,8,5,1000,116.613,0.000548823
gpu-enqueue,PUT-ordered-signal-pingpong,8,5,3.24515us/op
PUT-target,8,1,1000,39.558,0.00161788
gpu-enqueue,PUT-target,8,1,3.54506us/op
PUT-ordered-signal,8,1,1000,78.2433,0.000817962
gpu-enqueue,PUT-ordered-signal,8,1,3.3303us/op
PUT-target,8,2,1000,39.0492,0.00163896
gpu-enqueue,PUT-target,8,2,3.54954us/op
PUT-ordered-signal,8,2,1000,77.5147,0.00082565
gpu-enqueue,PUT-ordered-signal,8,2,3.33243us/op
PUT-target,8,3,1000,39.0944,0.00163706
gpu-enqueue,PUT-target,8,3,3.55123us/op
PUT-ordered-signal,8,3,1000,77.5874,0.000824876
gpu-enqueue,PUT-ordered-signal,8,3,3.33022us/op
PUT-target,8,4,1000,39.0085,0.00164067
gpu-enqueue,PUT-target,8,4,3.54701us/op
PUT-ordered-signal,8,4,1000,77.5219,0.000825573
gpu-enqueue,PUT-ordered-signal,8,4,3.33157us/op
PUT-target,8,5,1000,38.9886,0.00164151
gpu-enqueue,PUT-target,8,5,3.55024us/op
PUT-ordered-signal,8,5,1000,77.4438,0.000826406
gpu-enqueue,PUT-ordered-signal,8,5,3.33075us/op
PUT-target,64,1,1000,39.0915,0.0130975
gpu-enqueue,PUT-target,64,1,3.54893us/op
PUT-ordered-signal,64,1,1000,77.4194,0.00661333
gpu-enqueue,PUT-ordered-signal,64,1,3.33358us/op
PUT-target,64,2,1000,39.0527,0.0131105
gpu-enqueue,PUT-target,64,2,3.54998us/op
PUT-ordered-signal,64,2,1000,77.4985,0.00660658
gpu-enqueue,PUT-ordered-signal,64,2,3.33187us/op
PUT-target,64,3,1000,39.109,0.0130916
gpu-enqueue,PUT-target,64,3,3.54941us/op
PUT-ordered-signal,64,3,1000,77.5538,0.00660187
gpu-enqueue,PUT-ordered-signal,64,3,3.33491us/op
PUT-target,64,4,1000,39.035,0.0131164
gpu-enqueue,PUT-target,64,4,3.54979us/op
PUT-ordered-signal,64,4,1000,77.5821,0.00659946
gpu-enqueue,PUT-ordered-signal,64,4,3.33974us/op
PUT-target,64,5,1000,39.0259,0.0131195
gpu-enqueue,PUT-target,64,5,3.55206us/op
PUT-ordered-signal,64,5,1000,77.4105,0.00661409
gpu-enqueue,PUT-ordered-signal,64,5,3.32938us/op
PUT-target,128,1,1000,39.1419,0.0261612
gpu-enqueue,PUT-target,128,1,3.54794us/op
PUT-ordered-signal,128,1,1000,77.607,0.0131947
gpu-enqueue,PUT-ordered-signal,128,1,3.33024us/op
PUT-target,128,2,1000,39.0324,0.0262346
gpu-enqueue,PUT-target,128,2,3.54992us/op
PUT-ordered-signal,128,2,1000,77.5799,0.0131993
gpu-enqueue,PUT-ordered-signal,128,2,3.33074us/op
PUT-target,128,3,1000,39.1526,0.0261541
gpu-enqueue,PUT-target,128,3,3.55245us/op
PUT-ordered-signal,128,3,1000,77.4248,0.0132257
gpu-enqueue,PUT-ordered-signal,128,3,3.32728us/op
PUT-target,128,4,1000,39.0612,0.0262152
gpu-enqueue,PUT-target,128,4,3.54893us/op
PUT-ordered-signal,128,4,1000,77.4282,0.0132252
gpu-enqueue,PUT-ordered-signal,128,4,3.33005us/op
PUT-target,128,5,1000,38.99,0.0262631
gpu-enqueue,PUT-target,128,5,3.54586us/op
PUT-ordered-signal,128,5,1000,77.5069,0.0132117
gpu-enqueue,PUT-ordered-signal,128,5,3.33411us/op
PUT-target,8192,1,500,42.0705,1.55777
gpu-enqueue,PUT-target,8192,1,3.5495us/op
PUT-ordered-signal,8192,1,500,80.5699,0.813405
gpu-enqueue,PUT-ordered-signal,8192,1,3.32925us/op
PUT-target,8192,2,500,42.0528,1.55842
gpu-enqueue,PUT-target,8192,2,3.54464us/op
PUT-ordered-signal,8192,2,500,80.8542,0.810545
gpu-enqueue,PUT-ordered-signal,8192,2,3.32963us/op
PUT-target,8192,3,500,42.2915,1.54963
gpu-enqueue,PUT-target,8192,3,3.54586us/op
PUT-ordered-signal,8192,3,500,81.5618,0.803513
gpu-enqueue,PUT-ordered-signal,8192,3,3.33334us/op
PUT-target,8192,4,500,42.2743,1.55026
gpu-enqueue,PUT-target,8192,4,3.54765us/op
PUT-ordered-signal,8192,4,500,80.9332,0.809754
gpu-enqueue,PUT-ordered-signal,8192,4,3.33005us/op
PUT-target,8192,5,500,42.0845,1.55725
gpu-enqueue,PUT-target,8192,5,3.54682us/op
PUT-ordered-signal,8192,5,500,80.8626,0.810461
gpu-enqueue,PUT-ordered-signal,8192,5,3.33341us/op
PUT-target,65536,1,200,51.3314,10.2138
gpu-enqueue,PUT-target,65536,1,3.55568us/op
PUT-ordered-signal,65536,1,200,89.4736,5.85969
gpu-enqueue,PUT-ordered-signal,65536,1,3.33296us/op
PUT-target,65536,2,200,51.3635,10.2074
gpu-enqueue,PUT-target,65536,2,3.54944us/op
PUT-ordered-signal,65536,2,200,90.0088,5.82485
gpu-enqueue,PUT-ordered-signal,65536,2,3.33112us/op
PUT-target,65536,3,200,51.0157,10.277
gpu-enqueue,PUT-target,65536,3,3.55616us/op
PUT-ordered-signal,65536,3,200,90.0589,5.82161
gpu-enqueue,PUT-ordered-signal,65536,3,3.32912us/op
PUT-target,65536,4,200,51.5782,10.1649
gpu-enqueue,PUT-target,65536,4,3.55024us/op
PUT-ordered-signal,65536,4,200,89.969,5.82743
gpu-enqueue,PUT-ordered-signal,65536,4,3.33248us/op
PUT-target,65536,5,200,51.6528,10.1502
gpu-enqueue,PUT-target,65536,5,3.55296us/op
PUT-ordered-signal,65536,5,200,90.0774,5.82041
gpu-enqueue,PUT-ordered-signal,65536,5,3.33416us/op
PUT-pipelined,8192,1,8192,4.24952,15.422
gpu-enqueue,PUT-pipelined,8192,1,2.88507us/op
PUT-batch-signal,8192,1,8192,5.26385,12.4502
gpu-enqueue,PUT-batch-signal,8192,1,2.84366us/op
PUT-pipelined,8192,2,8192,4.16056,15.7517
gpu-enqueue,PUT-pipelined,8192,2,2.80608us/op
PUT-batch-signal,8192,2,8192,5.19723,12.6098
gpu-enqueue,PUT-batch-signal,8192,2,2.80694us/op
PUT-pipelined,8192,3,8192,4.15828,15.7604
gpu-enqueue,PUT-pipelined,8192,3,2.80788us/op
PUT-batch-signal,8192,3,8192,5.21465,12.5677
gpu-enqueue,PUT-batch-signal,8192,3,2.80463us/op
PUT-pipelined,8192,4,8192,4.15066,15.7893
gpu-enqueue,PUT-pipelined,8192,4,2.80908us/op
PUT-batch-signal,8192,4,8192,5.19587,12.6131
gpu-enqueue,PUT-batch-signal,8192,4,2.80625us/op
PUT-pipelined,8192,5,8192,4.14694,15.8035
gpu-enqueue,PUT-pipelined,8192,5,2.80379us/op
PUT-batch-signal,8192,5,8192,5.21298,12.5717
gpu-enqueue,PUT-batch-signal,8192,5,2.8098us/op
PUT-pipelined,65536,1,2048,4.43908,118.107
gpu-enqueue,PUT-pipelined,65536,1,2.79039us/op
PUT-batch-signal,65536,1,2048,5.49914,95.34
gpu-enqueue,PUT-batch-signal,65536,1,2.78694us/op
PUT-pipelined,65536,2,2048,4.44352,117.989
gpu-enqueue,PUT-pipelined,65536,2,2.79058us/op
PUT-batch-signal,65536,2,2048,5.51597,95.0491
gpu-enqueue,PUT-batch-signal,65536,2,2.78468us/op
PUT-pipelined,65536,3,2048,4.46014,117.55
gpu-enqueue,PUT-pipelined,65536,3,2.78916us/op
PUT-batch-signal,65536,3,2048,5.49692,95.3785
gpu-enqueue,PUT-batch-signal,65536,3,2.7868us/op
PUT-pipelined,65536,4,2048,4.45961,117.564
gpu-enqueue,PUT-pipelined,65536,4,2.79172us/op
PUT-batch-signal,65536,4,2048,5.51647,95.0405
gpu-enqueue,PUT-batch-signal,65536,4,2.79971us/op
PUT-pipelined,65536,5,2048,4.45095,117.792
gpu-enqueue,PUT-pipelined,65536,5,2.78894us/op
PUT-batch-signal,65536,5,2048,5.51127,95.1302
gpu-enqueue,PUT-batch-signal,65536,5,2.7905us/op
PUT-pipelined,1048576,1,256,23.5491,356.217
gpu-enqueue,PUT-pipelined,1048576,1,2.78187us/op
PUT-batch-signal,1048576,1,256,24.5871,341.179
gpu-enqueue,PUT-batch-signal,1048576,1,2.76509us/op
PUT-pipelined,1048576,2,256,23.5125,356.772
gpu-enqueue,PUT-pipelined,1048576,2,2.77775us/op
PUT-batch-signal,1048576,2,256,24.7075,339.517
gpu-enqueue,PUT-batch-signal,1048576,2,2.77212us/op
PUT-pipelined,1048576,3,256,23.5083,356.837
gpu-enqueue,PUT-pipelined,1048576,3,2.77188us/op
PUT-batch-signal,1048576,3,256,24.6776,339.928
gpu-enqueue,PUT-batch-signal,1048576,3,2.76097us/op
PUT-pipelined,1048576,4,256,23.5197,356.662
gpu-enqueue,PUT-pipelined,1048576,4,2.77125us/op
PUT-batch-signal,1048576,4,256,24.7233,339.3
gpu-enqueue,PUT-batch-signal,1048576,4,2.76921us/op
PUT-pipelined,1048576,5,256,23.5182,356.685
gpu-enqueue,PUT-pipelined,1048576,5,2.77687us/op
PUT-batch-signal,1048576,5,256,24.7404,339.066
gpu-enqueue,PUT-batch-signal,1048576,5,2.76739us/op
