host=pool0-0101 cuda_visible=0 commit=5a762a8e dirty=0
backend,LIBFABRIC
pipeline_window,32
pipeline_channels,4
proxy_workers,4
engine_progress_thread,1
ordering_rounds,0
minimum_size,1
put_only,1
counter_memory,gpu
device_proxy,1
host_xfer,0
test,size_B,trial,iterations,mean_us,payload_Gbit_s
PUT-target,8,1,1000,37.9358,0.00168706
gpu-enqueue,PUT-target,8,1,3.56141us/op
PUT-target,8,2,1000,37.9205,0.00168774
gpu-enqueue,PUT-target,8,2,3.56288us/op
PUT-target,8,3,1000,37.904,0.00168848
gpu-enqueue,PUT-target,8,3,3.55517us/op
PUT-target,8,4,1000,37.9932,0.00168451
gpu-enqueue,PUT-target,8,4,3.56234us/op
PUT-target,8,5,1000,37.9552,0.0016862
gpu-enqueue,PUT-target,8,5,3.56349us/op
PUT-target,64,1,1000,38.036,0.0134609
gpu-enqueue,PUT-target,64,1,3.55885us/op
PUT-target,64,2,1000,38.0362,0.0134609
gpu-enqueue,PUT-target,64,2,3.56064us/op
PUT-target,64,3,1000,38.123,0.0134302
gpu-enqueue,PUT-target,64,3,3.5593us/op
PUT-target,64,4,1000,38.1212,0.0134309
gpu-enqueue,PUT-target,64,4,3.55085us/op
PUT-target,64,5,1000,38.007,0.0134712
gpu-enqueue,PUT-target,64,5,3.55651us/op
PUT-target,128,1,1000,38.1664,0.0268299
gpu-enqueue,PUT-target,128,1,3.56339us/op
PUT-target,128,2,1000,38.3861,0.0266763
gpu-enqueue,PUT-target,128,2,3.56237us/op
PUT-target,128,3,1000,38.1223,0.0268609
gpu-enqueue,PUT-target,128,3,3.56451us/op
PUT-target,128,4,1000,38.1178,0.0268641
gpu-enqueue,PUT-target,128,4,3.5575us/op
PUT-target,128,5,1000,38.0373,0.0269209
gpu-enqueue,PUT-target,128,5,3.55878us/op
PUT-target,8192,1,500,40.9068,1.60208
gpu-enqueue,PUT-target,8192,1,3.55693us/op
PUT-target,8192,2,500,41.1944,1.59089
gpu-enqueue,PUT-target,8192,2,3.55693us/op
PUT-target,8192,3,500,40.9329,1.60106
gpu-enqueue,PUT-target,8192,3,3.56077us/op
PUT-target,8192,4,500,41.1863,1.59121
gpu-enqueue,PUT-target,8192,4,3.55981us/op
PUT-target,8192,5,500,41.2013,1.59063
gpu-enqueue,PUT-target,8192,5,3.5577us/op
PUT-target,65536,1,200,50.3486,10.4132
gpu-enqueue,PUT-target,65536,1,3.56096us/op
PUT-target,65536,2,200,50.0003,10.4857
gpu-enqueue,PUT-target,65536,2,3.5696us/op
PUT-target,65536,3,200,50.0554,10.4742
gpu-enqueue,PUT-target,65536,3,3.57072us/op
PUT-target,65536,4,200,50.2792,10.4275
gpu-enqueue,PUT-target,65536,4,3.56784us/op
PUT-target,65536,5,200,50.2477,10.4341
gpu-enqueue,PUT-target,65536,5,3.55872us/op
PUT-pipelined,8192,1,32768,1.11089,58.9941
gpu-enqueue,PUT-pipelined,8192,1,2.88966us/op
PUT-pipelined,8192,2,32768,1.11003,59.0396
gpu-enqueue,PUT-pipelined,8192,2,2.88158us/op
PUT-pipelined,8192,3,32768,1.11042,59.0192
gpu-enqueue,PUT-pipelined,8192,3,2.88181us/op
PUT-pipelined,8192,4,32768,1.11064,59.0075
gpu-enqueue,PUT-pipelined,8192,4,2.88753us/op
PUT-pipelined,8192,5,32768,1.10856,59.118
gpu-enqueue,PUT-pipelined,8192,5,2.88201us/op
PUT-pipelined,65536,1,8192,1.80632,290.252
gpu-enqueue,PUT-pipelined,65536,1,2.85928us/op
PUT-pipelined,65536,2,8192,1.80851,289.901
gpu-enqueue,PUT-pipelined,65536,2,2.86128us/op
PUT-pipelined,65536,3,8192,1.80828,289.937
gpu-enqueue,PUT-pipelined,65536,3,2.87421us/op
PUT-pipelined,65536,4,8192,1.80308,290.774
gpu-enqueue,PUT-pipelined,65536,4,2.86388us/op
PUT-pipelined,65536,5,8192,1.80228,290.902
gpu-enqueue,PUT-pipelined,65536,5,2.8558us/op
PUT-pipelined,1048576,1,1024,21.5345,389.543
gpu-enqueue,PUT-pipelined,1048576,1,3.37531us/op
PUT-pipelined,1048576,2,1024,21.5203,389.8
gpu-enqueue,PUT-pipelined,1048576,2,3.40653us/op
PUT-pipelined,1048576,3,1024,21.5229,389.753
gpu-enqueue,PUT-pipelined,1048576,3,3.42784us/op
PUT-pipelined,1048576,4,1024,21.5207,389.793
gpu-enqueue,PUT-pipelined,1048576,4,3.42844us/op
PUT-pipelined,1048576,5,1024,21.5247,389.72
gpu-enqueue,PUT-pipelined,1048576,5,3.42241us/op
