ordering_rounds,0
PUT-ordered-signal-pingpong,8,1,1000,54.0145,0.00118487
PUT-ordered-signal-pingpong,8,2,1000,53.7038,0.00119172
PUT-ordered-signal-pingpong,8,3,1000,53.7368,0.00119099
PUT-ordered-signal-pingpong,8,4,1000,53.7131,0.00119152
PUT-ordered-signal-pingpong,8,5,1000,53.7234,0.00119129
PUT-target,8,1,1000,34.62,0.00184864
PUT-ordered-signal,8,1,1000,44.9198,0.00142476
PUT-target,8,2,1000,34.2891,0.00186648
PUT-ordered-signal,8,2,1000,44.5875,0.00143538
PUT-target,8,3,1000,34.0828,0.00187778
PUT-ordered-signal,8,3,1000,45.0874,0.00141947
PUT-target,8,4,1000,34.0048,0.00188209
PUT-ordered-signal,8,4,1000,44.7282,0.00143086
PUT-target,8,5,1000,34.0771,0.0018781
PUT-ordered-signal,8,5,1000,44.6356,0.00143383
PUT-target,64,1,1000,34.1495,0.0149929
PUT-ordered-signal,64,1,1000,44.5106,0.0115029
PUT-target,64,2,1000,33.953,0.0150797
PUT-ordered-signal,64,2,1000,44.5219,0.0115
PUT-target,64,3,1000,33.9644,0.0150746
PUT-ordered-signal,64,3,1000,44.4355,0.0115223
PUT-target,64,4,1000,34.0421,0.0150402
PUT-ordered-signal,64,4,1000,44.8202,0.0114234
PUT-target,64,5,1000,34.0146,0.0150524
PUT-ordered-signal,64,5,1000,44.4487,0.0115189
PUT-target,128,1,1000,34.0004,0.0301173
PUT-ordered-signal,128,1,1000,44.9193,0.0227965
PUT-target,128,2,1000,34.1837,0.0299558
PUT-ordered-signal,128,2,1000,44.9618,0.0227749
PUT-target,128,3,1000,34.0799,0.0300471
PUT-ordered-signal,128,3,1000,44.5852,0.0229673
PUT-target,128,4,1000,34.1244,0.0300079
PUT-ordered-signal,128,4,1000,44.4638,0.02303
PUT-target,128,5,1000,34.2205,0.0299236
PUT-ordered-signal,128,5,1000,44.5415,0.0229898
PUT-target,8192,1,500,36.2925,1.80577
PUT-ordered-signal,8192,1,500,44.9039,1.45947
PUT-target,8192,2,500,36.4049,1.8002
PUT-ordered-signal,8192,2,500,44.9691,1.45736
PUT-target,8192,3,500,36.4191,1.79949
PUT-ordered-signal,8192,3,500,44.8431,1.46145
PUT-target,8192,4,500,36.2557,1.8076
PUT-ordered-signal,8192,4,500,44.7023,1.46606
PUT-target,8192,5,500,35.9492,1.82301
PUT-ordered-signal,8192,5,500,44.6603,1.46743
PUT-target,65536,1,200,46.2914,11.3258
PUT-ordered-signal,65536,1,200,55.3811,9.46691
PUT-target,65536,2,200,46.4259,11.293
PUT-ordered-signal,65536,2,200,55.0374,9.52602
PUT-target,65536,3,200,46.1666,11.3564
PUT-ordered-signal,65536,3,200,55.1566,9.50544
PUT-target,65536,4,200,46.3528,11.3108
PUT-ordered-signal,65536,4,200,55.1866,9.50028
PUT-target,65536,5,200,46.1795,11.3533
PUT-ordered-signal,65536,5,200,55.1669,9.50367
