ordering_rounds,0
PUT-ordered-signal-pingpong,8,1,1000,53.8596,0.00118827
PUT-ordered-signal-pingpong,8,2,1000,53.8539,0.0011884
PUT-ordered-signal-pingpong,8,3,1000,53.701,0.00119178
PUT-ordered-signal-pingpong,8,4,1000,53.8523,0.00118844
PUT-ordered-signal-pingpong,8,5,1000,54.2512,0.0011797
PUT-target,8,1,1000,34.1485,0.00187416
PUT-ordered-signal,8,1,1000,44.4457,0.00143996
PUT-target,8,2,1000,33.782,0.0018945
PUT-ordered-signal,8,2,1000,44.402,0.00144138
PUT-target,8,3,1000,33.5868,0.00190551
PUT-ordered-signal,8,3,1000,44.0919,0.00145151
PUT-target,8,4,1000,33.7613,0.00189566
PUT-ordered-signal,8,4,1000,44.5079,0.00143795
PUT-target,8,5,1000,33.8122,0.00189281
PUT-ordered-signal,8,5,1000,44.185,0.00144846
PUT-target,64,1,1000,33.7566,0.0151674
PUT-ordered-signal,64,1,1000,44.8242,0.0114224
PUT-target,64,2,1000,33.6247,0.0152269
PUT-ordered-signal,64,2,1000,44.2307,0.0115757
PUT-target,64,3,1000,33.6744,0.0152044
PUT-ordered-signal,64,3,1000,44.2927,0.0115595
PUT-target,64,4,1000,33.6496,0.0152156
PUT-ordered-signal,64,4,1000,44.0054,0.0116349
PUT-target,64,5,1000,33.6196,0.0152292
PUT-ordered-signal,64,5,1000,44.0746,0.0116167
PUT-target,128,1,1000,33.8683,0.0302347
PUT-ordered-signal,128,1,1000,44.0636,0.0232392
PUT-target,128,2,1000,33.803,0.0302932
PUT-ordered-signal,128,2,1000,44.1477,0.0231949
PUT-target,128,3,1000,34.011,0.0301079
PUT-ordered-signal,128,3,1000,44.2547,0.0231388
PUT-target,128,4,1000,33.8862,0.0302188
PUT-ordered-signal,128,4,1000,44.4085,0.0230587
PUT-target,128,5,1000,33.7544,0.0303368
PUT-ordered-signal,128,5,1000,44.6485,0.0229347
PUT-target,8192,1,500,35.7118,1.83514
PUT-ordered-signal,8192,1,500,44.7986,1.4629
PUT-target,8192,2,500,35.5032,1.84592
PUT-ordered-signal,8192,2,500,44.3156,1.47885
PUT-target,8192,3,500,35.5926,1.84128
PUT-ordered-signal,8192,3,500,44.2836,1.47992
PUT-target,8192,4,500,35.5649,1.84272
PUT-ordered-signal,8192,4,500,44.2893,1.47973
PUT-target,8192,5,500,35.441,1.84916
PUT-ordered-signal,8192,5,500,44.0674,1.48718
PUT-target,65536,1,200,45.9464,11.4109
PUT-ordered-signal,65536,1,200,55.312,9.47874
PUT-target,65536,2,200,45.8064,11.4457
PUT-ordered-signal,65536,2,200,55.5038,9.44598
PUT-target,65536,3,200,46.2438,11.3375
PUT-ordered-signal,65536,3,200,55.0486,9.52409
PUT-target,65536,4,200,45.9218,11.417
PUT-ordered-signal,65536,4,200,54.7419,9.57745
PUT-target,65536,5,200,45.8216,11.4419
PUT-ordered-signal,65536,5,200,54.8179,9.56417
