ordering_rounds,0
PUT-ordered-signal-pingpong,8,1,1000,53.856,0.00118835
PUT-ordered-signal-pingpong,8,2,1000,53.6077,0.00119386
PUT-ordered-signal-pingpong,8,3,1000,53.6516,0.00119288
PUT-ordered-signal-pingpong,8,4,1000,53.8283,0.00118897
PUT-ordered-signal-pingpong,8,5,1000,53.7999,0.00118959
PUT-target,8,1,1000,34.1384,0.00187472
PUT-ordered-signal,8,1,1000,44.2574,0.00144609
PUT-target,8,2,1000,33.7764,0.00189481
PUT-ordered-signal,8,2,1000,44.1244,0.00145044
PUT-target,8,3,1000,33.5846,0.00190563
PUT-ordered-signal,8,3,1000,44.1108,0.00145089
PUT-target,8,4,1000,33.6922,0.00189955
PUT-ordered-signal,8,4,1000,44.1374,0.00145002
PUT-target,8,5,1000,33.6189,0.00190369
PUT-ordered-signal,8,5,1000,43.9769,0.00145531
PUT-target,64,1,1000,33.6068,0.015235
PUT-ordered-signal,64,1,1000,44.1095,0.0116075
PUT-target,64,2,1000,33.6309,0.0152241
PUT-ordered-signal,64,2,1000,44.1007,0.0116098
PUT-target,64,3,1000,33.7061,0.0151901
PUT-ordered-signal,64,3,1000,44.0643,0.0116194
PUT-target,64,4,1000,33.7478,0.0151713
PUT-ordered-signal,64,4,1000,44.1423,0.0115989
PUT-target,64,5,1000,33.6528,0.0152142
PUT-ordered-signal,64,5,1000,43.9831,0.0116408
PUT-target,128,1,1000,33.5396,0.0305311
PUT-ordered-signal,128,1,1000,44.0721,0.0232347
PUT-target,128,2,1000,33.5915,0.0304839
PUT-ordered-signal,128,2,1000,44.1279,0.0232053
PUT-target,128,3,1000,33.8592,0.0302429
PUT-ordered-signal,128,3,1000,44.0017,0.0232718
PUT-target,128,4,1000,33.7054,0.0303809
PUT-ordered-signal,128,4,1000,44.2182,0.0231579
PUT-target,128,5,1000,33.7388,0.0303508
PUT-ordered-signal,128,5,1000,44.0924,0.023224
PUT-target,8192,1,500,35.9235,1.82432
PUT-ordered-signal,8192,1,500,44.2589,1.48074
PUT-target,8192,2,500,35.6836,1.83658
PUT-ordered-signal,8192,2,500,45.3657,1.44462
PUT-target,8192,3,500,35.6003,1.84089
PUT-ordered-signal,8192,3,500,44.2883,1.47976
PUT-target,8192,4,500,35.8077,1.83022
PUT-ordered-signal,8192,4,500,44.5119,1.47233
PUT-target,8192,5,500,35.6502,1.8383
PUT-ordered-signal,8192,5,500,44.2671,1.48047
PUT-target,65536,1,200,46.1366,11.3638
PUT-ordered-signal,65536,1,200,55.1782,9.50172
PUT-target,65536,2,200,46.0712,11.38
PUT-ordered-signal,65536,2,200,54.9082,9.54845
PUT-target,65536,3,200,45.8088,11.4451
PUT-ordered-signal,65536,3,200,55.1299,9.51004
PUT-target,65536,4,200,45.5606,11.5075
PUT-ordered-signal,65536,4,200,55.1216,9.51148
PUT-target,65536,5,200,46.1397,11.3631
PUT-ordered-signal,65536,5,200,55.76,9.40258
