ordering_rounds,0
PUT-ordered-signal-pingpong,8,1,1000,101.468,0.000630743
PUT-ordered-signal-pingpong,8,2,1000,100.78,0.000635047
PUT-ordered-signal-pingpong,8,3,1000,100.847,0.000634625
PUT-ordered-signal-pingpong,8,4,1000,100.876,0.000634444
PUT-ordered-signal-pingpong,8,5,1000,100.764,0.000635148
PUT-target,8,1,1000,34.0817,0.00187784
PUT-ordered-signal,8,1,1000,67.4375,0.000949027
PUT-target,8,2,1000,33.4198,0.00191503
PUT-ordered-signal,8,2,1000,66.69,0.000959664
PUT-target,8,3,1000,33.5656,0.00190672
PUT-ordered-signal,8,3,1000,66.8107,0.000957931
PUT-target,8,4,1000,33.5341,0.0019085
PUT-ordered-signal,8,4,1000,66.7116,0.000959353
PUT-target,8,5,1000,33.4313,0.00191437
PUT-ordered-signal,8,5,1000,66.8025,0.000958048
PUT-target,64,1,1000,33.5114,0.0152784
PUT-ordered-signal,64,1,1000,66.8019,0.00766445
PUT-target,64,2,1000,33.4647,0.0152997
PUT-ordered-signal,64,2,1000,66.8004,0.00766462
PUT-target,64,3,1000,33.5436,0.0152637
PUT-ordered-signal,64,3,1000,67.3031,0.00760738
PUT-target,64,4,1000,33.5672,0.015253
PUT-ordered-signal,64,4,1000,67.3036,0.00760733
PUT-target,64,5,1000,33.5998,0.0152382
PUT-ordered-signal,64,5,1000,67.681,0.0075649
PUT-target,128,1,1000,33.5056,0.0305621
PUT-ordered-signal,128,1,1000,66.9088,0.0153044
PUT-target,128,2,1000,33.6505,0.0304305
PUT-ordered-signal,128,2,1000,66.7377,0.0153437
PUT-target,128,3,1000,33.6085,0.0304685
PUT-ordered-signal,128,3,1000,67.2305,0.0152312
PUT-target,128,4,1000,33.9112,0.0301965
PUT-ordered-signal,128,4,1000,66.9472,0.0152956
PUT-target,128,5,1000,33.6193,0.0304587
PUT-ordered-signal,128,5,1000,67.582,0.015152
PUT-target,8192,1,500,35.598,1.841
PUT-ordered-signal,8192,1,500,68.6376,0.954812
PUT-target,8192,2,500,35.5325,1.84439
PUT-ordered-signal,8192,2,500,68.812,0.952392
PUT-target,8192,3,500,35.607,1.84053
PUT-ordered-signal,8192,3,500,68.5247,0.956385
PUT-target,8192,4,500,35.6447,1.83859
PUT-ordered-signal,8192,4,500,68.5211,0.956435
PUT-target,8192,5,500,35.6903,1.83624
PUT-ordered-signal,8192,5,500,68.8147,0.952355
PUT-target,65536,1,200,44.4816,11.7866
PUT-ordered-signal,65536,1,200,77.8454,6.73499
PUT-target,65536,2,200,44.7459,11.717
PUT-ordered-signal,65536,2,200,78.1322,6.71027
PUT-target,65536,3,200,44.7648,11.7121
PUT-ordered-signal,65536,3,200,77.937,6.72708
PUT-target,65536,4,200,44.4371,11.7984
PUT-ordered-signal,65536,4,200,78.4723,6.68118
PUT-target,65536,5,200,44.6715,11.7365
PUT-ordered-signal,65536,5,200,78.0126,6.72055
