ordering_rounds,0
PUT-ordered-signal-pingpong,8,1,1000,101.88,0.000628193
PUT-ordered-signal-pingpong,8,2,1000,101.915,0.000627974
PUT-ordered-signal-pingpong,8,3,1000,101.72,0.000629181
PUT-ordered-signal-pingpong,8,4,1000,101.966,0.00062766
PUT-ordered-signal-pingpong,8,5,1000,101.925,0.000627911
PUT-target,8,1,1000,34.1329,0.00187502
PUT-ordered-signal,8,1,1000,67.9102,0.000942421
PUT-target,8,2,1000,33.7979,0.00189361
PUT-ordered-signal,8,2,1000,67.6153,0.000946531
PUT-target,8,3,1000,33.8257,0.00189205
PUT-ordered-signal,8,3,1000,67.2656,0.000951452
PUT-target,8,4,1000,33.6926,0.00189953
PUT-ordered-signal,8,4,1000,67.3795,0.000949844
PUT-target,8,5,1000,33.5847,0.00190563
PUT-ordered-signal,8,5,1000,67.0742,0.000954168
PUT-target,64,1,1000,33.5204,0.0152743
PUT-ordered-signal,64,1,1000,67.155,0.00762416
PUT-target,64,2,1000,33.5209,0.0152741
PUT-ordered-signal,64,2,1000,67.2292,0.00761574
PUT-target,64,3,1000,33.5564,0.0152579
PUT-ordered-signal,64,3,1000,66.8105,0.00766346
PUT-target,64,4,1000,33.5606,0.015256
PUT-ordered-signal,64,4,1000,67.2785,0.00761015
PUT-target,64,5,1000,33.6071,0.0152349
PUT-ordered-signal,64,5,1000,66.7988,0.00766481
PUT-target,128,1,1000,33.7287,0.0303599
PUT-ordered-signal,128,1,1000,67.1745,0.0152439
PUT-target,128,2,1000,33.5939,0.0304817
PUT-ordered-signal,128,2,1000,67.0863,0.0152639
PUT-target,128,3,1000,33.565,0.0305079
PUT-ordered-signal,128,3,1000,66.6459,0.0153648
PUT-target,128,4,1000,33.5561,0.0305161
PUT-ordered-signal,128,4,1000,66.6491,0.015364
PUT-target,128,5,1000,33.6459,0.0304347
PUT-ordered-signal,128,5,1000,66.5566,0.0153854
PUT-target,8192,1,500,35.4833,1.84695
PUT-ordered-signal,8192,1,500,68.745,0.95332
PUT-target,8192,2,500,35.3868,1.85199
PUT-ordered-signal,8192,2,500,68.9697,0.950214
PUT-target,8192,3,500,35.5062,1.84576
PUT-ordered-signal,8192,3,500,68.8204,0.952276
PUT-target,8192,4,500,35.6314,1.83928
PUT-ordered-signal,8192,4,500,68.8772,0.95149
PUT-target,8192,5,500,35.5302,1.84452
PUT-ordered-signal,8192,5,500,69.1281,0.948038
PUT-target,65536,1,200,44.8502,11.6897
PUT-ordered-signal,65536,1,200,78.1664,6.70733
PUT-target,65536,2,200,44.3019,11.8344
PUT-ordered-signal,65536,2,200,78.7682,6.65609
PUT-target,65536,3,200,44.66,11.7395
PUT-ordered-signal,65536,3,200,77.9203,6.72851
PUT-target,65536,4,200,44.7547,11.7147
PUT-ordered-signal,65536,4,200,77.6933,6.74818
PUT-target,65536,5,200,44.495,11.7831
PUT-ordered-signal,65536,5,200,77.8602,6.73371
