ordering_rounds,0
PUT-ordered-signal-pingpong,8,1,1000,102.22,0.0006261
PUT-ordered-signal-pingpong,8,2,1000,100.769,0.000635116
PUT-ordered-signal-pingpong,8,3,1000,101.346,0.000631501
PUT-ordered-signal-pingpong,8,4,1000,100.966,0.000633879
PUT-ordered-signal-pingpong,8,5,1000,101.285,0.000631883
PUT-target,8,1,1000,34.3317,0.00186416
PUT-ordered-signal,8,1,1000,68.0168,0.000940944
PUT-target,8,2,1000,33.7452,0.00189657
PUT-ordered-signal,8,2,1000,67.3812,0.000949819
PUT-target,8,3,1000,33.9134,0.00188716
PUT-ordered-signal,8,3,1000,67.0331,0.000954752
PUT-target,8,4,1000,33.9495,0.00188515
PUT-ordered-signal,8,4,1000,67.1124,0.000953625
PUT-target,8,5,1000,33.8309,0.00189176
PUT-ordered-signal,8,5,1000,67.0689,0.000954243
PUT-target,64,1,1000,33.8283,0.0151352
PUT-ordered-signal,64,1,1000,67.2948,0.00760832
PUT-target,64,2,1000,33.9675,0.0150733
PUT-ordered-signal,64,2,1000,67.017,0.00763985
PUT-target,64,3,1000,33.8839,0.0151104
PUT-ordered-signal,64,3,1000,66.965,0.00764578
PUT-target,64,4,1000,33.8468,0.015127
PUT-ordered-signal,64,4,1000,66.957,0.0076467
PUT-target,64,5,1000,33.9254,0.0150919
PUT-ordered-signal,64,5,1000,67.551,0.00757946
PUT-target,128,1,1000,33.8426,0.0302577
PUT-ordered-signal,128,1,1000,67.4229,0.0151877
PUT-target,128,2,1000,33.8435,0.0302569
PUT-ordered-signal,128,2,1000,67.392,0.0151947
PUT-target,128,3,1000,33.9855,0.0301305
PUT-ordered-signal,128,3,1000,67.0991,0.015261
PUT-target,128,4,1000,33.9223,0.0301866
PUT-ordered-signal,128,4,1000,67.678,0.0151305
PUT-target,128,5,1000,33.9427,0.0301685
PUT-ordered-signal,128,5,1000,67.104,0.0152599
PUT-target,8192,1,500,35.7996,1.83063
PUT-ordered-signal,8192,1,500,69.1317,0.947988
PUT-target,8192,2,500,35.9074,1.82514
PUT-ordered-signal,8192,2,500,69.0244,0.949462
PUT-target,8192,3,500,35.884,1.82633
PUT-ordered-signal,8192,3,500,69.5112,0.942812
PUT-target,8192,4,500,35.8196,1.82961
PUT-ordered-signal,8192,4,500,68.8884,0.951335
PUT-target,8192,5,500,35.7686,1.83222
PUT-ordered-signal,8192,5,500,68.7712,0.952957
PUT-target,65536,1,200,44.7994,11.703
PUT-ordered-signal,65536,1,200,78.133,6.7102
PUT-target,65536,2,200,44.8034,11.702
PUT-ordered-signal,65536,2,200,78.92,6.64328
PUT-target,65536,3,200,44.807,11.701
PUT-ordered-signal,65536,3,200,77.8304,6.73629
PUT-target,65536,4,200,44.7166,11.7247
PUT-ordered-signal,65536,4,200,78.0747,6.71521
PUT-target,65536,5,200,44.576,11.7617
PUT-ordered-signal,65536,5,200,78.0014,6.72152
